66.249.65.172 - - [14/Sep/2020:04:04:47 +0000] "GET /ru/item/pisanka-belaya-s-krasnym/ HTTP/1.1" 200 13091 "-" "Mozilla/5.0 (Linux; Android 6.0.1; Nexus 5X Build/MMB29P) AppleWebKit/537.36 (KHTML, like Gecko) Chrome/80.0.3987.92 Mobile Safari/537.36 (compatible; Googlebot/2.1; +http://www.google.com/bot.html)"
66.249.65.172 - - [14/Sep/2020:04:04:52 +0000] "GET /ru/item/svtshot-ditjachij-rzdvjanij/ HTTP/1.1" 200 13345 "-" "Mozilla/5.0 (Linux; Android 6.0.1; Nexus 5X Build/MMB29P) AppleWebKit/537.36 (KHTML, like Gecko) Chrome/80.0.3987.92 Mobile Safari/537.36 (compatible; Googlebot/2.1; +http://www.google.com/bot.html)"
66.249.65.172 - - [14/Sep/2020:04:04:53 +0000] "GET /item/vishita-suknya-charivnist-korotka-chervonij-uzir/ HTTP/1.1" 200 13618 "-" "Mozilla/5.0 (Linux; Android 6.0.1; Nexus 5X Build/MMB29P) AppleWebKit/537.36 (KHTML, like Gecko) Chrome/80.0.3987.92 Mobile Safari/537.36 (compatible; Googlebot/2.1; +http://www.google.com/bot.html)"
37.73.23.148 - - [14/Sep/2020:04:04:56 +0000] "GET /static/img/Mastercard.png HTTP/1.1" 200 1055 "-" "Mozilla/5.0 (Linux; Android 7.1.1; SM-J510H Build/NMF26X; wv) AppleWebKit/537.36 (KHTML, like Gecko) Version/4.0 Chrome/61.0.3163.98 Mobile Safari/537.36"
37.73.23.148 - - [14/Sep/2020:04:04:57 +0000] "GET /static/img/Mastercard.png HTTP/1.1" 200 1055 "-" "Mozilla/5.0 (Linux; Android 7.1.1; SM-J510H Build/NMF26X; wv) AppleWebKit/537.36 (KHTML, like Gecko) Version/4.0 Chrome/61.0.3163.98 Mobile Safari/537.36"
66.249.65.176 - - [14/Sep/2020:04:05:02 +0000] "GET /ru/item/bluza-makova-gratsja-1/ HTTP/1.1" 200 13528 "-" "Mozilla/5.0 (Linux; Android 6.0.1; Nexus 5X Build/MMB29P) AppleWebKit/537.36 (KHTML, like Gecko) Chrome/80.0.3987.92 Mobile Safari/537.36 (compatible; Googlebot/2.1; +http://www.google.com/bot.html)"
66.249.65.174 - - [14/Sep/2020:04:05:12 +0000] "GET /ru/item/bluza-makova-gratsja-6/ HTTP/1.1" 200 13637 "-" "Mozilla/5.0 (Linux; Android 6.0.1; Nexus 5X Build/MMB29P) AppleWebKit/537.36 (KHTML, like Gecko) Chrome/80.0.3987.92 Mobile Safari/537.36 (compatible; Googlebot/2.1; +http://www.google.com/bot.html)"
66.249.65.172 - - [14/Sep/2020:04:05:13 +0000] "GET /ru/item/bluza-makova-gratsja-2/ HTTP/1.1" 200 13592 "-" "Mozilla/5.0 (Linux; Android 6.0.1; Nexus 5X Build/MMB29P) AppleWebKit/537.36 (KHTML, like Gecko) Chrome/80.0.3987.92 Mobile Safari/537.36 (compatible; Googlebot/2.1; +http://www.google.com/bot.html)"
195.54.160.21 - - [14/Sep/2020:04:05:16 +0000] "GET /vendor/phpunit/phpunit/src/Util/PHP/eval-stdin.php HTTP/1.1" 404 1689 "-" "Mozilla/5.0 (Windows NT 10.0; Win64; x64) AppleWebKit/537.36 (KHTML, like Gecko) Chrome/78.0.3904.108 Safari/537.36"
195.54.160.21 - - [14/Sep/2020:04:05:18 +0000] "POST /vendor/phpunit/phpunit/src/Util/PHP/eval-stdin.php HTTP/1.1" 404 1691 "-" "Mozilla/5.0 (Windows NT 10.0; Win64; x64) AppleWebKit/537.36 (KHTML, like Gecko) Chrome/78.0.3904.108 Safari/537.36"
66.249.65.172 - - [14/Sep/2020:04:05:21 +0000] "GET /ru/item/kostjum-trikotazhnij-3/ HTTP/1.1" 200 13666 "-" "Mozilla/5.0 (Linux; Android 6.0.1; Nexus 5X Build/MMB29P) AppleWebKit/537.36 (KHTML, like Gecko) Chrome/80.0.3987.92 Mobile Safari/537.36 (compatible; Googlebot/2.1; +http://www.google.com/bot.html)"
66.249.65.172 - - [14/Sep/2020:04:05:27 +0000] "GET /ru/item/sorochka-cholovcha-ruchna-1/ HTTP/1.1" 200 12055 "-" "Mozilla/5.0 (Linux; Android 6.0.1; Nexus 5X Build/MMB29P) AppleWebKit/537.36 (KHTML, like Gecko) Chrome/80.0.3987.92 Mobile Safari/537.36 (compatible; Googlebot/2.1; +http://www.google.com/bot.html)"
66.249.65.172 - - [14/Sep/2020:04:05:29 +0000] "GET /ru/item/sorochka-cholovcha-24/ HTTP/1.1" 200 11858 "-" "Mozilla/5.0 (Linux; Android 6.0.1; Nexus 5X Build/MMB29P) AppleWebKit/537.36 (KHTML, like Gecko) Chrome/80.0.3987.92 Mobile Safari/537.36 (compatible; Googlebot/2.1; +http://www.google.com/bot.html)"
66.249.65.172 - - [14/Sep/2020:04:05:36 +0000] "GET /ru/item/kostjum-trikotazhnij-1/ HTTP/1.1" 200 13574 "-" "Mozilla/5.0 (Linux; Android 6.0.1; Nexus 5X Build/MMB29P) AppleWebKit/537.36 (KHTML, like Gecko) Chrome/80.0.3987.92 Mobile Safari/537.36 (compatible; Googlebot/2.1; +http://www.google.com/bot.html)"
192.3.220.145 - - [14/Sep/2020:04:05:37 +0000] "GET /vidhuky-ta-propozytsii HTTP/1.0" 301 178 "http://www.sorrento.te.ua/" "Mozilla/5.0 (Macintosh; Intel Mac OS X 10_13_0) AppleWebKit/537.36 (KHTML, like Gecko) Chrome/66.0.3359.139 Safari/537.36"
66.249.65.172 - - [14/Sep/2020:04:05:47 +0000] "GET /ru/item/vishita-suknya-vesnyana-sira/ HTTP/1.1" 200 13157 "-" "Mozilla/5.0 (Linux; Android 6.0.1; Nexus 5X Build/MMB29P) AppleWebKit/537.36 (KHTML, like Gecko) Chrome/80.0.3987.92 Mobile Safari/537.36 (compatible; Googlebot/2.1; +http://www.google.com/bot.html)"
66.249.65.172 - - [14/Sep/2020:04:05:54 +0000] "GET /ru/item/plattya-dityache-veselka/ HTTP/1.1" 200 12454 "-" "Mozilla/5.0 (Linux; Android 6.0.1; Nexus 5X Build/MMB29P) AppleWebKit/537.36 (KHTML, like Gecko) Chrome/80.0.3987.92 Mobile Safari/537.36 (compatible; Googlebot/2.1; +http://www.google.com/bot.html)"
66.249.65.172 - - [14/Sep/2020:04:05:54 +0000] "GET /ru/item/kristina-tzelenaya-s-golubim/ HTTP/1.1" 200 12146 "-" "Mozilla/5.0 (Linux; Android 6.0.1; Nexus 5X Build/MMB29P) AppleWebKit/537.36 (KHTML, like Gecko) Chrome/80.0.3987.92 Mobile Safari/537.36 (compatible; Googlebot/2.1; +http://www.google.com/bot.html)"
66.249.65.172 - - [14/Sep/2020:04:05:56 +0000] "GET /ru/item/sorochka-cholovcha-12/ HTTP/1.1" 200 14090 "-" "Mozilla/5.0 (Linux; Android 6.0.1; Nexus 5X Build/MMB29P) AppleWebKit/537.36 (KHTML, like Gecko) Chrome/80.0.3987.92 Mobile Safari/537.36 (compatible; Googlebot/2.1; +http://www.google.com/bot.html)"
46.135.76.50 - - [14/Sep/2020:04:06:02 +0000] "GET /static/img/Mastercard.png HTTP/1.1" 200 1055 "-" "Mozilla/5.0 (Linux; Android 9; Redmi Note 7 Build/PKQ1.180904.001; wv) AppleWebKit/537.36 (KHTML, like Gecko) Version/4.0 Chrome/72.0.3626.121 Mobile Safari/537.36 Viber/13.7.0.6"
46.135.76.50 - - [14/Sep/2020:04:06:02 +0000] "GET /static/img/Mastercard.png HTTP/1.1" 200 1055 "-" "Mozilla/5.0 (Linux; Android 9; Redmi Note 7 Build/PKQ1.180904.001; wv) AppleWebKit/537.36 (KHTML, like Gecko) Version/4.0 Chrome/72.0.3626.121 Mobile Safari/537.36 Viber/13.7.0.6"
66.249.65.172 - - [14/Sep/2020:04:06:12 +0000] "GET /ru/item/svtshot-ditjachij-rzdvjanij-2/ HTTP/1.1" 200 13413 "-" "Mozilla/5.0 (Linux; Android 6.0.1; Nexus 5X Build/MMB29P) AppleWebKit/537.36 (KHTML, like Gecko) Chrome/80.0.3987.92 Mobile Safari/537.36 (compatible; Googlebot/2.1; +http://www.google.com/bot.html)"
91.231.240.253 - - [14/Sep/2020:04:06:13 +0000] "GET /static/img/Mastercard.png HTTP/1.1" 200 1055 "-" "Mozilla/5.0 (Linux; Android 7.1.2; Redmi 5 Plus Build/N2G47H; wv) AppleWebKit/537.36 (KHTML, like Gecko) Version/4.0 Chrome/61.0.3163.98 Mobile Safari/537.36 Viber/13.7.0.6"
91.231.240.253 - - [14/Sep/2020:04:06:13 +0000] "GET /static/img/Mastercard.png HTTP/1.1" 200 1055 "-" "Mozilla/5.0 (Linux; Android 7.1.2; Redmi 5 Plus Build/N2G47H; wv) AppleWebKit/537.36 (KHTML, like Gecko) Version/4.0 Chrome/61.0.3163.98 Mobile Safari/537.36 Viber/13.7.0.6"
66.249.65.172 - - [14/Sep/2020:04:06:18 +0000] "GET /ru/item/smejn-rzdvjan-svtshoti-10/ HTTP/1.1" 200 13192 "-" "Mozilla/5.0 (Linux; Android 6.0.1; Nexus 5X Build/MMB29P) AppleWebKit/537.36 (KHTML, like Gecko) Chrome/80.0.3987.92 Mobile Safari/537.36 (compatible; Googlebot/2.1; +http://www.google.com/bot.html)"
66.249.65.172 - - [14/Sep/2020:04:06:20 +0000] "GET /ru/item/kostjum-trikotazhnij-8/ HTTP/1.1" 200 13996 "-" "Mozilla/5.0 (Linux; Android 6.0.1; Nexus 5X Build/MMB29P) AppleWebKit/537.36 (KHTML, like Gecko) Chrome/80.0.3987.92 Mobile Safari/537.36 (compatible; Googlebot/2.1; +http://www.google.com/bot.html)"
46.219.231.227 - - [14/Sep/2020:04:06:30 +0000] "GET /static/img/Mastercard.png HTTP/1.1" 200 1055 "-" "Mozilla/5.0 (Linux; Android 8.0.0; SM-G935F Build/R16NW; wv) AppleWebKit/537.36 (KHTML, like Gecko) Version/4.0 Chrome/81.0.4044.111 Mobile Safari/537.36 Viber/13.7.0.6"
46.219.231.227 - - [14/Sep/2020:04:06:30 +0000] "GET /static/img/Mastercard.png HTTP/1.1" 200 1055 "-" "Mozilla/5.0 (Linux; Android 8.0.0; SM-G935F Build/R16NW; wv) AppleWebKit/537.36 (KHTML, like Gecko) Version/4.0 Chrome/81.0.4044.111 Mobile Safari/537.36 Viber/13.7.0.6"
66.249.65.172 - - [14/Sep/2020:04:06:32 +0000] "GET /ru/item/svtshot-ditjachij-rzdvjanij-5/ HTTP/1.1" 200 13625 "-" "Mozilla/5.0 (Linux; Android 6.0.1; Nexus 5X Build/MMB29P) AppleWebKit/537.36 (KHTML, like Gecko) Chrome/80.0.3987.92 Mobile Safari/537.36 (compatible; Googlebot/2.1; +http://www.google.com/bot.html)"
66.249.65.172 - - [14/Sep/2020:04:06:38 +0000] "GET /ru/item/smejn-rzdvjan-svtshoti-11/ HTTP/1.1" 200 12849 "-" "Mozilla/5.0 (Linux; Android 6.0.1; Nexus 5X Build/MMB29P) AppleWebKit/537.36 (KHTML, like Gecko) Chrome/80.0.3987.92 Mobile Safari/537.36 (compatible; Googlebot/2.1; +http://www.google.com/bot.html)"
66.249.65.172 - - [14/Sep/2020:04:06:40 +0000] "GET /ru/item/svtshot-ditjachij-rzdvjanij-8/ HTTP/1.1" 200 13367 "-" "Mozilla/5.0 (Linux; Android 6.0.1; Nexus 5X Build/MMB29P) AppleWebKit/537.36 (KHTML, like Gecko) Chrome/80.0.3987.92 Mobile Safari/537.36 (compatible; Googlebot/2.1; +http://www.google.com/bot.html)"
37.73.223.36 - - [14/Sep/2020:04:06:42 +0000] "GET /static/img/Mastercard.png HTTP/1.1" 200 1055 "-" "Mozilla/5.0 (Linux; Android 9; MI 9 Build/PKQ1.181121.001; wv) AppleWebKit/537.36 (KHTML, like Gecko) Version/4.0 Chrome/71.0.3578.99 Mobile Safari/537.36 Viber/13.7.0.6"
37.73.223.36 - - [14/Sep/2020:04:06:42 +0000] "GET /static/img/Mastercard.png HTTP/1.1" 200 1055 "-" "Mozilla/5.0 (Linux; Android 9; MI 9 Build/PKQ1.181121.001; wv) AppleWebKit/537.36 (KHTML, like Gecko) Version/4.0 Chrome/71.0.3578.99 Mobile Safari/537.36 Viber/13.7.0.6"
66.249.65.172 - - [14/Sep/2020:04:06:49 +0000] "GET /ru/item/svtshot-zorjanij-chervonij/ HTTP/1.1" 200 13538 "-" "Mozilla/5.0 (Linux; Android 6.0.1; Nexus 5X Build/MMB29P) AppleWebKit/537.36 (KHTML, like Gecko) Chrome/80.0.3987.92 Mobile Safari/537.36 (compatible; Googlebot/2.1; +http://www.google.com/bot.html)"
66.249.65.172 - - [14/Sep/2020:04:06:55 +0000] "GET /ru/item/plattja-gerdan-sportivne-2/ HTTP/1.1" 200 13586 "-" "Mozilla/5.0 (Linux; Android 6.0.1; Nexus 5X Build/MMB29P) AppleWebKit/537.36 (KHTML, like Gecko) Chrome/80.0.3987.92 Mobile Safari/537.36 (compatible; Googlebot/2.1; +http://www.google.com/bot.html)"
66.249.65.172 - - [14/Sep/2020:04:06:59 +0000] "GET /ru/item/svtshot-ditjachij-rzdvjanij-3/ HTTP/1.1" 200 13424 "-" "Mozilla/5.0 (Linux; Android 6.0.1; Nexus 5X Build/MMB29P) AppleWebKit/537.36 (KHTML, like Gecko) Chrome/80.0.3987.92 Mobile Safari/537.36 (compatible; Googlebot/2.1; +http://www.google.com/bot.html)"
66.249.65.172 - - [14/Sep/2020:04:07:10 +0000] "GET /ru/item/svtshot-ditjachij-rzdvjanij-1/ HTTP/1.1" 200 13404 "-" "Mozilla/5.0 (Linux; Android 6.0.1; Nexus 5X Build/MMB29P) AppleWebKit/537.36 (KHTML, like Gecko) Chrome/80.0.3987.92 Mobile Safari/537.36 (compatible; Googlebot/2.1; +http://www.google.com/bot.html)"
66.249.65.172 - - [14/Sep/2020:04:07:15 +0000] "GET /ru/item/sorochka-cholovcha-13/ HTTP/1.1" 200 13778 "-" "Mozilla/5.0 (Linux; Android 6.0.1; Nexus 5X Build/MMB29P) AppleWebKit/537.36 (KHTML, like Gecko) Chrome/80.0.3987.92 Mobile Safari/537.36 (compatible; Googlebot/2.1; +http://www.google.com/bot.html)"
66.249.65.172 - - [14/Sep/2020:04:07:19 +0000] "GET /ru/item/kostjum-trikotazhnij-10/ HTTP/1.1" 200 14053 "-" "Mozilla/5.0 (Linux; Android 6.0.1; Nexus 5X Build/MMB29P) AppleWebKit/537.36 (KHTML, like Gecko) Chrome/80.0.3987.92 Mobile Safari/537.36 (compatible; Googlebot/2.1; +http://www.google.com/bot.html)"
66.249.65.172 - - [14/Sep/2020:04:07:30 +0000] "GET /ru/item/kostjum-trikotazhnij-6/ HTTP/1.1" 200 13905 "-" "Mozilla/5.0 (Linux; Android 6.0.1; Nexus 5X Build/MMB29P) AppleWebKit/537.36 (KHTML, like Gecko) Chrome/80.0.3987.92 Mobile Safari/537.36 (compatible; Googlebot/2.1; +http://www.google.com/bot.html)"
66.249.65.172 - - [14/Sep/2020:04:07:31 +0000] "GET /ru/item/palto-dityache-metelik-rozheve/ HTTP/1.1" 200 12407 "-" "Mozilla/5.0 (Linux; Android 6.0.1; Nexus 5X Build/MMB29P) AppleWebKit/537.36 (KHTML, like Gecko) Chrome/80.0.3987.92 Mobile Safari/537.36 (compatible; Googlebot/2.1; +http://www.google.com/bot.html)"
66.249.65.172 - - [14/Sep/2020:04:07:39 +0000] "GET /ru/item/kostjum-trikotazhnij-12/ HTTP/1.1" 200 13750 "-" "Mozilla/5.0 (Linux; Android 6.0.1; Nexus 5X Build/MMB29P) AppleWebKit/537.36 (KHTML, like Gecko) Chrome/80.0.3987.92 Mobile Safari/537.36 (compatible; Googlebot/2.1; +http://www.google.com/bot.html)"
66.249.65.172 - - [14/Sep/2020:04:07:52 +0000] "GET /ru/item/bluzka-voloshkovi-mriyi/ HTTP/1.1" 200 13354 "-" "Mozilla/5.0 (Linux; Android 6.0.1; Nexus 5X Build/MMB29P) AppleWebKit/537.36 (KHTML, like Gecko) Chrome/80.0.3987.92 Mobile Safari/537.36 (compatible; Googlebot/2.1; +http://www.google.com/bot.html)"
66.249.65.172 - - [14/Sep/2020:04:07:59 +0000] "GET /ru/item/kalejdoskop-gorchichnoe/ HTTP/1.1" 200 12373 "-" "Mozilla/5.0 (Linux; Android 6.0.1; Nexus 5X Build/MMB29P) AppleWebKit/537.36 (KHTML, like Gecko) Chrome/80.0.3987.92 Mobile Safari/537.36 (compatible; Googlebot/2.1; +http://www.google.com/bot.html)"
66.249.65.174 - - [14/Sep/2020:04:08:11 +0000] "GET /ru/item/kostjum-trikotazhnij-14/ HTTP/1.1" 200 13718 "-" "Mozilla/5.0 (Linux; Android 6.0.1; Nexus 5X Build/MMB29P) AppleWebKit/537.36 (KHTML, like Gecko) Chrome/80.0.3987.92 Mobile Safari/537.36 (compatible; Googlebot/2.1; +http://www.google.com/bot.html)"
94.153.25.231 - - [14/Sep/2020:04:08:19 +0000] "GET /static/img/Mastercard.png HTTP/1.1" 200 1055 "-" "Mozilla/5.0 (Linux; Android 9; Redmi 7 Build/PKQ1.181021.001; wv) AppleWebKit/537.36 (KHTML, like Gecko) Version/4.0 Chrome/71.0.3578.99 Mobile Safari/537.36 Viber/13.2.0.8"
94.153.25.231 - - [14/Sep/2020:04:08:19 +0000] "GET /static/img/Mastercard.png HTTP/1.1" 200 1055 "-" "Mozilla/5.0 (Linux; Android 9; Redmi 7 Build/PKQ1.181021.001; wv) AppleWebKit/537.36 (KHTML, like Gecko) Version/4.0 Chrome/71.0.3578.99 Mobile Safari/537.36 Viber/13.2.0.8"
66.249.65.172 - - [14/Sep/2020:04:08:20 +0000] "GET /ru/item/svtshot-ditjachij-rzdvjanij-10/ HTTP/1.1" 200 13545 "-" "Mozilla/5.0 (Linux; Android 6.0.1; Nexus 5X Build/MMB29P) AppleWebKit/537.36 (KHTML, like Gecko) Chrome/80.0.3987.92 Mobile Safari/537.36 (compatible; Googlebot/2.1; +http://www.google.com/bot.html)"
66.249.65.172 - - [14/Sep/2020:04:08:30 +0000] "GET /ru/item/svtshot-ditjachij-rzdvjanij-17/ HTTP/1.1" 200 13800 "-" "Mozilla/5.0 (Linux; Android 6.0.1; Nexus 5X Build/MMB29P) AppleWebKit/537.36 (KHTML, like Gecko) Chrome/80.0.3987.92 Mobile Safari/537.36 (compatible; Googlebot/2.1; +http://www.google.com/bot.html)"
66.249.65.172 - - [14/Sep/2020:04:08:42 +0000] "GET /ru/item/svtshot-ditjachij-rzdvjanij-15/ HTTP/1.1" 200 13778 "-" "Mozilla/5.0 (Linux; Android 6.0.1; Nexus 5X Build/MMB29P) AppleWebKit/537.36 (KHTML, like Gecko) Chrome/80.0.3987.92 Mobile Safari/537.36 (compatible; Googlebot/2.1; +http://www.google.com/bot.html)"
66.249.65.172 - - [14/Sep/2020:04:08:52 +0000] "GET /ru/item/kostjum-trikotazhnij-13/ HTTP/1.1" 200 13734 "-" "Mozilla/5.0 (Linux; Android 6.0.1; Nexus 5X Build/MMB29P) AppleWebKit/537.36 (KHTML, like Gecko) Chrome/80.0.3987.92 Mobile Safari/537.36 (compatible; Googlebot/2.1; +http://www.google.com/bot.html)"
66.249.65.172 - - [14/Sep/2020:04:09:11 +0000] "GET /ru/item/svtshot-cholovchij-rzdvjanij-7/ HTTP/1.1" 200 60717 "-" "Mozilla/5.0 (Linux; Android 6.0.1; Nexus 5X Build/MMB29P) AppleWebKit/537.36 (KHTML, like Gecko) Chrome/80.0.3987.92 Mobile Safari/537.36 (compatible; Googlebot/2.1; +http://www.google.com/bot.html)"
66.249.65.172 - - [14/Sep/2020:04:09:20 +0000] "GET /ru/item/plattya-gerdan-sportivne/ HTTP/1.1" 200 13167 "-" "Mozilla/5.0 (Linux; Android 6.0.1; Nexus 5X Build/MMB29P) AppleWebKit/537.36 (KHTML, like Gecko) Chrome/80.0.3987.92 Mobile Safari/537.36 (compatible; Googlebot/2.1; +http://www.google.com/bot.html)"
66.249.65.172 - - [14/Sep/2020:04:09:31 +0000] "GET /ru/item/bluza-kvtkova-fantazja-1/ HTTP/1.1" 200 13544 "-" "Mozilla/5.0 (Linux; Android 6.0.1; Nexus 5X Build/MMB29P) AppleWebKit/537.36 (KHTML, like Gecko) Chrome/80.0.3987.92 Mobile Safari/537.36 (compatible; Googlebot/2.1; +http://www.google.com/bot.html)"
66.249.65.172 - - [14/Sep/2020:04:09:36 +0000] "GET /ru/item/futbolka-cholovicha-orel-sira/ HTTP/1.1" 200 13381 "-" "Mozilla/5.0 (Linux; Android 6.0.1; Nexus 5X Build/MMB29P) AppleWebKit/537.36 (KHTML, like Gecko) Chrome/80.0.3987.92 Mobile Safari/537.36 (compatible; Googlebot/2.1; +http://www.google.com/bot.html)"
66.249.65.172 - - [14/Sep/2020:04:09:42 +0000] "GET /ru/item/krashanka-belaya-s-sinim/ HTTP/1.1" 200 13059 "-" "Mozilla/5.0 (Linux; Android 6.0.1; Nexus 5X Build/MMB29P) AppleWebKit/537.36 (KHTML, like Gecko) Chrome/80.0.3987.92 Mobile Safari/537.36 (compatible; Googlebot/2.1; +http://www.google.com/bot.html)"
66.249.65.172 - - [14/Sep/2020:04:09:53 +0000] "GET /ru/item/svtshot-ditjachij-rzdvjanij-13/ HTTP/1.1" 200 13692 "-" "Mozilla/5.0 (Linux; Android 6.0.1; Nexus 5X Build/MMB29P) AppleWebKit/537.36 (KHTML, like Gecko) Chrome/80.0.3987.92 Mobile Safari/537.36 (compatible; Googlebot/2.1; +http://www.google.com/bot.html)"
91.235.227.181 - - [14/Sep/2020:04:09:57 +0000] "GET /static/dist/img/hero_block3.png HTTP/1.1" 200 36383 "-" "Mozilla/5.0 (Linux; Android 5.1.1; SAMSUNG SM-J320H) AppleWebKit/537.36 (KHTML, like Gecko) SamsungBrowser/12.1 Chrome/79.0.3945.136 Mobile Safari/537.36"
91.235.227.181 - - [14/Sep/2020:04:09:58 +0000] "GET /favicon.ico HTTP/1.1" 404 1679 "https://jcbservice.com.ua/static/dist/img/hero_block3.png" "Mozilla/5.0 (Linux; Android 5.1.1; SAMSUNG SM-J320H) AppleWebKit/537.36 (KHTML, like Gecko) SamsungBrowser/12.1 Chrome/79.0.3945.136 Mobile Safari/537.36"
66.249.65.174 - - [14/Sep/2020:04:10:02 +0000] "GET /ru/item/svtshot-ditjachij-rzdvjanij-16/ HTTP/1.1" 200 13728 "-" "Mozilla/5.0 (Linux; Android 6.0.1; Nexus 5X Build/MMB29P) AppleWebKit/537.36 (KHTML, like Gecko) Chrome/80.0.3987.92 Mobile Safari/537.36 (compatible; Googlebot/2.1; +http://www.google.com/bot.html)"
66.249.73.214 - - [14/Sep/2020:04:10:06 +0000] "GET /robots.txt HTTP/1.1" 301 0 "-" "Mozilla/5.0 (compatible; Googlebot/2.1; +http://www.google.com/bot.html)"
66.249.73.214 - - [14/Sep/2020:04:10:07 +0000] "GET /robots.txt/ HTTP/1.1" 200 65 "-" "Mozilla/5.0 (compatible; Googlebot/2.1; +http://www.google.com/bot.html)"
66.249.73.217 - - [14/Sep/2020:04:10:07 +0000] "GET /member/borovec/ HTTP/1.1" 200 21552 "-" "Mozilla/5.0 (Linux; Android 6.0.1; Nexus 5X Build/MMB29P) AppleWebKit/537.36 (KHTML, like Gecko) Chrome/80.0.3987.92 Mobile Safari/537.36 (compatible; Googlebot/2.1; +http://www.google.com/bot.html)"
66.249.65.172 - - [14/Sep/2020:04:10:12 +0000] "GET /ru/item/smejn-rzdvjan-svtshoti-3/ HTTP/1.1" 200 12685 "-" "Mozilla/5.0 (Linux; Android 6.0.1; Nexus 5X Build/MMB29P) AppleWebKit/537.36 (KHTML, like Gecko) Chrome/80.0.3987.92 Mobile Safari/537.36 (compatible; Googlebot/2.1; +http://www.google.com/bot.html)"
66.249.65.172 - - [14/Sep/2020:04:10:23 +0000] "GET /ru/item/svtshot-vitonchenst-sinj/ HTTP/1.1" 200 13885 "-" "Mozilla/5.0 (Linux; Android 6.0.1; Nexus 5X Build/MMB29P) AppleWebKit/537.36 (KHTML, like Gecko) Chrome/80.0.3987.92 Mobile Safari/537.36 (compatible; Googlebot/2.1; +http://www.google.com/bot.html)"
66.249.65.172 - - [14/Sep/2020:04:10:32 +0000] "GET /ru/item/svtshot-ditjachij-rzdvjanij-18/ HTTP/1.1" 200 13775 "-" "Mozilla/5.0 (Linux; Android 6.0.1; Nexus 5X Build/MMB29P) AppleWebKit/537.36 (KHTML, like Gecko) Chrome/80.0.3987.92 Mobile Safari/537.36 (compatible; Googlebot/2.1; +http://www.google.com/bot.html)"
66.249.65.172 - - [14/Sep/2020:04:10:41 +0000] "GET /ru/item/svtshot-cholovchij-rzdvjanij-13/ HTTP/1.1" 200 13382 "-" "Mozilla/5.0 (Linux; Android 6.0.1; Nexus 5X Build/MMB29P) AppleWebKit/537.36 (KHTML, like Gecko) Chrome/80.0.3987.92 Mobile Safari/537.36 (compatible; Googlebot/2.1; +http://www.google.com/bot.html)"
66.249.65.172 - - [14/Sep/2020:04:10:52 +0000] "GET /ru/item/smejn-rzdvjan-svtshoti-2/ HTTP/1.1" 200 13023 "-" "Mozilla/5.0 (Linux; Android 6.0.1; Nexus 5X Build/MMB29P) AppleWebKit/537.36 (KHTML, like Gecko) Chrome/80.0.3987.92 Mobile Safari/537.36 (compatible; Googlebot/2.1; +http://www.google.com/bot.html)"
66.249.65.172 - - [14/Sep/2020:04:11:03 +0000] "GET /ru/item/bluza-kvtkova-fantazja-2/ HTTP/1.1" 200 13430 "-" "Mozilla/5.0 (Linux; Android 6.0.1; Nexus 5X Build/MMB29P) AppleWebKit/537.36 (KHTML, like Gecko) Chrome/80.0.3987.92 Mobile Safari/537.36 (compatible; Googlebot/2.1; +http://www.google.com/bot.html)"
66.249.65.172 - - [14/Sep/2020:04:11:14 +0000] "GET /ru/item/annichka-zhelto-chernaya/ HTTP/1.1" 200 13289 "-" "Mozilla/5.0 (Linux; Android 6.0.1; Nexus 5X Build/MMB29P) AppleWebKit/537.36 (KHTML, like Gecko) Chrome/80.0.3987.92 Mobile Safari/537.36 (compatible; Googlebot/2.1; +http://www.google.com/bot.html)"
66.249.65.172 - - [14/Sep/2020:04:11:32 +0000] "GET /ru/item/svtshot-kazkoviij-svt-chervonij/ HTTP/1.1" 200 13733 "-" "Mozilla/5.0 (Linux; Android 6.0.1; Nexus 5X Build/MMB29P) AppleWebKit/537.36 (KHTML, like Gecko) Chrome/80.0.3987.92 Mobile Safari/537.36 (compatible; Googlebot/2.1; +http://www.google.com/bot.html)"
31.13.103.6 - - [14/Sep/2020:04:11:35 +0000] "GET / HTTP/1.1" 200 47464 "-" "facebookexternalhit/1.1 (+http://www.facebook.com/externalhit_uatext.php)"
216.18.204.198 - - [14/Sep/2020:04:11:39 +0000] "GET /robots.txt HTTP/1.1" 301 0 "-" "Mozilla/5.0 (compatible; Adsbot/3.1)"
66.249.65.172 - - [14/Sep/2020:04:11:43 +0000] "GET /ru/item/smejn-rzdvjan-svtshoti-6/ HTTP/1.1" 200 12809 "-" "Mozilla/5.0 (Linux; Android 6.0.1; Nexus 5X Build/MMB29P) AppleWebKit/537.36 (KHTML, like Gecko) Chrome/80.0.3987.92 Mobile Safari/537.36 (compatible; Googlebot/2.1; +http://www.google.com/bot.html)"
216.18.204.198 - - [14/Sep/2020:04:11:45 +0000] "GET / HTTP/1.1" 302 5 "-" "Mozilla/5.0 (compatible; Adsbot/3.1)"
66.249.65.172 - - [14/Sep/2020:04:11:52 +0000] "GET /ru/item/smejn-rzdvjan-svtshoti-1/ HTTP/1.1" 200 12933 "-" "Mozilla/5.0 (Linux; Android 6.0.1; Nexus 5X Build/MMB29P) AppleWebKit/537.36 (KHTML, like Gecko) Chrome/80.0.3987.92 Mobile Safari/537.36 (compatible; Googlebot/2.1; +http://www.google.com/bot.html)"
216.18.204.198 - - [14/Sep/2020:04:12:00 +0000] "GET /ru/ HTTP/1.1" 200 8944 "https://www.delfibus.com.ua/" "Mozilla/5.0 (compatible; Adsbot/3.1)"
88.155.118.109 - - [14/Sep/2020:04:12:01 +0000] "GET /static/img/Mastercard.png HTTP/1.1" 200 1055 "-" "Mozilla/5.0 (Linux; Android 9; Redmi Note 8 Pro Build/PPR1.180610.011; wv) AppleWebKit/537.36 (KHTML, like Gecko) Version/4.0 Chrome/80.0.3987.162 Mobile Safari/537.36 Viber/12.8.0.19"
88.155.118.109 - - [14/Sep/2020:04:12:01 +0000] "GET /static/img/Mastercard.png HTTP/1.1" 200 1055 "-" "Mozilla/5.0 (Linux; Android 9; Redmi Note 8 Pro Build/PPR1.180610.011; wv) AppleWebKit/537.36 (KHTML, like Gecko) Version/4.0 Chrome/80.0.3987.162 Mobile Safari/537.36 Viber/12.8.0.19"
66.249.65.174 - - [14/Sep/2020:04:12:01 +0000] "GET /ru/item/futbolka-barvi-lta-sinja/ HTTP/1.1" 200 13363 "-" "Mozilla/5.0 (Linux; Android 6.0.1; Nexus 5X Build/MMB29P) AppleWebKit/537.36 (KHTML, like Gecko) Chrome/80.0.3987.92 Mobile Safari/537.36 (compatible; Googlebot/2.1; +http://www.google.com/bot.html)"
44.235.74.2 - - [14/Sep/2020:04:12:03 +0000] "GET / HTTP/1.1" 301 178 "-" "Mozilla/5.0 (X11; Linux x86_64) AppleWebKit/537.36 (KHTML, like Gecko) Chrome/83.0.4103.97 Safari/537.36"
66.249.65.174 - - [14/Sep/2020:04:12:12 +0000] "GET /ru/item/bluza-polumjanij-vihor-1/ HTTP/1.1" 200 13025 "-" "Mozilla/5.0 (Linux; Android 6.0.1; Nexus 5X Build/MMB29P) AppleWebKit/537.36 (KHTML, like Gecko) Chrome/80.0.3987.92 Mobile Safari/537.36 (compatible; Googlebot/2.1; +http://www.google.com/bot.html)"
216.18.204.198 - - [14/Sep/2020:04:12:13 +0000] "GET /order/ HTTP/1.1" 302 5 "https://www.delfibus.com.ua/" "Mozilla/5.0 (compatible; Adsbot/3.1)"
66.249.65.172 - - [14/Sep/2020:04:12:21 +0000] "GET /ru/item/pisanka-belaya-s-zolotom/ HTTP/1.1" 200 13097 "-" "Mozilla/5.0 (Linux; Android 6.0.1; Nexus 5X Build/MMB29P) AppleWebKit/537.36 (KHTML, like Gecko) Chrome/80.0.3987.92 Mobile Safari/537.36 (compatible; Googlebot/2.1; +http://www.google.com/bot.html)"
66.249.65.172 - - [14/Sep/2020:04:12:30 +0000] "GET /ru/item/bluza-ukranskij-buket-bla/ HTTP/1.1" 200 13375 "-" "Mozilla/5.0 (Linux; Android 6.0.1; Nexus 5X Build/MMB29P) AppleWebKit/537.36 (KHTML, like Gecko) Chrome/80.0.3987.92 Mobile Safari/537.36 (compatible; Googlebot/2.1; +http://www.google.com/bot.html)"
216.18.204.198 - - [14/Sep/2020:04:12:32 +0000] "GET /oferta/ HTTP/1.1" 302 5 "https://www.delfibus.com.ua/" "Mozilla/5.0 (compatible; Adsbot/3.1)"
66.249.65.172 - - [14/Sep/2020:04:12:32 +0000] "GET /ru/item/svtshot-ditjachij-rzdvjanij-11/ HTTP/1.1" 200 13667 "-" "Mozilla/5.0 (Linux; Android 6.0.1; Nexus 5X Build/MMB29P) AppleWebKit/537.36 (KHTML, like Gecko) Chrome/80.0.3987.92 Mobile Safari/537.36 (compatible; Googlebot/2.1; +http://www.google.com/bot.html)"
66.249.65.172 - - [14/Sep/2020:04:12:41 +0000] "GET /ru/item/bluza-ukranskij-buket-sra/ HTTP/1.1" 200 13354 "-" "Mozilla/5.0 (Linux; Android 6.0.1; Nexus 5X Build/MMB29P) AppleWebKit/537.36 (KHTML, like Gecko) Chrome/80.0.3987.92 Mobile Safari/537.36 (compatible; Googlebot/2.1; +http://www.google.com/bot.html)"
216.18.204.198 - - [14/Sep/2020:04:12:44 +0000] "GET /ru/blog/ HTTP/1.1" 200 4848 "https://www.delfibus.com.ua/" "Mozilla/5.0 (compatible; Adsbot/3.1)"
66.249.65.172 - - [14/Sep/2020:04:12:54 +0000] "GET /ru/item/futbolka-magiya-plyus-bila/ HTTP/1.1" 200 13334 "-" "Mozilla/5.0 (Linux; Android 6.0.1; Nexus 5X Build/MMB29P) AppleWebKit/537.36 (KHTML, like Gecko) Chrome/80.0.3987.92 Mobile Safari/537.36 (compatible; Googlebot/2.1; +http://www.google.com/bot.html)"
216.18.204.198 - - [14/Sep/2020:04:13:00 +0000] "GET /ru/park/ HTTP/1.1" 200 15429 "https://www.delfibus.com.ua/" "Mozilla/5.0 (compatible; Adsbot/3.1)"
66.249.65.174 - - [14/Sep/2020:04:13:03 +0000] "GET /ru/item/svitshot-rubin-temno-sinij/ HTTP/1.1" 200 12917 "-" "Mozilla/5.0 (Linux; Android 6.0.1; Nexus 5X Build/MMB29P) AppleWebKit/537.36 (KHTML, like Gecko) Chrome/80.0.3987.92 Mobile Safari/537.36 (compatible; Googlebot/2.1; +http://www.google.com/bot.html)"
213.139.212.23 - - [14/Sep/2020:04:13:13 +0000] "GET /static/img/Mastercard.png HTTP/1.1" 200 1055 "-" "Mozilla/5.0 (Linux; Android 8.1.0; MI 8 Build/OPM1.171019.011; wv) AppleWebKit/537.36 (KHTML, like Gecko) Version/4.0 Chrome/68.0.3440.91 Mobile Safari/537.36 Viber/13.7.0.6"
213.139.212.23 - - [14/Sep/2020:04:13:13 +0000] "GET /static/img/Mastercard.png HTTP/1.1" 200 1055 "-" "Mozilla/5.0 (Linux; Android 8.1.0; MI 8 Build/OPM1.171019.011; wv) AppleWebKit/537.36 (KHTML, like Gecko) Version/4.0 Chrome/68.0.3440.91 Mobile Safari/537.36 Viber/13.7.0.6"
66.249.65.172 - - [14/Sep/2020:04:13:15 +0000] "GET /ru/item/plattja-gerdan-sportivne-1/ HTTP/1.1" 200 13658 "-" "Mozilla/5.0 (Linux; Android 6.0.1; Nexus 5X Build/MMB29P) AppleWebKit/537.36 (KHTML, like Gecko) Chrome/80.0.3987.92 Mobile Safari/537.36 (compatible; Googlebot/2.1; +http://www.google.com/bot.html)"
216.18.204.198 - - [14/Sep/2020:04:13:15 +0000] "GET /about_us/ HTTP/1.1" 302 5 "https://www.delfibus.com.ua/" "Mozilla/5.0 (compatible; Adsbot/3.1)"
66.249.65.172 - - [14/Sep/2020:04:13:28 +0000] "GET /ru/item/plattja-zhivitsja-sportivne/ HTTP/1.1" 200 13458 "-" "Mozilla/5.0 (Linux; Android 6.0.1; Nexus 5X Build/MMB29P) AppleWebKit/537.36 (KHTML, like Gecko) Chrome/80.0.3987.92 Mobile Safari/537.36 (compatible; Googlebot/2.1; +http://www.google.com/bot.html)"
216.18.204.198 - - [14/Sep/2020:04:13:31 +0000] "GET /ru/order/ HTTP/1.1" 200 23415 "https://www.delfibus.com.ua/" "Mozilla/5.0 (compatible; Adsbot/3.1)"
216.18.204.198 - - [14/Sep/2020:04:13:50 +0000] "GET /ru/about_us/ HTTP/1.1" 200 5041 "https://www.delfibus.com.ua/" "Mozilla/5.0 (compatible; Adsbot/3.1)"
66.249.65.172 - - [14/Sep/2020:04:13:52 +0000] "GET /ru/item/kristina-vishnevaya-s-zelenim/ HTTP/1.1" 200 12433 "-" "Mozilla/5.0 (Linux; Android 6.0.1; Nexus 5X Build/MMB29P) AppleWebKit/537.36 (KHTML, like Gecko) Chrome/80.0.3987.92 Mobile Safari/537.36 (compatible; Googlebot/2.1; +http://www.google.com/bot.html)"
216.18.204.198 - - [14/Sep/2020:04:14:04 +0000] "GET /set_lang/ru/ HTTP/1.1" 302 0 "https://www.delfibus.com.ua/" "Mozilla/5.0 (compatible; Adsbot/3.1)"
216.18.204.198 - - [14/Sep/2020:04:14:22 +0000] "GET /set_lang/uk/ HTTP/1.1" 302 0 "https://www.delfibus.com.ua/" "Mozilla/5.0 (compatible; Adsbot/3.1)"
216.18.204.198 - - [14/Sep/2020:04:14:38 +0000] "GET /ru/contact_us/ HTTP/1.1" 200 6582 "https://www.delfibus.com.ua/" "Mozilla/5.0 (compatible; Adsbot/3.1)"
216.18.204.198 - - [14/Sep/2020:04:14:50 +0000] "GET /ru HTTP/1.1" 301 0 "https://www.delfibus.com.ua/" "Mozilla/5.0 (compatible; Adsbot/3.1)"
5.255.253.156 - - [14/Sep/2020:04:14:54 +0000] "GET /item/krem-shantl-shokolad-banan/ HTTP/1.1" 200 8714 "-" "Mozilla/5.0 (compatible; YandexBot/3.0; +http://yandex.com/bots)"
66.249.65.174 - - [14/Sep/2020:04:14:57 +0000] "GET /ru/item/svtshot-cholovchij-rzdvjanij-14/ HTTP/1.1" 200 13573 "-" "Mozilla/5.0 (Linux; Android 6.0.1; Nexus 5X Build/MMB29P) AppleWebKit/537.36 (KHTML, like Gecko) Chrome/80.0.3987.92 Mobile Safari/537.36 (compatible; Googlebot/2.1; +http://www.google.com/bot.html)"
46.211.36.92 - - [14/Sep/2020:04:14:57 +0000] "GET /static/img/Mastercard.png HTTP/1.1" 200 1055 "-" "Mozilla/5.0 (Linux; Android 7.0; SM-J530FM Build/NRD90M; wv) AppleWebKit/537.36 (KHTML, like Gecko) Version/4.0 Chrome/62.0.3202.84 Mobile Safari/537.36 Viber/13.7.0.6"
46.211.36.92 - - [14/Sep/2020:04:14:57 +0000] "GET /static/img/Mastercard.png HTTP/1.1" 200 1055 "-" "Mozilla/5.0 (Linux; Android 7.0; SM-J530FM Build/NRD90M; wv) AppleWebKit/537.36 (KHTML, like Gecko) Version/4.0 Chrome/62.0.3202.84 Mobile Safari/537.36 Viber/13.7.0.6"
216.18.204.198 - - [14/Sep/2020:04:15:05 +0000] "GET /uk HTTP/1.1" 301 0 "https://www.delfibus.com.ua/" "Mozilla/5.0 (compatible; Adsbot/3.1)"
216.18.204.198 - - [14/Sep/2020:04:15:19 +0000] "GET /park/ HTTP/1.1" 302 5 "https://www.delfibus.com.ua/" "Mozilla/5.0 (compatible; Adsbot/3.1)"
66.249.65.174 - - [14/Sep/2020:04:15:19 +0000] "GET /item/bluza-verhovina-8/ HTTP/1.1" 200 12511 "-" "Mozilla/5.0 (Linux; Android 6.0.1; Nexus 5X Build/MMB29P) AppleWebKit/537.36 (KHTML, like Gecko) Chrome/80.0.3987.92 Mobile Safari/537.36 (compatible; Googlebot/2.1; +http://www.google.com/bot.html)"
216.18.204.198 - - [14/Sep/2020:04:15:34 +0000] "GET /ru/oferta/ HTTP/1.1" 200 41993 "https://www.delfibus.com.ua/" "Mozilla/5.0 (compatible; Adsbot/3.1)"
216.18.204.198 - - [14/Sep/2020:04:15:48 +0000] "GET /ru/post/dnepr-borispol-kiev HTTP/1.1" 200 8112 "https://www.delfibus.com.ua/" "Mozilla/5.0 (compatible; Adsbot/3.1)"
216.18.204.198 - - [14/Sep/2020:04:16:01 +0000] "GET /static/img/licenziya_01.jpg HTTP/1.1" 200 163592 "https://www.delfibus.com.ua/" "Mozilla/5.0 (compatible; Adsbot/3.1)"
216.18.204.198 - - [14/Sep/2020:04:16:18 +0000] "GET /static/img/licenziya_02.jpg HTTP/1.1" 200 93677 "https://www.delfibus.com.ua/" "Mozilla/5.0 (compatible; Adsbot/3.1)"
216.18.204.198 - - [14/Sep/2020:04:16:34 +0000] "GET /ru/post/passazhirskie-perevozki-v-evropu HTTP/1.1" 200 7761 "https://www.delfibus.com.ua/" "Mozilla/5.0 (compatible; Adsbot/3.1)"
185.191.171.23 - - [14/Sep/2020:04:16:42 +0000] "GET /item/krem-shantl-svzh-frukti/ HTTP/1.1" 200 8735 "-" "Mozilla/5.0 (compatible; SemrushBot/6~bl; +http://www.semrush.com/bot.html)"
216.18.204.198 - - [14/Sep/2020:04:16:54 +0000] "GET /ru/post/luchshie-byudzhetnye-poezdki-v-evropu HTTP/1.1" 200 7135 "https://www.delfibus.com.ua/" "Mozilla/5.0 (compatible; Adsbot/3.1)"
216.18.204.198 - - [14/Sep/2020:04:17:08 +0000] "GET /ru/post/pochemu-vse-taki-luchshe-arendovat-avtobus HTTP/1.1" 200 7028 "https://www.delfibus.com.ua/" "Mozilla/5.0 (compatible; Adsbot/3.1)"
216.18.204.198 - - [14/Sep/2020:04:17:23 +0000] "GET /ru/post/puteshestvovat-ukrainoj-kak-nikogda-prosto HTTP/1.1" 200 7913 "https://www.delfibus.com.ua/" "Mozilla/5.0 (compatible; Adsbot/3.1)"
131.220.6.152 - - [14/Sep/2020:04:17:32 +0000] "GET / HTTP/1.1" 200 22563 "-" "Mozilla/5.0 (X11; Linux x86_64) AppleWebKit/537.36 (KHTML, like Gecko) Chrome/79.0.3945.79 Safari/537.36"
216.18.204.198 - - [14/Sep/2020:04:17:39 +0000] "GET /ru/post/zakaz-mikroavtobusa-prosto-nedorogo-i-nadezhno HTTP/1.1" 200 7801 "https://www.delfibus.com.ua/" "Mozilla/5.0 (compatible; Adsbot/3.1)"
185.94.192.85 - - [14/Sep/2020:04:17:50 +0000] "GET /vidhuky-ta-propozytsii/ HTTP/1.0" 301 178 "http://sorrento.te.ua/vidhuky-ta-propozytsii/" "Mozilla/5.0 (Windows NT 6.3; Win64; x64) AppleWebKit/537.36 (KHTML, like Gecko) Chrome/67.0.3396.99 Safari/537.36"
185.94.192.85 - - [14/Sep/2020:04:17:50 +0000] "GET /vidhuky-ta-propozytsii/ HTTP/1.0" 404 11676 "https://sorrento.te.ua/vidhuky-ta-propozytsii/" "Mozilla/5.0 (Windows NT 6.3; Win64; x64) AppleWebKit/537.36 (KHTML, like Gecko) Chrome/67.0.3396.99 Safari/537.36"
185.94.192.85 - - [14/Sep/2020:04:17:53 +0000] "GET / HTTP/1.0" 200 110922 "https://sorrento.te.ua/" "Mozilla/5.0 (Windows NT 6.3; Win64; x64) AppleWebKit/537.36 (KHTML, like Gecko) Chrome/67.0.3396.99 Safari/537.36"
185.94.192.85 - - [14/Sep/2020:04:17:54 +0000] "GET /contacts/ HTTP/1.0" 200 33774 "https://sorrento.te.ua/contacts/" "Mozilla/5.0 (Windows NT 6.3; Win64; x64) AppleWebKit/537.36 (KHTML, like Gecko) Chrome/67.0.3396.99 Safari/537.36"
185.94.192.85 - - [14/Sep/2020:04:17:55 +0000] "POST /api/sw_contact/ HTTP/1.0" 200 16 "https://sorrento.te.ua/contacts/" "Mozilla/5.0 (Windows NT 6.3; Win64; x64) AppleWebKit/537.36 (KHTML, like Gecko) Chrome/67.0.3396.99 Safari/537.36"
216.18.204.198 - - [14/Sep/2020:04:17:56 +0000] "GET /ru/post/luchshij-avtotransport-dlya-komfortnyh-poezdok-tolko-u-delfibus HTTP/1.1" 200 8076 "https://www.delfibus.com.ua/" "Mozilla/5.0 (compatible; Adsbot/3.1)"
216.18.204.198 - - [14/Sep/2020:04:18:12 +0000] "GET /uk/ HTTP/1.1" 200 9077 "https://www.delfibus.com.ua/" "Mozilla/5.0 (compatible; Adsbot/3.1)"
216.18.204.198 - - [14/Sep/2020:04:18:26 +0000] "GET /ru/post/ HTTP/1.1" 404 1472 "https://www.delfibus.com.ua/" "Mozilla/5.0 (compatible; Adsbot/3.1)"
216.18.204.198 - - [14/Sep/2020:04:18:40 +0000] "GET /contact_us/ HTTP/1.1" 302 5 "https://www.delfibus.com.ua/" "Mozilla/5.0 (compatible; Adsbot/3.1)"
216.18.204.198 - - [14/Sep/2020:04:18:55 +0000] "GET /uk/blog/ HTTP/1.1" 200 4891 "https://www.delfibus.com.ua/" "Mozilla/5.0 (compatible; Adsbot/3.1)"
216.18.204.198 - - [14/Sep/2020:04:19:10 +0000] "GET /uk/park/ HTTP/1.1" 200 16062 "https://www.delfibus.com.ua/" "Mozilla/5.0 (compatible; Adsbot/3.1)"
216.18.204.198 - - [14/Sep/2020:04:19:22 +0000] "GET /uk/order/ HTTP/1.1" 200 23543 "https://www.delfibus.com.ua/" "Mozilla/5.0 (compatible; Adsbot/3.1)"
46.98.188.171 - - [14/Sep/2020:04:19:32 +0000] "GET /static/img/Mastercard.png HTTP/1.1" 200 1055 "-" "Mozilla/5.0 (Linux; Android 7.0; SM-A520F Build/NRD90M; wv) AppleWebKit/537.36 (KHTML, like Gecko) Version/4.0 Chrome/60.0.3112.116 Mobile Safari/537.36 Viber/13.7.0.6"
46.98.188.171 - - [14/Sep/2020:04:19:32 +0000] "GET /static/img/Mastercard.png HTTP/1.1" 200 1055 "-" "Mozilla/5.0 (Linux; Android 7.0; SM-A520F Build/NRD90M; wv) AppleWebKit/537.36 (KHTML, like Gecko) Version/4.0 Chrome/60.0.3112.116 Mobile Safari/537.36 Viber/13.7.0.6"
216.18.204.198 - - [14/Sep/2020:04:19:38 +0000] "GET /uk/about_us/ HTTP/1.1" 200 5051 "https://www.delfibus.com.ua/" "Mozilla/5.0 (compatible; Adsbot/3.1)"
94.244.156.178 - - [14/Sep/2020:04:19:46 +0000] "GET /static/img/Mastercard.png HTTP/1.1" 200 1055 "-" "Mozilla/5.0 (Linux; Android 9; SM-M205FN Build/PPR1.180610.011; wv) AppleWebKit/537.36 (KHTML, like Gecko) Version/4.0 Chrome/76.0.3809.132 Mobile Safari/537.36 Viber/13.7.0.6"
94.244.156.178 - - [14/Sep/2020:04:19:47 +0000] "GET /static/img/Mastercard.png HTTP/1.1" 200 1055 "-" "Mozilla/5.0 (Linux; Android 9; SM-M205FN Build/PPR1.180610.011; wv) AppleWebKit/537.36 (KHTML, like Gecko) Version/4.0 Chrome/76.0.3809.132 Mobile Safari/537.36 Viber/13.7.0.6"
216.18.204.198 - - [14/Sep/2020:04:19:56 +0000] "GET /uk/contact_us/ HTTP/1.1" 200 6576 "https://www.delfibus.com.ua/" "Mozilla/5.0 (compatible; Adsbot/3.1)"
178.133.185.43 - - [14/Sep/2020:04:20:06 +0000] "GET /static/img/Mastercard.png HTTP/1.1" 200 1055 "-" "Mozilla/5.0 (Linux; Android 6.0.1; SM-J700H Build/MMB29K; wv) AppleWebKit/537.36 (KHTML, like Gecko) Version/4.0 Chrome/69.0.3497.100 Mobile Safari/537.36 Viber/13.7.0.6"
178.133.185.43 - - [14/Sep/2020:04:20:06 +0000] "GET /static/img/Mastercard.png HTTP/1.1" 200 1055 "-" "Mozilla/5.0 (Linux; Android 6.0.1; SM-J700H Build/MMB29K; wv) AppleWebKit/537.36 (KHTML, like Gecko) Version/4.0 Chrome/69.0.3497.100 Mobile Safari/537.36 Viber/13.7.0.6"
216.18.204.198 - - [14/Sep/2020:04:20:11 +0000] "GET /uk/post/dnepr-borispol-kiev HTTP/1.1" 200 7884 "https://www.delfibus.com.ua/" "Mozilla/5.0 (compatible; Adsbot/3.1)"
66.249.65.231 - - [14/Sep/2020:04:20:19 +0000] "GET /static/source/img/main_page/bals2/additional-balls-copy@2x.png HTTP/1.1" 200 13591 "-" "Googlebot-Image/1.0"
216.18.204.198 - - [14/Sep/2020:04:20:26 +0000] "GET /uk/post/passazhirskie-perevozki-v-evropu HTTP/1.1" 200 7736 "https://www.delfibus.com.ua/" "Mozilla/5.0 (compatible; Adsbot/3.1)"
66.249.73.142 - - [14/Sep/2020:04:20:34 +0000] "GET /item_category/salati/ HTTP/1.1" 200 11824 "-" "Mozilla/5.0 (Linux; Android 6.0.1; Nexus 5X Build/MMB29P) AppleWebKit/537.36 (KHTML, like Gecko) Chrome/80.0.3987.92 Mobile Safari/537.36 (compatible; Googlebot/2.1; +http://www.google.com/bot.html)"
45.148.10.28 - - [14/Sep/2020:04:20:36 +0000] "POST /boaform/admin/formLogin HTTP/1.1" 404 134 "http://172.105.77.114:80/admin/login.asp" "Mozilla/5.0 (X11; Ubuntu; Linux x86_64; rv:71.0) Gecko/20100101 Firefox/71.0"
45.148.10.28 - - [14/Sep/2020:04:20:36 +0000] "" 400 0 "-" "-"
46.98.189.151 - - [14/Sep/2020:04:20:37 +0000] "GET /static/img/Mastercard.png HTTP/1.1" 200 1055 "-" "Mozilla/5.0 (Linux; Android 9; Redmi Note 7 Build/PKQ1.180904.001; wv) AppleWebKit/537.36 (KHTML, like Gecko) Version/4.0 Chrome/74.0.3729.136 Mobile Safari/537.36 Viber/13.7.0.6"
46.98.189.151 - - [14/Sep/2020:04:20:37 +0000] "GET /static/img/Mastercard.png HTTP/1.1" 200 1055 "-" "Mozilla/5.0 (Linux; Android 9; Redmi Note 7 Build/PKQ1.180904.001; wv) AppleWebKit/537.36 (KHTML, like Gecko) Version/4.0 Chrome/74.0.3729.136 Mobile Safari/537.36 Viber/13.7.0.6"
216.18.204.198 - - [14/Sep/2020:04:20:40 +0000] "GET /uk/post/luchshie-byudzhetnye-poezdki-v-evropu HTTP/1.1" 200 6957 "https://www.delfibus.com.ua/" "Mozilla/5.0 (compatible; Adsbot/3.1)"
195.54.160.21 - - [14/Sep/2020:04:20:43 +0000] "GET /vendor/phpunit/phpunit/src/Util/PHP/eval-stdin.php HTTP/1.1" 404 196 "-" "Mozilla/5.0 (Windows NT 10.0; Win64; x64) AppleWebKit/537.36 (KHTML, like Gecko) Chrome/78.0.3904.108 Safari/537.36"
216.18.204.198 - - [14/Sep/2020:04:20:59 +0000] "GET /uk/post/pochemu-vse-taki-luchshe-arendovat-avtobus HTTP/1.1" 200 6991 "https://www.delfibus.com.ua/" "Mozilla/5.0 (compatible; Adsbot/3.1)"
216.18.204.198 - - [14/Sep/2020:04:21:16 +0000] "GET /uk/post/puteshestvovat-ukrainoj-kak-nikogda-prosto HTTP/1.1" 200 7806 "https://www.delfibus.com.ua/" "Mozilla/5.0 (compatible; Adsbot/3.1)"
31.182.59.178 - - [14/Sep/2020:04:21:23 +0000] "GET /static/img/Mastercard.png HTTP/1.1" 200 1055 "-" "Mozilla/5.0 (Linux; Android 10; Redmi Note 9 Pro Build/QKQ1.191215.002; wv) AppleWebKit/537.36 (KHTML, like Gecko) Version/4.0 Chrome/80.0.3987.99 Mobile Safari/537.36 Viber/13.7.0.6"
31.182.59.178 - - [14/Sep/2020:04:21:23 +0000] "GET /static/img/Mastercard.png HTTP/1.1" 200 1055 "-" "Mozilla/5.0 (Linux; Android 10; Redmi Note 9 Pro Build/QKQ1.191215.002; wv) AppleWebKit/537.36 (KHTML, like Gecko) Version/4.0 Chrome/80.0.3987.99 Mobile Safari/537.36 Viber/13.7.0.6"
185.191.171.18 - - [14/Sep/2020:04:21:25 +0000] "GET /api/sw_contact/ HTTP/1.1" 200 16 "-" "Mozilla/5.0 (compatible; SemrushBot/6~bl; +http://www.semrush.com/bot.html)"
216.18.204.198 - - [14/Sep/2020:04:21:31 +0000] "GET /uk/post/zakaz-mikroavtobusa-prosto-nedorogo-i-nadezhno HTTP/1.1" 200 8031 "https://www.delfibus.com.ua/" "Mozilla/5.0 (compatible; Adsbot/3.1)"
216.18.204.198 - - [14/Sep/2020:04:21:47 +0000] "GET /uk/post/luchshij-avtotransport-dlya-komfortnyh-poezdok-tolko-u-delfibus HTTP/1.1" 200 8102 "https://www.delfibus.com.ua/" "Mozilla/5.0 (compatible; Adsbot/3.1)"
185.191.171.5 - - [14/Sep/2020:04:22:01 +0000] "GET /robots.txt HTTP/1.1" 301 0 "-" "Mozilla/5.0 (compatible; SemrushBot/6~bl; +http://www.semrush.com/bot.html)"
185.191.171.9 - - [14/Sep/2020:04:22:03 +0000] "GET /robots.txt/ HTTP/1.1" 200 76 "-" "Mozilla/5.0 (compatible; SemrushBot/6~bl; +http://www.semrush.com/bot.html)"
185.191.171.7 - - [14/Sep/2020:04:22:04 +0000] "GET /uk/contact/ HTTP/1.1" 200 9216 "-" "Mozilla/5.0 (compatible; SemrushBot/6~bl; +http://www.semrush.com/bot.html)"
216.18.204.198 - - [14/Sep/2020:04:22:08 +0000] "GET /uk/post/ HTTP/1.1" 404 1473 "https://www.delfibus.com.ua/" "Mozilla/5.0 (compatible; Adsbot/3.1)"
185.177.190.101 - - [14/Sep/2020:04:22:59 +0000] "GET /static/img/Mastercard.png HTTP/1.1" 200 1055 "-" "Mozilla/5.0 (Linux; Android 8.1.0; SM-J710F Build/M1AJQ; wv) AppleWebKit/537.36 (KHTML, like Gecko) Version/4.0 Chrome/70.0.3538.110 Mobile Safari/537.36 Viber/13.4.0.4"
185.177.190.101 - - [14/Sep/2020:04:22:59 +0000] "GET /static/img/Mastercard.png HTTP/1.1" 200 1055 "-" "Mozilla/5.0 (Linux; Android 8.1.0; SM-J710F Build/M1AJQ; wv) AppleWebKit/537.36 (KHTML, like Gecko) Version/4.0 Chrome/70.0.3538.110 Mobile Safari/537.36 Viber/13.4.0.4"
103.235.0.200 - - [14/Sep/2020:04:23:23 +0000] "GET /?q=semalt.com HTTP/1.1" 301 178 "http://google.com/search?q=semalt.com" "Mozilla/5.0 (Windows NT 10.0; Win64; x64) AppleWebKit/537.36 (KHTML, like Gecko) Chrome/74.0.3729.169 Safari/537.36"
94.153.14.37 - - [14/Sep/2020:04:23:40 +0000] "GET /static/img/Mastercard.png HTTP/1.1" 200 1055 "-" "Mozilla/5.0 (Linux; Android 9; SM-G970F Build/PPR1.180610.011; wv) AppleWebKit/537.36 (KHTML, like Gecko) Version/4.0 Chrome/74.0.3729.136 Mobile Safari/537.36 Viber/13.7.0.6"
94.153.14.37 - - [14/Sep/2020:04:23:52 +0000] "GET /static/img/Mastercard.png HTTP/1.1" 200 1055 "-" "Mozilla/5.0 (Linux; Android 9; SM-G970F Build/PPR1.180610.011; wv) AppleWebKit/537.36 (KHTML, like Gecko) Version/4.0 Chrome/74.0.3729.136 Mobile Safari/537.36 Viber/13.7.0.6"
46.211.79.154 - - [14/Sep/2020:04:24:25 +0000] "GET /static/img/Mastercard.png HTTP/1.1" 200 1055 "-" "Mozilla/5.0 (Linux; Android 7.0; KIICAA POWER Build/NRD90M; wv) AppleWebKit/537.36 (KHTML, like Gecko) Version/4.0 Chrome/61.0.3163.98 Mobile Safari/537.36 Viber/12.2.2.1"
46.211.79.154 - - [14/Sep/2020:04:24:25 +0000] "GET /static/img/Mastercard.png HTTP/1.1" 200 1055 "-" "Mozilla/5.0 (Linux; Android 7.0; KIICAA POWER Build/NRD90M; wv) AppleWebKit/537.36 (KHTML, like Gecko) Version/4.0 Chrome/61.0.3163.98 Mobile Safari/537.36 Viber/12.2.2.1"
5.255.253.156 - - [14/Sep/2020:04:24:42 +0000] "GET /post/kubota-2/ HTTP/1.1" 200 12597 "-" "Mozilla/5.0 (compatible; YandexBot/3.0; +http://yandex.com/bots)"
103.94.168.94 - - [14/Sep/2020:04:24:49 +0000] "GET /?q=semalt.com HTTP/1.1" 301 178 "http://google.com/search?q=semalt.com" "Mozilla/5.0 (Windows NT 10.0; Win64; x64) AppleWebKit/537.36 (KHTML, like Gecko) Chrome/74.0.3729.169 Safari/537.36"
66.249.65.227 - - [14/Sep/2020:04:25:46 +0000] "GET /ru/service/logo/ HTTP/1.1" 200 27198 "-" "Mozilla/5.0 (Linux; Android 6.0.1; Nexus 5X Build/MMB29P) AppleWebKit/537.36 (KHTML, like Gecko) Chrome/80.0.3987.92 Mobile Safari/537.36 (compatible; Googlebot/2.1; +http://www.google.com/bot.html)"
66.249.65.231 - - [14/Sep/2020:04:26:11 +0000] "GET /media/logo/dopomoga.png HTTP/1.1" 200 41532 "-" "Googlebot-Image/1.0"
66.249.65.229 - - [14/Sep/2020:04:26:48 +0000] "GET /media/logo/DremLine.jpg HTTP/1.1" 200 32226 "-" "Googlebot-Image/1.0"
46.98.151.35 - - [14/Sep/2020:04:27:55 +0000] "GET /static/img/Mastercard.png HTTP/1.1" 200 1055 "-" "Mozilla/5.0 (Linux; Android 7.1.2; Redmi 5A Build/N2G47H; wv) AppleWebKit/537.36 (KHTML, like Gecko) Version/4.0 Chrome/66.0.3359.158 Mobile Safari/537.36 Viber/12.8.0.13"
46.98.151.35 - - [14/Sep/2020:04:27:55 +0000] "GET /static/img/Mastercard.png HTTP/1.1" 200 1055 "-" "Mozilla/5.0 (Linux; Android 7.1.2; Redmi 5A Build/N2G47H; wv) AppleWebKit/537.36 (KHTML, like Gecko) Version/4.0 Chrome/66.0.3359.158 Mobile Safari/537.36 Viber/12.8.0.13"
176.36.201.32 - - [14/Sep/2020:04:27:56 +0000] "GET /static/img/Mastercard.png HTTP/1.1" 200 1055 "-" "Mozilla/5.0 (Linux; Android 9; Redmi Note 8 Pro Build/PPR1.180610.011; wv) AppleWebKit/537.36 (KHTML, like Gecko) Version/4.0 Chrome/77.0.3865.92 Mobile Safari/537.36 Viber/13.7.0.6"
176.36.201.32 - - [14/Sep/2020:04:27:56 +0000] "GET /static/img/Mastercard.png HTTP/1.1" 200 1055 "-" "Mozilla/5.0 (Linux; Android 9; Redmi Note 8 Pro Build/PPR1.180610.011; wv) AppleWebKit/537.36 (KHTML, like Gecko) Version/4.0 Chrome/77.0.3865.92 Mobile Safari/537.36 Viber/13.7.0.6"
93.75.15.23 - - [14/Sep/2020:04:28:47 +0000] "GET /static/img/Mastercard.png HTTP/1.1" 200 1055 "-" "Mozilla/5.0 (Linux; Android 10; SM-M215F Build/QP1A.190711.020; wv) AppleWebKit/537.36 (KHTML, like Gecko) Version/4.0 Chrome/79.0.3945.116 Mobile Safari/537.36 Viber/13.7.0.6"
93.75.15.23 - - [14/Sep/2020:04:28:47 +0000] "GET /static/img/Mastercard.png HTTP/1.1" 200 1055 "-" "Mozilla/5.0 (Linux; Android 10; SM-M215F Build/QP1A.190711.020; wv) AppleWebKit/537.36 (KHTML, like Gecko) Version/4.0 Chrome/79.0.3945.116 Mobile Safari/537.36 Viber/13.7.0.6"
128.124.33.11 - - [14/Sep/2020:04:29:56 +0000] "GET /static/img/Mastercard.png HTTP/1.1" 200 1055 "-" "Mozilla/5.0 (Linux; Android 7.1.2; Redmi 4X Build/N2G47H; wv) AppleWebKit/537.36 (KHTML, like Gecko) Version/4.0 Chrome/81.0.4044.117 Mobile Safari/537.36 Viber/13.5.0.5"
128.124.33.11 - - [14/Sep/2020:04:29:56 +0000] "GET /static/img/Mastercard.png HTTP/1.1" 200 1055 "-" "Mozilla/5.0 (Linux; Android 7.1.2; Redmi 4X Build/N2G47H; wv) AppleWebKit/537.36 (KHTML, like Gecko) Version/4.0 Chrome/81.0.4044.117 Mobile Safari/537.36 Viber/13.5.0.5"
37.73.129.165 - - [14/Sep/2020:04:30:26 +0000] "GET /static/img/Mastercard.png HTTP/1.1" 200 1055 "-" "Mozilla/5.0 (Linux; Android 9; Redmi Note 8T Build/PKQ1.190616.001; wv) AppleWebKit/537.36 (KHTML, like Gecko) Version/4.0 Chrome/79.0.3945.116 Mobile Safari/537.36 Viber/13.2.0.8"
37.73.129.165 - - [14/Sep/2020:04:30:26 +0000] "GET /static/img/Mastercard.png HTTP/1.1" 200 1055 "-" "Mozilla/5.0 (Linux; Android 9; Redmi Note 8T Build/PKQ1.190616.001; wv) AppleWebKit/537.36 (KHTML, like Gecko) Version/4.0 Chrome/79.0.3945.116 Mobile Safari/537.36 Viber/13.2.0.8"
5.255.253.156 - - [14/Sep/2020:04:30:32 +0000] "GET /item/spagett-bolonze/ HTTP/1.1" 200 8933 "-" "Mozilla/5.0 (compatible; YandexBot/3.0; +http://yandex.com/bots)"
66.249.73.146 - - [14/Sep/2020:04:30:59 +0000] "GET /ru/item_category/salati/ HTTP/1.1" 200 11933 "-" "Mozilla/5.0 (Linux; Android 6.0.1; Nexus 5X Build/MMB29P) AppleWebKit/537.36 (KHTML, like Gecko) Chrome/80.0.3987.92 Mobile Safari/537.36 (compatible; Googlebot/2.1; +http://www.google.com/bot.html)"
185.191.171.22 - - [14/Sep/2020:04:31:26 +0000] "GET /en/item/kuatro-formadzh30-cm/ HTTP/1.1" 200 9243 "-" "Mozilla/5.0 (compatible; SemrushBot/6~bl; +http://www.semrush.com/bot.html)"
128.124.85.224 - - [14/Sep/2020:04:31:41 +0000] "GET /static/img/Mastercard.png HTTP/1.1" 200 1055 "-" "Mozilla/5.0 (Linux; Android 8.0.0; SM-J400F Build/R16NW; wv) AppleWebKit/537.36 (KHTML, like Gecko) Version/4.0 Chrome/66.0.3359.126 Mobile Safari/537.36 Viber/12.8.0.19"
128.124.85.224 - - [14/Sep/2020:04:31:41 +0000] "GET /static/img/Mastercard.png HTTP/1.1" 200 1055 "-" "Mozilla/5.0 (Linux; Android 8.0.0; SM-J400F Build/R16NW; wv) AppleWebKit/537.36 (KHTML, like Gecko) Version/4.0 Chrome/66.0.3359.126 Mobile Safari/537.36 Viber/12.8.0.19"
46.133.129.188 - - [14/Sep/2020:04:31:58 +0000] "GET /ru/?gclid=EAIaIQobChMIgpPci-jn6wIVuyB7Ch2xQA1OEAAYBCAAEgJlQvD_BwE HTTP/1.1" 200 9014 "https://www.google.com/" "Mozilla/5.0 (Linux; Android 9; FIG-LX1) AppleWebKit/537.36 (KHTML, like Gecko) Chrome/85.0.4183.101 Mobile Safari/537.36"
46.133.129.188 - - [14/Sep/2020:04:31:58 +0000] "GET /static/libs/fontawesome-free-5.11.2/css/new_all.min.css HTTP/1.1" 200 2726 "https://www.delfibus.com.ua/ru/?gclid=EAIaIQobChMIgpPci-jn6wIVuyB7Ch2xQA1OEAAYBCAAEgJlQvD_BwE" "Mozilla/5.0 (Linux; Android 9; FIG-LX1) AppleWebKit/537.36 (KHTML, like Gecko) Chrome/85.0.4183.101 Mobile Safari/537.36"
46.133.129.188 - - [14/Sep/2020:04:31:58 +0000] "GET /static/css/jquery.fancybox.min.css HTTP/1.1" 200 12795 "https://www.delfibus.com.ua/ru/?gclid=EAIaIQobChMIgpPci-jn6wIVuyB7Ch2xQA1OEAAYBCAAEgJlQvD_BwE" "Mozilla/5.0 (Linux; Android 9; FIG-LX1) AppleWebKit/537.36 (KHTML, like Gecko) Chrome/85.0.4183.101 Mobile Safari/537.36"
46.133.129.188 - - [14/Sep/2020:04:31:59 +0000] "GET /static/css/slick.min.css HTTP/1.1" 200 1328 "https://www.delfibus.com.ua/ru/?gclid=EAIaIQobChMIgpPci-jn6wIVuyB7Ch2xQA1OEAAYBCAAEgJlQvD_BwE" "Mozilla/5.0 (Linux; Android 9; FIG-LX1) AppleWebKit/537.36 (KHTML, like Gecko) Chrome/85.0.4183.101 Mobile Safari/537.36"
46.133.129.188 - - [14/Sep/2020:04:31:59 +0000] "GET /static/css/slick-theme.min.css HTTP/1.1" 200 1989 "https://www.delfibus.com.ua/ru/?gclid=EAIaIQobChMIgpPci-jn6wIVuyB7Ch2xQA1OEAAYBCAAEgJlQvD_BwE" "Mozilla/5.0 (Linux; Android 9; FIG-LX1) AppleWebKit/537.36 (KHTML, like Gecko) Chrome/85.0.4183.101 Mobile Safari/537.36"
46.133.129.188 - - [14/Sep/2020:04:31:59 +0000] "GET /static/css/datepicker.min.css HTTP/1.1" 200 12257 "https://www.delfibus.com.ua/ru/?gclid=EAIaIQobChMIgpPci-jn6wIVuyB7Ch2xQA1OEAAYBCAAEgJlQvD_BwE" "Mozilla/5.0 (Linux; Android 9; FIG-LX1) AppleWebKit/537.36 (KHTML, like Gecko) Chrome/85.0.4183.101 Mobile Safari/537.36"
