180.163.220.4 - - [14/Sep/2020:03:24:13 +0000] "GET /static/js/current-device.min.js HTTP/1.1" 200 5664 "https://www.margoltd.com/ru/" "Mozilla/5.0 (Linux; U; Android 8.1.0; zh-CN; EML-AL00 Build/HUAWEIEML-AL00) AppleWebKit/537.36 (KHTML, like Gecko) Version/4.0 Chrome/57.0.2987.108 baidu.sogo.uc.UCBrowser/11.9.4.974 UWS/2.13.1.48 Mobile Safari/537.36 AliApp(DingTalk/4.5.11) com.alibaba.android.rimet/10487439 Channel/227200 language/zh-CN"
180.163.220.66 - - [14/Sep/2020:03:24:14 +0000] "GET /static/source/lib/jquery/index.js HTTP/1.1" 200 88144 "https://starway.agency/" "Mozilla/5.0 (Linux; U; Android 8.1.0; zh-CN; EML-AL00 Build/HUAWEIEML-AL00) AppleWebKit/537.36 (KHTML, like Gecko) Version/4.0 Chrome/57.0.2987.108 baidu.sogo.uc.UCBrowser/11.9.4.974 UWS/2.13.1.48 Mobile Safari/537.36 AliApp(DingTalk/4.5.11) com.alibaba.android.rimet/10487439 Channel/227200 language/zh-CN"
180.163.220.5 - - [14/Sep/2020:03:24:14 +0000] "GET /static/source/lib/fullpage/fullpage.min.js HTTP/1.1" 200 37740 "https://starway.agency/" "Mozilla/5.0 (Linux; U; Android 8.1.0; zh-CN; EML-AL00 Build/HUAWEIEML-AL00) AppleWebKit/537.36 (KHTML, like Gecko) Version/4.0 Chrome/57.0.2987.108 baidu.sogo.uc.UCBrowser/11.9.4.974 UWS/2.13.1.48 Mobile Safari/537.36 AliApp(DingTalk/4.5.11) com.alibaba.android.rimet/10487439 Channel/227200 language/zh-CN"
180.163.220.3 - - [14/Sep/2020:03:24:14 +0000] "GET /static/source/lib/slick/slick.min.js HTTP/1.1" 200 43177 "https://starway.agency/" "Mozilla/5.0 (Linux; U; Android 8.1.0; zh-CN; EML-AL00 Build/HUAWEIEML-AL00) AppleWebKit/537.36 (KHTML, like Gecko) Version/4.0 Chrome/57.0.2987.108 baidu.sogo.uc.UCBrowser/11.9.4.974 UWS/2.13.1.48 Mobile Safari/537.36 AliApp(DingTalk/4.5.11) com.alibaba.android.rimet/10487439 Channel/227200 language/zh-CN"
180.163.220.67 - - [14/Sep/2020:03:24:14 +0000] "GET /static/source/lib/validation/validation.min.js HTTP/1.1" 200 23071 "https://starway.agency/" "Mozilla/5.0 (Linux; U; Android 8.1.0; zh-CN; EML-AL00 Build/HUAWEIEML-AL00) AppleWebKit/537.36 (KHTML, like Gecko) Version/4.0 Chrome/57.0.2987.108 baidu.sogo.uc.UCBrowser/11.9.4.974 UWS/2.13.1.48 Mobile Safari/537.36 AliApp(DingTalk/4.5.11) com.alibaba.android.rimet/10487439 Channel/227200 language/zh-CN"
180.163.220.66 - - [14/Sep/2020:03:24:14 +0000] "GET /static/js/modaal.min.js HTTP/1.1" 200 20301 "https://www.margoltd.com/ru/" "Mozilla/5.0 (Linux; U; Android 8.1.0; zh-CN; EML-AL00 Build/HUAWEIEML-AL00) AppleWebKit/537.36 (KHTML, like Gecko) Version/4.0 Chrome/57.0.2987.108 baidu.sogo.uc.UCBrowser/11.9.4.974 UWS/2.13.1.48 Mobile Safari/537.36 AliApp(DingTalk/4.5.11) com.alibaba.android.rimet/10487439 Channel/227200 language/zh-CN"
180.163.220.66 - - [14/Sep/2020:03:24:15 +0000] "GET /static/js/jquery-3.4.1.min.js HTTP/1.1" 200 88145 "https://www.margoltd.com/ru/" "Mozilla/5.0 (Linux; U; Android 8.1.0; zh-CN; EML-AL00 Build/HUAWEIEML-AL00) AppleWebKit/537.36 (KHTML, like Gecko) Version/4.0 Chrome/57.0.2987.108 baidu.sogo.uc.UCBrowser/11.9.4.974 UWS/2.13.1.48 Mobile Safari/537.36 AliApp(DingTalk/4.5.11) com.alibaba.android.rimet/10487439 Channel/227200 language/zh-CN"
180.163.220.68 - - [14/Sep/2020:03:24:15 +0000] "GET /static/source/lib/maskinput/maskinput.js HTTP/1.1" 200 4112 "https://starway.agency/" "Mozilla/5.0 (Linux; U; Android 8.1.0; zh-CN; EML-AL00 Build/HUAWEIEML-AL00) AppleWebKit/537.36 (KHTML, like Gecko) Version/4.0 Chrome/57.0.2987.108 baidu.sogo.uc.UCBrowser/11.9.4.974 UWS/2.13.1.48 Mobile Safari/537.36 AliApp(DingTalk/4.5.11) com.alibaba.android.rimet/10487439 Channel/227200 language/zh-CN"
180.163.220.5 - - [14/Sep/2020:03:24:16 +0000] "GET /static/js/slick.min.js HTTP/1.1" 200 42863 "https://www.margoltd.com/ru/" "Mozilla/5.0 (Linux; U; Android 8.1.0; zh-CN; EML-AL00 Build/HUAWEIEML-AL00) AppleWebKit/537.36 (KHTML, like Gecko) Version/4.0 Chrome/57.0.2987.108 baidu.sogo.uc.UCBrowser/11.9.4.974 UWS/2.13.1.48 Mobile Safari/537.36 AliApp(DingTalk/4.5.11) com.alibaba.android.rimet/10487439 Channel/227200 language/zh-CN"
180.163.220.4 - - [14/Sep/2020:03:24:16 +0000] "GET /static/js/main.js HTTP/1.1" 200 33476 "https://www.margoltd.com/ru/" "Mozilla/5.0 (Linux; U; Android 8.1.0; zh-CN; EML-AL00 Build/HUAWEIEML-AL00) AppleWebKit/537.36 (KHTML, like Gecko) Version/4.0 Chrome/57.0.2987.108 baidu.sogo.uc.UCBrowser/11.9.4.974 UWS/2.13.1.48 Mobile Safari/537.36 AliApp(DingTalk/4.5.11) com.alibaba.android.rimet/10487439 Channel/227200 language/zh-CN"
180.163.220.66 - - [14/Sep/2020:03:24:16 +0000] "GET /static/global.js HTTP/1.1" 200 21564 "https://www.margoltd.com/ru/" "Mozilla/5.0 (Linux; U; Android 8.1.0; zh-CN; EML-AL00 Build/HUAWEIEML-AL00) AppleWebKit/537.36 (KHTML, like Gecko) Version/4.0 Chrome/57.0.2987.108 baidu.sogo.uc.UCBrowser/11.9.4.974 UWS/2.13.1.48 Mobile Safari/537.36 AliApp(DingTalk/4.5.11) com.alibaba.android.rimet/10487439 Channel/227200 language/zh-CN"
180.163.220.67 - - [14/Sep/2020:03:24:16 +0000] "GET /media/services/branding.svg HTTP/1.1" 200 3332 "https://starway.agency/" "Mozilla/5.0 (Linux; U; Android 8.1.0; zh-CN; EML-AL00 Build/HUAWEIEML-AL00) AppleWebKit/537.36 (KHTML, like Gecko) Version/4.0 Chrome/57.0.2987.108 baidu.sogo.uc.UCBrowser/11.9.4.974 UWS/2.13.1.48 Mobile Safari/537.36 AliApp(DingTalk/4.5.11) com.alibaba.android.rimet/10487439 Channel/227200 language/zh-CN"
180.163.220.5 - - [14/Sep/2020:03:24:17 +0000] "GET /media/services/web-development.svg HTTP/1.1" 200 4309 "https://starway.agency/" "Mozilla/5.0 (Linux; U; Android 8.1.0; zh-CN; EML-AL00 Build/HUAWEIEML-AL00) AppleWebKit/537.36 (KHTML, like Gecko) Version/4.0 Chrome/57.0.2987.108 baidu.sogo.uc.UCBrowser/11.9.4.974 UWS/2.13.1.48 Mobile Safari/537.36 AliApp(DingTalk/4.5.11) com.alibaba.android.rimet/10487439 Channel/227200 language/zh-CN"
180.163.220.3 - - [14/Sep/2020:03:24:17 +0000] "GET /media/services/design.svg HTTP/1.1" 200 4093 "https://starway.agency/" "Mozilla/5.0 (Linux; U; Android 8.1.0; zh-CN; EML-AL00 Build/HUAWEIEML-AL00) AppleWebKit/537.36 (KHTML, like Gecko) Version/4.0 Chrome/57.0.2987.108 baidu.sogo.uc.UCBrowser/11.9.4.974 UWS/2.13.1.48 Mobile Safari/537.36 AliApp(DingTalk/4.5.11) com.alibaba.android.rimet/10487439 Channel/227200 language/zh-CN"
180.163.220.66 - - [14/Sep/2020:03:24:17 +0000] "GET /static/source/lib/lazyload/index.js HTTP/1.1" 200 7817 "https://starway.agency/" "Mozilla/5.0 (Linux; U; Android 8.1.0; zh-CN; EML-AL00 Build/HUAWEIEML-AL00) AppleWebKit/537.36 (KHTML, like Gecko) Version/4.0 Chrome/57.0.2987.108 baidu.sogo.uc.UCBrowser/11.9.4.974 UWS/2.13.1.48 Mobile Safari/537.36 AliApp(DingTalk/4.5.11) com.alibaba.android.rimet/10487439 Channel/227200 language/zh-CN"
180.163.220.67 - - [14/Sep/2020:03:24:18 +0000] "GET /static/source/pages/index/index.js HTTP/1.1" 200 66794 "https://starway.agency/" "Mozilla/5.0 (Linux; U; Android 8.1.0; zh-CN; EML-AL00 Build/HUAWEIEML-AL00) AppleWebKit/537.36 (KHTML, like Gecko) Version/4.0 Chrome/57.0.2987.108 baidu.sogo.uc.UCBrowser/11.9.4.974 UWS/2.13.1.48 Mobile Safari/537.36 AliApp(DingTalk/4.5.11) com.alibaba.android.rimet/10487439 Channel/227200 language/zh-CN"
180.163.220.68 - - [14/Sep/2020:03:24:18 +0000] "GET /media/services/advertise.svg HTTP/1.1" 200 4754 "https://starway.agency/" "Mozilla/5.0 (Linux; U; Android 8.1.0; zh-CN; EML-AL00 Build/HUAWEIEML-AL00) AppleWebKit/537.36 (KHTML, like Gecko) Version/4.0 Chrome/57.0.2987.108 baidu.sogo.uc.UCBrowser/11.9.4.974 UWS/2.13.1.48 Mobile Safari/537.36 AliApp(DingTalk/4.5.11) com.alibaba.android.rimet/10487439 Channel/227200 language/zh-CN"
180.163.220.68 - - [14/Sep/2020:03:24:18 +0000] "GET /static/source/img/svg/dot_version1.svg HTTP/1.1" 200 103427 "https://starway.agency/" "Mozilla/5.0 (Linux; U; Android 8.1.0; zh-CN; EML-AL00 Build/HUAWEIEML-AL00) AppleWebKit/537.36 (KHTML, like Gecko) Version/4.0 Chrome/57.0.2987.108 baidu.sogo.uc.UCBrowser/11.9.4.974 UWS/2.13.1.48 Mobile Safari/537.36 AliApp(DingTalk/4.5.11) com.alibaba.android.rimet/10487439 Channel/227200 language/zh-CN"
180.163.220.68 - - [14/Sep/2020:03:24:19 +0000] "GET /media/services/seo.svg HTTP/1.1" 200 4448 "https://starway.agency/" "Mozilla/5.0 (Linux; U; Android 8.1.0; zh-CN; EML-AL00 Build/HUAWEIEML-AL00) AppleWebKit/537.36 (KHTML, like Gecko) Version/4.0 Chrome/57.0.2987.108 baidu.sogo.uc.UCBrowser/11.9.4.974 UWS/2.13.1.48 Mobile Safari/537.36 AliApp(DingTalk/4.5.11) com.alibaba.android.rimet/10487439 Channel/227200 language/zh-CN"
180.163.220.5 - - [14/Sep/2020:03:24:19 +0000] "GET /media/services/smm.svg HTTP/1.1" 200 5252 "https://starway.agency/" "Mozilla/5.0 (Linux; U; Android 8.1.0; zh-CN; EML-AL00 Build/HUAWEIEML-AL00) AppleWebKit/537.36 (KHTML, like Gecko) Version/4.0 Chrome/57.0.2987.108 baidu.sogo.uc.UCBrowser/11.9.4.974 UWS/2.13.1.48 Mobile Safari/537.36 AliApp(DingTalk/4.5.11) com.alibaba.android.rimet/10487439 Channel/227200 language/zh-CN"
180.163.220.66 - - [14/Sep/2020:03:24:19 +0000] "GET /static/source/img/svg/cirle_arrow_left.svg HTTP/1.1" 200 606 "https://starway.agency/" "Mozilla/5.0 (Linux; U; Android 8.1.0; zh-CN; EML-AL00 Build/HUAWEIEML-AL00) AppleWebKit/537.36 (KHTML, like Gecko) Version/4.0 Chrome/57.0.2987.108 baidu.sogo.uc.UCBrowser/11.9.4.974 UWS/2.13.1.48 Mobile Safari/537.36 AliApp(DingTalk/4.5.11) com.alibaba.android.rimet/10487439 Channel/227200 language/zh-CN"
180.163.220.66 - - [14/Sep/2020:03:24:20 +0000] "GET /static/font/HelveticaNeueCyr-Roman.woff HTTP/1.1" 200 15024 "https://www.margoltd.com/static/css/style.min.css" "Mozilla/5.0 (Linux; U; Android 8.1.0; zh-CN; EML-AL00 Build/HUAWEIEML-AL00) AppleWebKit/537.36 (KHTML, like Gecko) Version/4.0 Chrome/57.0.2987.108 baidu.sogo.uc.UCBrowser/11.9.4.974 UWS/2.13.1.48 Mobile Safari/537.36 AliApp(DingTalk/4.5.11) com.alibaba.android.rimet/10487439 Channel/227200 language/zh-CN"
180.163.220.4 - - [14/Sep/2020:03:24:20 +0000] "GET /static/font/HelveticaNeueCyr-Bold.woff HTTP/1.1" 200 14696 "https://www.margoltd.com/static/css/style.min.css" "Mozilla/5.0 (Linux; U; Android 8.1.0; zh-CN; EML-AL00 Build/HUAWEIEML-AL00) AppleWebKit/537.36 (KHTML, like Gecko) Version/4.0 Chrome/57.0.2987.108 baidu.sogo.uc.UCBrowser/11.9.4.974 UWS/2.13.1.48 Mobile Safari/537.36 AliApp(DingTalk/4.5.11) com.alibaba.android.rimet/10487439 Channel/227200 language/zh-CN"
180.163.220.5 - - [14/Sep/2020:03:24:21 +0000] "GET /static/img/visa-logo.png HTTP/1.1" 200 1816 "https://www.margoltd.com/ru/" "Mozilla/5.0 (Linux; U; Android 8.1.0; zh-CN; EML-AL00 Build/HUAWEIEML-AL00) AppleWebKit/537.36 (KHTML, like Gecko) Version/4.0 Chrome/57.0.2987.108 baidu.sogo.uc.UCBrowser/11.9.4.974 UWS/2.13.1.48 Mobile Safari/537.36 AliApp(DingTalk/4.5.11) com.alibaba.android.rimet/10487439 Channel/227200 language/zh-CN"
180.163.220.66 - - [14/Sep/2020:03:24:21 +0000] "GET /static/img/Mastercard.png HTTP/1.1" 200 1055 "https://www.margoltd.com/ru/" "Mozilla/5.0 (Linux; U; Android 8.1.0; zh-CN; EML-AL00 Build/HUAWEIEML-AL00) AppleWebKit/537.36 (KHTML, like Gecko) Version/4.0 Chrome/57.0.2987.108 baidu.sogo.uc.UCBrowser/11.9.4.974 UWS/2.13.1.48 Mobile Safari/537.36 AliApp(DingTalk/4.5.11) com.alibaba.android.rimet/10487439 Channel/227200 language/zh-CN"
180.163.220.66 - - [14/Sep/2020:03:24:23 +0000] "GET /media/page/IMG_1033.png HTTP/1.1" 200 212740 "https://www.margoltd.com/ru/" "Mozilla/5.0 (Linux; U; Android 8.1.0; zh-CN; EML-AL00 Build/HUAWEIEML-AL00) AppleWebKit/537.36 (KHTML, like Gecko) Version/4.0 Chrome/57.0.2987.108 baidu.sogo.uc.UCBrowser/11.9.4.974 UWS/2.13.1.48 Mobile Safari/537.36 AliApp(DingTalk/4.5.11) com.alibaba.android.rimet/10487439 Channel/227200 language/zh-CN"
37.46.243.213 - - [14/Sep/2020:03:25:26 +0000] "GET /static/img/Mastercard.png HTTP/1.1" 200 1055 "-" "Mozilla/5.0 (Linux; Android 8.0.0; SM-A750FN Build/R16NW; wv) AppleWebKit/537.36 (KHTML, like Gecko) Version/4.0 Chrome/68.0.3440.91 Mobile Safari/537.36 Viber/13.7.0.6"
37.46.243.213 - - [14/Sep/2020:03:25:26 +0000] "GET /static/img/Mastercard.png HTTP/1.1" 200 1055 "-" "Mozilla/5.0 (Linux; Android 8.0.0; SM-A750FN Build/R16NW; wv) AppleWebKit/537.36 (KHTML, like Gecko) Version/4.0 Chrome/68.0.3440.91 Mobile Safari/537.36 Viber/13.7.0.6"
46.98.188.144 - - [14/Sep/2020:03:26:01 +0000] "GET /static/img/Mastercard.png HTTP/1.1" 200 1055 "-" "Mozilla/5.0 (Linux; Android 7.0; X60L Build/NRD90M; wv) AppleWebKit/537.36 (KHTML, like Gecko) Version/4.0 Chrome/74.0.3729.157 Mobile Safari/537.36 Viber/13.7.0.6"
46.98.188.144 - - [14/Sep/2020:03:26:01 +0000] "GET /static/img/Mastercard.png HTTP/1.1" 200 1055 "-" "Mozilla/5.0 (Linux; Android 7.0; X60L Build/NRD90M; wv) AppleWebKit/537.36 (KHTML, like Gecko) Version/4.0 Chrome/74.0.3729.157 Mobile Safari/537.36 Viber/13.7.0.6"
5.188.84.119 - - [14/Sep/2020:03:26:17 +0000] "GET /vidhuky-ta-propozytsii/ HTTP/1.0" 301 178 "http://sorrento.te.ua/vidhuky-ta-propozytsii/" "Mozilla/5.0 (Windows NT 10.0; Win64; x64) AppleWebKit/537.36 (KHTML, like Gecko) Chrome/68.0.3440.106 Safari/537.36"
5.188.84.119 - - [14/Sep/2020:03:26:18 +0000] "GET /vidhuky-ta-propozytsii/ HTTP/1.0" 404 11676 "https://sorrento.te.ua/vidhuky-ta-propozytsii/" "Mozilla/5.0 (Windows NT 10.0; Win64; x64) AppleWebKit/537.36 (KHTML, like Gecko) Chrome/68.0.3440.106 Safari/537.36"
5.188.84.119 - - [14/Sep/2020:03:26:20 +0000] "GET / HTTP/1.0" 200 110922 "https://sorrento.te.ua/" "Mozilla/5.0 (Windows NT 10.0; Win64; x64) AppleWebKit/537.36 (KHTML, like Gecko) Chrome/68.0.3440.106 Safari/537.36"
5.188.84.119 - - [14/Sep/2020:03:26:21 +0000] "GET /contacts/ HTTP/1.0" 200 33774 "https://sorrento.te.ua/contacts/" "Mozilla/5.0 (Windows NT 10.0; Win64; x64) AppleWebKit/537.36 (KHTML, like Gecko) Chrome/68.0.3440.106 Safari/537.36"
5.188.84.119 - - [14/Sep/2020:03:26:22 +0000] "POST /api/sw_contact/ HTTP/1.0" 200 16 "https://sorrento.te.ua/contacts/" "Mozilla/5.0 (Windows NT 10.0; Win64; x64) AppleWebKit/537.36 (KHTML, like Gecko) Chrome/68.0.3440.106 Safari/537.36"
185.191.171.12 - - [14/Sep/2020:03:26:50 +0000] "GET /robots.txt HTTP/1.1" 301 0 "-" "Mozilla/5.0 (compatible; SemrushBot/6~bl; +http://www.semrush.com/bot.html)"
185.191.171.4 - - [14/Sep/2020:03:26:52 +0000] "GET /robots.txt/ HTTP/1.1" 200 82 "-" "Mozilla/5.0 (compatible; SemrushBot/6~bl; +http://www.semrush.com/bot.html)"
185.191.171.3 - - [14/Sep/2020:03:26:52 +0000] "GET /en/work/agrolog/ HTTP/1.1" 200 16705 "-" "Mozilla/5.0 (compatible; SemrushBot/6~bl; +http://www.semrush.com/bot.html)"
88.155.24.45 - - [14/Sep/2020:03:26:53 +0000] "GET /static/img/Mastercard.png HTTP/1.1" 200 1055 "-" "Mozilla/5.0 (Linux; Android 9; Redmi 8A Build/PKQ1.190319.001; wv) AppleWebKit/537.36 (KHTML, like Gecko) Version/4.0 Chrome/80.0.3987.99 Mobile Safari/537.36 Viber/13.6.0.2"
88.155.24.45 - - [14/Sep/2020:03:26:53 +0000] "GET /static/img/Mastercard.png HTTP/1.1" 200 1055 "-" "Mozilla/5.0 (Linux; Android 9; Redmi 8A Build/PKQ1.190319.001; wv) AppleWebKit/537.36 (KHTML, like Gecko) Version/4.0 Chrome/80.0.3987.99 Mobile Safari/537.36 Viber/13.6.0.2"
46.98.122.125 - - [14/Sep/2020:03:27:14 +0000] "GET /static/img/Mastercard.png HTTP/1.1" 200 1055 "-" "Mozilla/5.0 (Linux; Android 8.1.0; INE-LX1 Build/HUAWEIINE-LX1; wv) AppleWebKit/537.36 (KHTML, like Gecko) Version/4.0 Chrome/73.0.3683.75 Mobile Safari/537.36 Viber/13.7.0.6"
46.98.122.125 - - [14/Sep/2020:03:27:14 +0000] "GET /static/img/Mastercard.png HTTP/1.1" 200 1055 "-" "Mozilla/5.0 (Linux; Android 8.1.0; INE-LX1 Build/HUAWEIINE-LX1; wv) AppleWebKit/537.36 (KHTML, like Gecko) Version/4.0 Chrome/73.0.3683.75 Mobile Safari/537.36 Viber/13.7.0.6"
46.211.42.173 - - [14/Sep/2020:03:27:21 +0000] "GET /static/img/Mastercard.png HTTP/1.1" 200 1055 "-" "Mozilla/5.0 (Linux; Android 8.0.0; SM-A520F Build/R16NW; wv) AppleWebKit/537.36 (KHTML, like Gecko) Version/4.0 Chrome/81.0.4044.138 Mobile Safari/537.36 Viber/13.7.0.6"
46.211.42.173 - - [14/Sep/2020:03:27:21 +0000] "GET /static/img/Mastercard.png HTTP/1.1" 200 1055 "-" "Mozilla/5.0 (Linux; Android 8.0.0; SM-A520F Build/R16NW; wv) AppleWebKit/537.36 (KHTML, like Gecko) Version/4.0 Chrome/81.0.4044.138 Mobile Safari/537.36 Viber/13.7.0.6"
5.188.62.140 - - [14/Sep/2020:03:27:59 +0000] "GET /admin/login/?next=/admin/ HTTP/1.1" 200 1878 "https://starway.agency/admin/login/?next=/admin/" "Mozilla/5.0 (Windows NT 6.1) AppleWebKit/537.36 (KHTML, like Gecko) Chrome/41.0.2226.0 Safari/537.36"
146.120.222.3 - - [14/Sep/2020:03:27:59 +0000] "GET /static/img/Mastercard.png HTTP/1.1" 200 1055 "-" "Mozilla/5.0 (Linux; Android 9; Redmi Note 8 Pro Build/PPR1.180610.011; wv) AppleWebKit/537.36 (KHTML, like Gecko) Version/4.0 Chrome/84.0.4147.125 Mobile Safari/537.36 Viber/13.7.0.6"
146.120.222.3 - - [14/Sep/2020:03:27:59 +0000] "GET /static/img/Mastercard.png HTTP/1.1" 200 1055 "-" "Mozilla/5.0 (Linux; Android 9; Redmi Note 8 Pro Build/PPR1.180610.011; wv) AppleWebKit/537.36 (KHTML, like Gecko) Version/4.0 Chrome/84.0.4147.125 Mobile Safari/537.36 Viber/13.7.0.6"
5.188.62.140 - - [14/Sep/2020:03:28:00 +0000] "POST /admin/login/?next=/admin/ HTTP/1.1" 200 2052 "https://starway.agency/admin/login/?next=/admin/" "Mozilla/5.0 (Windows NT 6.1) AppleWebKit/537.36 (KHTML, like Gecko) Chrome/41.0.2226.0 Safari/537.36"
5.188.62.140 - - [14/Sep/2020:03:28:00 +0000] "GET /admin/login/?next=/admin/ HTTP/1.1" 200 1870 "https://starway.agency/admin/login/?next=/admin/" "Mozilla/5.0 (Windows NT 6.1) AppleWebKit/537.36 (KHTML, like Gecko) Chrome/41.0.2226.0 Safari/537.36"
5.188.62.140 - - [14/Sep/2020:03:28:01 +0000] "POST /admin/login/?next=/admin/ HTTP/1.1" 200 2057 "https://starway.agency/admin/login/?next=/admin/" "Mozilla/5.0 (Windows NT 6.1) AppleWebKit/537.36 (KHTML, like Gecko) Chrome/41.0.2226.0 Safari/537.36"
66.249.65.176 - - [14/Sep/2020:03:28:23 +0000] "GET /item/kostjum/ HTTP/1.1" 200 14237 "-" "Mozilla/5.0 (Linux; Android 6.0.1; Nexus 5X Build/MMB29P) AppleWebKit/537.36 (KHTML, like Gecko) Chrome/80.0.3987.92 Mobile Safari/537.36 (compatible; Googlebot/2.1; +http://www.google.com/bot.html)"
46.133.133.225 - - [14/Sep/2020:03:28:47 +0000] "GET /static/img/Mastercard.png HTTP/1.1" 200 1055 "-" "Mozilla/5.0 (Linux; Android 9; K12 Build/PPR1.180610.011; wv) AppleWebKit/537.36 (KHTML, like Gecko) Version/4.0 Chrome/72.0.3626.121 Mobile Safari/537.36 Viber/13.5.0.5"
46.133.133.225 - - [14/Sep/2020:03:28:48 +0000] "GET /static/img/Mastercard.png HTTP/1.1" 200 1055 "-" "Mozilla/5.0 (Linux; Android 9; K12 Build/PPR1.180610.011; wv) AppleWebKit/537.36 (KHTML, like Gecko) Version/4.0 Chrome/72.0.3626.121 Mobile Safari/537.36 Viber/13.5.0.5"
46.211.24.112 - - [14/Sep/2020:03:29:31 +0000] "GET /static/img/Mastercard.png HTTP/1.1" 200 1055 "-" "Mozilla/5.0 (Linux; Android 7.0; KIICAA POWER Build/NRD90M; wv) AppleWebKit/537.36 (KHTML, like Gecko) Version/4.0 Chrome/61.0.3163.98 Mobile Safari/537.36 Viber/12.2.2.1"
46.211.24.112 - - [14/Sep/2020:03:29:32 +0000] "GET /static/img/Mastercard.png HTTP/1.1" 200 1055 "-" "Mozilla/5.0 (Linux; Android 7.0; KIICAA POWER Build/NRD90M; wv) AppleWebKit/537.36 (KHTML, like Gecko) Version/4.0 Chrome/61.0.3163.98 Mobile Safari/537.36 Viber/12.2.2.1"
5.255.253.156 - - [14/Sep/2020:03:29:43 +0000] "GET /item/sir-saljam30-cm/ HTTP/1.1" 200 9086 "-" "Mozilla/5.0 (compatible; YandexBot/3.0; +http://yandex.com/bots)"
46.211.2.43 - - [14/Sep/2020:03:29:55 +0000] "GET /static/img/Mastercard.png HTTP/1.1" 200 1055 "-" "Mozilla/5.0 (Linux; Android 7.0; SLA-L22 Build/HUAWEISLA-L22; wv) AppleWebKit/537.36 (KHTML, like Gecko) Version/4.0 Chrome/69.0.3497.100 Mobile Safari/537.36 Viber/12.6.0.5"
46.211.2.43 - - [14/Sep/2020:03:29:55 +0000] "GET /static/img/Mastercard.png HTTP/1.1" 200 1055 "-" "Mozilla/5.0 (Linux; Android 7.0; SLA-L22 Build/HUAWEISLA-L22; wv) AppleWebKit/537.36 (KHTML, like Gecko) Version/4.0 Chrome/69.0.3497.100 Mobile Safari/537.36 Viber/12.6.0.5"
161.35.24.202 - - [14/Sep/2020:03:30:01 +0000] "GET / HTTP/1.1" 301 178 "-" "python-requests/2.24.0"
161.35.24.202 - - [14/Sep/2020:03:30:16 +0000] "GET / HTTP/1.1" 200 14443 "-" "python-requests/2.24.0"
46.98.189.79 - - [14/Sep/2020:03:30:21 +0000] "GET /static/img/Mastercard.png HTTP/1.1" 200 1055 "-" "Mozilla/5.0 (Linux; Android 8.1.0; DRA-L21 Build/HUAWEIDRA-L21; wv) AppleWebKit/537.36 (KHTML, like Gecko) Version/4.0 Chrome/70.0.3538.110 Mobile Safari/537.36"
46.98.189.79 - - [14/Sep/2020:03:30:21 +0000] "GET /static/img/Mastercard.png HTTP/1.1" 200 1055 "-" "Mozilla/5.0 (Linux; Android 8.1.0; DRA-L21 Build/HUAWEIDRA-L21; wv) AppleWebKit/537.36 (KHTML, like Gecko) Version/4.0 Chrome/70.0.3538.110 Mobile Safari/537.36"
94.153.76.223 - - [14/Sep/2020:03:30:28 +0000] "GET /static/img/Mastercard.png HTTP/1.1" 200 1055 "-" "Mozilla/5.0 (Linux; Android 8.0.0; SM-A605FN Build/R16NW; wv) AppleWebKit/537.36 (KHTML, like Gecko) Version/4.0 Chrome/66.0.3359.126 Mobile Safari/537.36 Viber/13.7.0.6"
94.153.76.223 - - [14/Sep/2020:03:30:28 +0000] "GET /static/img/Mastercard.png HTTP/1.1" 200 1055 "-" "Mozilla/5.0 (Linux; Android 8.0.0; SM-A605FN Build/R16NW; wv) AppleWebKit/537.36 (KHTML, like Gecko) Version/4.0 Chrome/66.0.3359.126 Mobile Safari/537.36 Viber/13.7.0.6"
34.242.245.76 - - [14/Sep/2020:03:30:48 +0000] "GET /work/nrg HTTP/1.1" 301 178 "-" "Mozilla/5.0 (Windows NT 6.2; WOW64)"
34.242.245.76 - - [14/Sep/2020:03:30:48 +0000] "GET /work/nrg HTTP/1.1" 301 0 "-" "Mozilla/5.0 (Windows NT 6.2; WOW64)"
34.242.245.76 - - [14/Sep/2020:03:30:48 +0000] "GET /work/nrg/ HTTP/1.1" 301 178 "-" "Mozilla/5.0 (Windows NT 6.2; WOW64)"
34.242.245.76 - - [14/Sep/2020:03:30:49 +0000] "GET /work/nrg/ HTTP/1.1" 200 62478 "-" "Mozilla/5.0 (Windows NT 6.2; WOW64)"
46.211.82.242 - - [14/Sep/2020:03:30:53 +0000] "GET /static/img/Mastercard.png HTTP/1.1" 200 1055 "-" "Mozilla/5.0 (Linux; Android 6.0.1; SM-G532F Build/MMB29T; wv) AppleWebKit/537.36 (KHTML, like Gecko) Version/4.0 Chrome/80.0.3987.162 Mobile Safari/537.36 Viber/13.7.0.6"
46.211.82.242 - - [14/Sep/2020:03:30:53 +0000] "GET /static/img/Mastercard.png HTTP/1.1" 200 1055 "-" "Mozilla/5.0 (Linux; Android 6.0.1; SM-G532F Build/MMB29T; wv) AppleWebKit/537.36 (KHTML, like Gecko) Version/4.0 Chrome/80.0.3987.162 Mobile Safari/537.36 Viber/13.7.0.6"
173.231.59.211 - - [14/Sep/2020:03:31:00 +0000] "GET / HTTP/1.1" 200 22563 "-" "Mozilla/5.0 (compatible; Adsbot/3.1)"
173.231.59.211 - - [14/Sep/2020:03:31:06 +0000] "GET /about/ HTTP/1.1" 200 18107 "https://starway.agency/" "Mozilla/5.0 (compatible; Adsbot/3.1)"
173.231.59.211 - - [14/Sep/2020:03:31:12 +0000] "GET /works/ HTTP/1.1" 200 15553 "https://starway.agency/" "Mozilla/5.0 (compatible; Adsbot/3.1)"
93.78.54.200 - - [14/Sep/2020:03:31:16 +0000] "GET /static/img/Mastercard.png HTTP/1.1" 200 1055 "-" "Mozilla/5.0 (Linux; Android 10; SM-A505FN Build/QP1A.190711.020; wv) AppleWebKit/537.36 (KHTML, like Gecko) Version/4.0 Chrome/78.0.3904.96 Mobile Safari/537.36 Viber/12.1.0.11"
93.78.54.200 - - [14/Sep/2020:03:31:16 +0000] "GET /static/img/Mastercard.png HTTP/1.1" 200 1055 "-" "Mozilla/5.0 (Linux; Android 10; SM-A505FN Build/QP1A.190711.020; wv) AppleWebKit/537.36 (KHTML, like Gecko) Version/4.0 Chrome/78.0.3904.96 Mobile Safari/537.36 Viber/12.1.0.11"
173.231.59.211 - - [14/Sep/2020:03:31:18 +0000] "GET /contact/ HTTP/1.1" 200 16221 "https://starway.agency/" "Mozilla/5.0 (compatible; Adsbot/3.1)"
173.231.59.211 - - [14/Sep/2020:03:31:24 +0000] "GET /services/ HTTP/1.1" 200 22715 "https://starway.agency/" "Mozilla/5.0 (compatible; Adsbot/3.1)"
173.231.59.211 - - [14/Sep/2020:03:31:29 +0000] "GET /work/gao/ HTTP/1.1" 200 17406 "https://starway.agency/" "Mozilla/5.0 (compatible; Adsbot/3.1)"
46.211.26.62 - - [14/Sep/2020:03:31:33 +0000] "GET /static/img/Mastercard.png HTTP/1.1" 200 1055 "-" "Mozilla/5.0 (Linux; Android 9; SM-A920F Build/PPR1.180610.011; wv) AppleWebKit/537.36 (KHTML, like Gecko) Version/4.0 Chrome/77.0.3865.92 Mobile Safari/537.36 Viber/13.7.0.6"
46.211.26.62 - - [14/Sep/2020:03:31:34 +0000] "GET /static/img/Mastercard.png HTTP/1.1" 200 1055 "-" "Mozilla/5.0 (Linux; Android 9; SM-A920F Build/PPR1.180610.011; wv) AppleWebKit/537.36 (KHTML, like Gecko) Version/4.0 Chrome/77.0.3865.92 Mobile Safari/537.36 Viber/13.7.0.6"
46.211.58.122 - - [14/Sep/2020:03:31:35 +0000] "GET /static/img/Mastercard.png HTTP/1.1" 200 1055 "-" "Mozilla/5.0 (Linux; Android 5.1.1; Lenovo A6020a40 Build/LMY47V; wv) AppleWebKit/537.36 (KHTML, like Gecko) Version/4.0 Chrome/46.0.2490.76 Mobile Safari/537.36 Viber/13.5.0.5"
46.211.58.122 - - [14/Sep/2020:03:31:35 +0000] "GET /static/img/Mastercard.png HTTP/1.1" 200 1055 "-" "Mozilla/5.0 (Linux; Android 5.1.1; Lenovo A6020a40 Build/LMY47V; wv) AppleWebKit/537.36 (KHTML, like Gecko) Version/4.0 Chrome/46.0.2490.76 Mobile Safari/537.36 Viber/13.5.0.5"
173.231.59.211 - - [14/Sep/2020:03:31:35 +0000] "GET /work/nrg/ HTTP/1.1" 200 17887 "https://starway.agency/" "Mozilla/5.0 (compatible; Adsbot/3.1)"
173.231.59.211 - - [14/Sep/2020:03:31:41 +0000] "GET /work/scob/ HTTP/1.1" 200 16490 "https://starway.agency/" "Mozilla/5.0 (compatible; Adsbot/3.1)"
173.231.59.211 - - [14/Sep/2020:03:31:47 +0000] "GET /set_lang/en/ HTTP/1.1" 302 0 "https://starway.agency/" "Mozilla/5.0 (compatible; Adsbot/3.1)"
173.231.59.211 - - [14/Sep/2020:03:31:52 +0000] "GET /set_lang/ru/ HTTP/1.1" 302 0 "https://starway.agency/" "Mozilla/5.0 (compatible; Adsbot/3.1)"
37.229.7.178 - - [14/Sep/2020:03:31:55 +0000] "GET /static/img/Mastercard.png HTTP/1.1" 200 1055 "-" "Mozilla/5.0 (Linux; Android 5.1.1; SM-J120H Build/LMY47V; wv) AppleWebKit/537.36 (KHTML, like Gecko) Version/4.0 Chrome/78.0.3904.96 Mobile Safari/537.36 Viber/12.7.0.6"
37.229.7.178 - - [14/Sep/2020:03:31:56 +0000] "GET /static/img/Mastercard.png HTTP/1.1" 200 1055 "-" "Mozilla/5.0 (Linux; Android 5.1.1; SM-J120H Build/LMY47V; wv) AppleWebKit/537.36 (KHTML, like Gecko) Version/4.0 Chrome/78.0.3904.96 Mobile Safari/537.36 Viber/12.7.0.6"
173.231.59.211 - - [14/Sep/2020:03:31:58 +0000] "GET /set_lang/uk/ HTTP/1.1" 302 0 "https://starway.agency/" "Mozilla/5.0 (compatible; Adsbot/3.1)"
173.231.59.211 - - [14/Sep/2020:03:32:04 +0000] "GET /work/mrhome/ HTTP/1.1" 200 17964 "https://starway.agency/" "Mozilla/5.0 (compatible; Adsbot/3.1)"
173.231.59.211 - - [14/Sep/2020:03:32:10 +0000] "GET /work/agrolog/ HTTP/1.1" 200 16784 "https://starway.agency/" "Mozilla/5.0 (compatible; Adsbot/3.1)"
173.231.59.211 - - [14/Sep/2020:03:32:15 +0000] "GET /work/dpf_cleaner/ HTTP/1.1" 200 16715 "https://starway.agency/" "Mozilla/5.0 (compatible; Adsbot/3.1)"
173.231.59.211 - - [14/Sep/2020:03:32:21 +0000] "GET /en/ HTTP/1.1" 200 21666 "https://starway.agency/" "Mozilla/5.0 (compatible; Adsbot/3.1)"
173.231.59.211 - - [14/Sep/2020:03:32:29 +0000] "GET /ru/ HTTP/1.1" 200 22597 "https://starway.agency/" "Mozilla/5.0 (compatible; Adsbot/3.1)"
91.234.77.195 - - [14/Sep/2020:03:32:32 +0000] "GET /static/img/Mastercard.png HTTP/1.1" 200 1055 "-" "Mozilla/5.0 (Linux; Android 9; Redmi Note 8 Pro Build/PPR1.180610.011; wv) AppleWebKit/537.36 (KHTML, like Gecko) Version/4.0 Chrome/77.0.3865.92 Mobile Safari/537.36 Viber/13.7.0.6"
91.234.77.195 - - [14/Sep/2020:03:32:32 +0000] "GET /static/img/Mastercard.png HTTP/1.1" 200 1055 "-" "Mozilla/5.0 (Linux; Android 9; Redmi Note 8 Pro Build/PPR1.180610.011; wv) AppleWebKit/537.36 (KHTML, like Gecko) Version/4.0 Chrome/77.0.3865.92 Mobile Safari/537.36 Viber/13.7.0.6"
109.87.190.195 - - [14/Sep/2020:03:32:35 +0000] "GET /static/img/Mastercard.png HTTP/1.1" 200 1055 "-" "Mozilla/5.0 (Linux; Android 9; P6000_Plus Build/PPR1.180610.011; wv) AppleWebKit/537.36 (KHTML, like Gecko) Version/4.0 Chrome/77.0.3865.116 Mobile Safari/537.36 Viber/13.7.0.6"
109.87.190.195 - - [14/Sep/2020:03:32:35 +0000] "GET /static/img/Mastercard.png HTTP/1.1" 200 1055 "-" "Mozilla/5.0 (Linux; Android 9; P6000_Plus Build/PPR1.180610.011; wv) AppleWebKit/537.36 (KHTML, like Gecko) Version/4.0 Chrome/77.0.3865.116 Mobile Safari/537.36 Viber/13.7.0.6"
173.231.59.211 - - [14/Sep/2020:03:32:35 +0000] "GET /service/logo/ HTTP/1.1" 200 27156 "https://starway.agency/" "Mozilla/5.0 (compatible; Adsbot/3.1)"
173.231.59.211 - - [14/Sep/2020:03:32:43 +0000] "GET /service/media/ HTTP/1.1" 200 17395 "https://starway.agency/" "Mozilla/5.0 (compatible; Adsbot/3.1)"
173.231.59.211 - - [14/Sep/2020:03:32:49 +0000] "GET /service/search/ HTTP/1.1" 200 17442 "https://starway.agency/" "Mozilla/5.0 (compatible; Adsbot/3.1)"
37.73.129.165 - - [14/Sep/2020:03:32:52 +0000] "GET /static/img/Mastercard.png HTTP/1.1" 200 1055 "-" "Mozilla/5.0 (Linux; Android 9; Redmi Note 8T Build/PKQ1.190616.001; wv) AppleWebKit/537.36 (KHTML, like Gecko) Version/4.0 Chrome/79.0.3945.116 Mobile Safari/537.36 Viber/13.2.0.8"
37.73.129.165 - - [14/Sep/2020:03:32:52 +0000] "GET /static/img/Mastercard.png HTTP/1.1" 200 1055 "-" "Mozilla/5.0 (Linux; Android 9; Redmi Note 8T Build/PKQ1.190616.001; wv) AppleWebKit/537.36 (KHTML, like Gecko) Version/4.0 Chrome/79.0.3945.116 Mobile Safari/537.36 Viber/13.2.0.8"
173.231.59.211 - - [14/Sep/2020:03:32:55 +0000] "GET /service/target/ HTTP/1.1" 200 17743 "https://starway.agency/" "Mozilla/5.0 (compatible; Adsbot/3.1)"
173.231.59.211 - - [14/Sep/2020:03:33:01 +0000] "GET /service/aedentic/ HTTP/1.1" 200 17714 "https://starway.agency/" "Mozilla/5.0 (compatible; Adsbot/3.1)"
173.231.59.211 - - [14/Sep/2020:03:33:07 +0000] "GET /service/googlemerch/ HTTP/1.1" 200 17339 "https://starway.agency/" "Mozilla/5.0 (compatible; Adsbot/3.1)"
173.231.59.211 - - [14/Sep/2020:03:33:13 +0000] "GET /service/remarketing/ HTTP/1.1" 200 17286 "https://starway.agency/" "Mozilla/5.0 (compatible; Adsbot/3.1)"
173.231.59.211 - - [14/Sep/2020:03:33:19 +0000] "GET /service_category/seo/ HTTP/1.1" 200 18740 "https://starway.agency/" "Mozilla/5.0 (compatible; Adsbot/3.1)"
173.231.59.211 - - [14/Sep/2020:03:33:25 +0000] "GET /service_category/smm/ HTTP/1.1" 200 18049 "https://starway.agency/" "Mozilla/5.0 (compatible; Adsbot/3.1)"
173.231.59.211 - - [14/Sep/2020:03:33:31 +0000] "GET /service_category/design/ HTTP/1.1" 200 17187 "https://starway.agency/" "Mozilla/5.0 (compatible; Adsbot/3.1)"
66.249.73.217 - - [14/Sep/2020:03:33:35 +0000] "GET /practice/1/ HTTP/1.1" 200 30730 "-" "Mozilla/5.0 (compatible; Googlebot/2.1; +http://www.google.com/bot.html)"
173.231.59.211 - - [14/Sep/2020:03:33:37 +0000] "GET /service_category/development/ HTTP/1.1" 200 19271 "https://starway.agency/" "Mozilla/5.0 (compatible; Adsbot/3.1)"
173.231.59.211 - - [14/Sep/2020:03:33:43 +0000] "GET /static/source/img/works/dpf/dpf.mp4 HTTP/1.1" 200 147207 "https://starway.agency/" "Mozilla/5.0 (compatible; Adsbot/3.1)"
173.231.59.211 - - [14/Sep/2020:03:33:48 +0000] "GET /static/source/img/works/nrg/nrg.mp4 HTTP/1.1" 200 147207 "https://starway.agency/" "Mozilla/5.0 (compatible; Adsbot/3.1)"
5.188.62.140 - - [14/Sep/2020:03:33:51 +0000] "GET /admin/login/?next=/admin/ HTTP/1.1" 200 1879 "https://starway.agency/admin/login/?next=/admin/" "Mozilla/5.0 (Windows NT 6.2) AppleWebKit/537.36 (KHTML, like Gecko) Chrome/41.0.2228.0 Safari/537.36"
5.188.62.140 - - [14/Sep/2020:03:33:52 +0000] "POST /admin/login/?next=/admin/ HTTP/1.1" 200 2058 "https://starway.agency/admin/login/?next=/admin/" "Mozilla/5.0 (Windows NT 6.2) AppleWebKit/537.36 (KHTML, like Gecko) Chrome/41.0.2228.0 Safari/537.36"
5.188.62.140 - - [14/Sep/2020:03:33:52 +0000] "GET /admin/login/?next=/admin/ HTTP/1.1" 200 1877 "https://starway.agency/admin/login/?next=/admin/" "Mozilla/5.0 (Windows NT 6.2) AppleWebKit/537.36 (KHTML, like Gecko) Chrome/41.0.2228.0 Safari/537.36"
5.188.62.140 - - [14/Sep/2020:03:33:53 +0000] "POST /admin/login/?next=/admin/ HTTP/1.1" 200 2054 "https://starway.agency/admin/login/?next=/admin/" "Mozilla/5.0 (Windows NT 6.2) AppleWebKit/537.36 (KHTML, like Gecko) Chrome/41.0.2228.0 Safari/537.36"
173.231.59.211 - - [14/Sep/2020:03:33:54 +0000] "GET /static/source/img/works/agro/agrp.mp4 HTTP/1.1" 200 147207 "https://starway.agency/" "Mozilla/5.0 (compatible; Adsbot/3.1)"
173.231.59.211 - - [14/Sep/2020:03:34:00 +0000] "GET /static/source/img/works/mrHome/home.mp4 HTTP/1.1" 200 163591 "https://starway.agency/" "Mozilla/5.0 (compatible; Adsbot/3.1)"
173.231.59.211 - - [14/Sep/2020:03:34:05 +0000] "GET /en/about/ HTTP/1.1" 200 17424 "https://starway.agency/" "Mozilla/5.0 (compatible; Adsbot/3.1)"
173.231.59.211 - - [14/Sep/2020:03:34:11 +0000] "GET /en/works/ HTTP/1.1" 200 15164 "https://starway.agency/" "Mozilla/5.0 (compatible; Adsbot/3.1)"
173.231.59.211 - - [14/Sep/2020:03:34:17 +0000] "GET /ru/about/ HTTP/1.1" 200 18093 "https://starway.agency/" "Mozilla/5.0 (compatible; Adsbot/3.1)"
173.231.59.211 - - [14/Sep/2020:03:34:23 +0000] "GET /ru/works/ HTTP/1.1" 200 15500 "https://starway.agency/" "Mozilla/5.0 (compatible; Adsbot/3.1)"
173.231.59.211 - - [14/Sep/2020:03:34:28 +0000] "GET /en/contact/ HTTP/1.1" 200 15729 "https://starway.agency/" "Mozilla/5.0 (compatible; Adsbot/3.1)"
212.175.227.146 - - [14/Sep/2020:03:34:30 +0000] "GET /static/img/Mastercard.png HTTP/1.1" 200 1055 "-" "Mozilla/5.0 (Linux; Android 6.0.1; Redmi 4A Build/MMB29M; wv) AppleWebKit/537.36 (KHTML, like Gecko) Version/4.0 Chrome/55.0.2883.91 Mobile Safari/537.36 Viber/13.7.0.6"
178.133.24.58 - - [14/Sep/2020:03:34:30 +0000] "GET /static/img/Mastercard.png HTTP/1.1" 200 1055 "-" "Mozilla/5.0 (Linux; Android 9; SM-A107F Build/PPR1.180610.011; wv) AppleWebKit/537.36 (KHTML, like Gecko) Version/4.0 Chrome/74.0.3729.136 Mobile Safari/537.36 Viber/13.7.0.6"
212.175.227.146 - - [14/Sep/2020:03:34:30 +0000] "GET /static/img/Mastercard.png HTTP/1.1" 200 1055 "-" "Mozilla/5.0 (Linux; Android 6.0.1; Redmi 4A Build/MMB29M; wv) AppleWebKit/537.36 (KHTML, like Gecko) Version/4.0 Chrome/55.0.2883.91 Mobile Safari/537.36 Viber/13.7.0.6"
178.133.24.58 - - [14/Sep/2020:03:34:30 +0000] "GET /static/img/Mastercard.png HTTP/1.1" 200 1055 "-" "Mozilla/5.0 (Linux; Android 9; SM-A107F Build/PPR1.180610.011; wv) AppleWebKit/537.36 (KHTML, like Gecko) Version/4.0 Chrome/74.0.3729.136 Mobile Safari/537.36 Viber/13.7.0.6"
173.231.59.211 - - [14/Sep/2020:03:34:34 +0000] "GET /ru/contact/ HTTP/1.1" 200 16224 "https://starway.agency/" "Mozilla/5.0 (compatible; Adsbot/3.1)"
173.231.59.211 - - [14/Sep/2020:03:34:40 +0000] "GET /en/services/ HTTP/1.1" 200 21544 "https://starway.agency/" "Mozilla/5.0 (compatible; Adsbot/3.1)"
173.231.59.211 - - [14/Sep/2020:03:34:46 +0000] "GET /en/work/gao/ HTTP/1.1" 200 17342 "https://starway.agency/" "Mozilla/5.0 (compatible; Adsbot/3.1)"
173.231.59.211 - - [14/Sep/2020:03:34:52 +0000] "GET /en/work/nrg/ HTTP/1.1" 200 17803 "https://starway.agency/" "Mozilla/5.0 (compatible; Adsbot/3.1)"
46.211.65.251 - - [14/Sep/2020:03:34:56 +0000] "GET /static/img/Mastercard.png HTTP/1.1" 200 1055 "-" "Mozilla/5.0 (Linux; Android 7.1.1; SM-J510FN Build/NMF26X; wv) AppleWebKit/537.36 (KHTML, like Gecko) Version/4.0 Chrome/84.0.4147.111 Mobile Safari/537.36 Viber/13.5.0.5"
173.231.59.211 - - [14/Sep/2020:03:34:58 +0000] "GET /ru/services/ HTTP/1.1" 200 22746 "https://starway.agency/" "Mozilla/5.0 (compatible; Adsbot/3.1)"
173.231.59.211 - - [14/Sep/2020:03:35:04 +0000] "GET /ru/work/gao/ HTTP/1.1" 200 17442 "https://starway.agency/" "Mozilla/5.0 (compatible; Adsbot/3.1)"
173.231.59.211 - - [14/Sep/2020:03:35:10 +0000] "GET /ru/work/nrg/ HTTP/1.1" 200 17903 "https://starway.agency/" "Mozilla/5.0 (compatible; Adsbot/3.1)"
173.231.59.211 - - [14/Sep/2020:03:35:16 +0000] "GET /en/work/scob/ HTTP/1.1" 200 16398 "https://starway.agency/" "Mozilla/5.0 (compatible; Adsbot/3.1)"
173.231.59.211 - - [14/Sep/2020:03:35:21 +0000] "GET /ru/work/scob/ HTTP/1.1" 200 16541 "https://starway.agency/" "Mozilla/5.0 (compatible; Adsbot/3.1)"
173.231.59.211 - - [14/Sep/2020:03:35:27 +0000] "GET /en/work/mrhome/ HTTP/1.1" 200 17913 "https://starway.agency/" "Mozilla/5.0 (compatible; Adsbot/3.1)"
173.231.59.211 - - [14/Sep/2020:03:35:33 +0000] "GET /ru/work/mrhome/ HTTP/1.1" 200 18013 "https://starway.agency/" "Mozilla/5.0 (compatible; Adsbot/3.1)"
173.231.59.211 - - [14/Sep/2020:03:35:39 +0000] "GET /en/work/agrolog/ HTTP/1.1" 200 16705 "https://starway.agency/" "Mozilla/5.0 (compatible; Adsbot/3.1)"
95.46.76.19 - - [14/Sep/2020:03:35:42 +0000] "GET /static/img/Mastercard.png HTTP/1.1" 200 1055 "-" "Mozilla/5.0 (Linux; Android 8.0.0; SM-A750FN Build/R16NW; wv) AppleWebKit/537.36 (KHTML, like Gecko) Version/4.0 Chrome/69.0.3497.100 Mobile Safari/537.36 Viber/13.7.0.6"
95.46.76.19 - - [14/Sep/2020:03:35:42 +0000] "GET /static/img/Mastercard.png HTTP/1.1" 200 1055 "-" "Mozilla/5.0 (Linux; Android 8.0.0; SM-A750FN Build/R16NW; wv) AppleWebKit/537.36 (KHTML, like Gecko) Version/4.0 Chrome/69.0.3497.100 Mobile Safari/537.36 Viber/13.7.0.6"
46.211.13.88 - - [14/Sep/2020:03:35:44 +0000] "GET /static/img/Mastercard.png HTTP/1.1" 200 1055 "-" "Mozilla/5.0 (Linux; Android 9; SM-A107F Build/PPR1.180610.011; wv) AppleWebKit/537.36 (KHTML, like Gecko) Version/4.0 Chrome/74.0.3729.136 Mobile Safari/537.36 Viber/13.7.0.6"
46.211.13.88 - - [14/Sep/2020:03:35:44 +0000] "GET /static/img/Mastercard.png HTTP/1.1" 200 1055 "-" "Mozilla/5.0 (Linux; Android 9; SM-A107F Build/PPR1.180610.011; wv) AppleWebKit/537.36 (KHTML, like Gecko) Version/4.0 Chrome/74.0.3729.136 Mobile Safari/537.36 Viber/13.7.0.6"
46.211.71.112 - - [14/Sep/2020:03:35:44 +0000] "GET /static/img/Mastercard.png HTTP/1.1" 200 1055 "-" "Mozilla/5.0 (Linux; Android 9; Redmi Note 5 Build/PKQ1.180904.001; wv) AppleWebKit/537.36 (KHTML, like Gecko) Version/4.0 Chrome/83.0.4103.106 Mobile Safari/537.36 Viber/13.7.0.6"
46.211.71.112 - - [14/Sep/2020:03:35:44 +0000] "GET /static/img/Mastercard.png HTTP/1.1" 200 1055 "-" "Mozilla/5.0 (Linux; Android 9; Redmi Note 5 Build/PKQ1.180904.001; wv) AppleWebKit/537.36 (KHTML, like Gecko) Version/4.0 Chrome/83.0.4103.106 Mobile Safari/537.36 Viber/13.7.0.6"
94.153.34.236 - - [14/Sep/2020:03:35:45 +0000] "GET /static/img/Mastercard.png HTTP/1.1" 200 1055 "-" "Mozilla/5.0 (Linux; Android 7.0; SM-A510F Build/NRD90M; wv) AppleWebKit/537.36 (KHTML, like Gecko) Version/4.0 Chrome/67.0.3396.87 Mobile Safari/537.36 Viber/13.7.0.6"
94.153.34.236 - - [14/Sep/2020:03:35:45 +0000] "GET /static/img/Mastercard.png HTTP/1.1" 200 1055 "-" "Mozilla/5.0 (Linux; Android 7.0; SM-A510F Build/NRD90M; wv) AppleWebKit/537.36 (KHTML, like Gecko) Version/4.0 Chrome/67.0.3396.87 Mobile Safari/537.36 Viber/13.7.0.6"
173.231.59.211 - - [14/Sep/2020:03:35:45 +0000] "GET /ru/work/agrolog/ HTTP/1.1" 200 16798 "https://starway.agency/" "Mozilla/5.0 (compatible; Adsbot/3.1)"
46.211.49.37 - - [14/Sep/2020:03:35:45 +0000] "GET /static/img/Mastercard.png HTTP/1.1" 200 1055 "-" "Mozilla/5.0 (Linux; Android 10; SM-A515F Build/QP1A.190711.020; wv) AppleWebKit/537.36 (KHTML, like Gecko) Version/4.0 Chrome/80.0.3987.149 Mobile Safari/537.36 Viber/13.5.0.5"
46.211.49.37 - - [14/Sep/2020:03:35:45 +0000] "GET /static/img/Mastercard.png HTTP/1.1" 200 1055 "-" "Mozilla/5.0 (Linux; Android 10; SM-A515F Build/QP1A.190711.020; wv) AppleWebKit/537.36 (KHTML, like Gecko) Version/4.0 Chrome/80.0.3987.149 Mobile Safari/537.36 Viber/13.5.0.5"
178.93.219.155 - - [14/Sep/2020:03:35:47 +0000] "GET /static/img/Mastercard.png HTTP/1.1" 200 1055 "-" "Mozilla/5.0 (Linux; Android 9; Redmi Note 7 Build/PKQ1.180904.001; wv) AppleWebKit/537.36 (KHTML, like Gecko) Version/4.0 Chrome/71.0.3578.99 Mobile Safari/537.36 Viber/13.7.0.6"
178.93.219.155 - - [14/Sep/2020:03:35:47 +0000] "GET /static/img/Mastercard.png HTTP/1.1" 200 1055 "-" "Mozilla/5.0 (Linux; Android 9; Redmi Note 7 Build/PKQ1.180904.001; wv) AppleWebKit/537.36 (KHTML, like Gecko) Version/4.0 Chrome/71.0.3578.99 Mobile Safari/537.36 Viber/13.7.0.6"
91.221.64.6 - - [14/Sep/2020:03:35:47 +0000] "GET /static/img/Mastercard.png HTTP/1.1" 200 1055 "-" "Mozilla/5.0 (Linux; Android 9; Redmi Note 8 Build/PKQ1.190616.001; wv) AppleWebKit/537.36 (KHTML, like Gecko) Version/4.0 Chrome/78.0.3904.108 Mobile Safari/537.36 Viber/13.7.0.6"
91.221.64.6 - - [14/Sep/2020:03:35:47 +0000] "GET /static/img/Mastercard.png HTTP/1.1" 200 1055 "-" "Mozilla/5.0 (Linux; Android 9; Redmi Note 8 Build/PKQ1.190616.001; wv) AppleWebKit/537.36 (KHTML, like Gecko) Version/4.0 Chrome/78.0.3904.108 Mobile Safari/537.36 Viber/13.7.0.6"
91.218.15.14 - - [14/Sep/2020:03:35:49 +0000] "GET /static/img/Mastercard.png HTTP/1.1" 200 1055 "-" "Mozilla/5.0 (Linux; Android 10; SM-A305FN Build/QP1A.190711.020; wv) AppleWebKit/537.36 (KHTML, like Gecko) Version/4.0 Chrome/83.0.4103.96 Mobile Safari/537.36 Viber/13.7.0.6"
91.218.15.14 - - [14/Sep/2020:03:35:49 +0000] "GET /static/img/Mastercard.png HTTP/1.1" 200 1055 "-" "Mozilla/5.0 (Linux; Android 10; SM-A305FN Build/QP1A.190711.020; wv) AppleWebKit/537.36 (KHTML, like Gecko) Version/4.0 Chrome/83.0.4103.96 Mobile Safari/537.36 Viber/13.7.0.6"
178.133.176.187 - - [14/Sep/2020:03:35:50 +0000] "GET /static/img/Mastercard.png HTTP/1.1" 200 1055 "-" "Mozilla/5.0 (Linux; Android 8.1.0; DRA-L21 Build/HUAWEIDRA-L21; wv) AppleWebKit/537.36 (KHTML, like Gecko) Version/4.0 Chrome/67.0.3396.87 Mobile Safari/537.36 Viber/13.7.0.6"
178.133.176.187 - - [14/Sep/2020:03:35:50 +0000] "GET /static/img/Mastercard.png HTTP/1.1" 200 1055 "-" "Mozilla/5.0 (Linux; Android 8.1.0; DRA-L21 Build/HUAWEIDRA-L21; wv) AppleWebKit/537.36 (KHTML, like Gecko) Version/4.0 Chrome/67.0.3396.87 Mobile Safari/537.36 Viber/13.7.0.6"
176.108.24.204 - - [14/Sep/2020:03:35:50 +0000] "GET /static/img/Mastercard.png HTTP/1.1" 200 1055 "-" "Mozilla/5.0 (Linux; Android 7.0; X-TREME PQ39 Build/NRD90M; wv) AppleWebKit/537.36 (KHTML, like Gecko) Version/4.0 Chrome/75.0.3770.143 Mobile Safari/537.36 Viber/13.7.0.6"
176.108.24.204 - - [14/Sep/2020:03:35:51 +0000] "GET /static/img/Mastercard.png HTTP/1.1" 200 1055 "-" "Mozilla/5.0 (Linux; Android 7.0; X-TREME PQ39 Build/NRD90M; wv) AppleWebKit/537.36 (KHTML, like Gecko) Version/4.0 Chrome/75.0.3770.143 Mobile Safari/537.36 Viber/13.7.0.6"
37.73.149.127 - - [14/Sep/2020:03:35:51 +0000] "GET /static/img/Mastercard.png HTTP/1.1" 200 1055 "-" "Mozilla/5.0 (Linux; Android 6.0; M5c Build/MRA58K; wv) AppleWebKit/537.36 (KHTML, like Gecko) Version/4.0 Chrome/44.0.2403.146 Mobile Safari/537.36 Viber/13.7.0.6"
37.73.149.127 - - [14/Sep/2020:03:35:51 +0000] "GET /static/img/Mastercard.png HTTP/1.1" 200 1055 "-" "Mozilla/5.0 (Linux; Android 6.0; M5c Build/MRA58K; wv) AppleWebKit/537.36 (KHTML, like Gecko) Version/4.0 Chrome/44.0.2403.146 Mobile Safari/537.36 Viber/13.7.0.6"
176.122.100.228 - - [14/Sep/2020:03:35:52 +0000] "GET /static/img/Mastercard.png HTTP/1.1" 200 1055 "-" "Mozilla/5.0 (Linux; Android 9; Redmi 7 Build/PKQ1.181021.001; wv) AppleWebKit/537.36 (KHTML, like Gecko) Version/4.0 Chrome/74.0.3729.157 Mobile Safari/537.36 Viber/13.7.0.6"
176.122.100.228 - - [14/Sep/2020:03:35:52 +0000] "GET /static/img/Mastercard.png HTTP/1.1" 200 1055 "-" "Mozilla/5.0 (Linux; Android 9; Redmi 7 Build/PKQ1.181021.001; wv) AppleWebKit/537.36 (KHTML, like Gecko) Version/4.0 Chrome/74.0.3729.157 Mobile Safari/537.36 Viber/13.7.0.6"
173.231.59.211 - - [14/Sep/2020:03:35:52 +0000] "GET /brief/brief_logo/ HTTP/1.1" 200 20619 "https://starway.agency/" "Mozilla/5.0 (compatible; Adsbot/3.1)"
46.211.65.251 - - [14/Sep/2020:03:35:52 +0000] "GET /static/img/Mastercard.png HTTP/1.1" 200 1055 "-" "Mozilla/5.0 (Linux; Android 7.1.1; SM-J510FN Build/NMF26X; wv) AppleWebKit/537.36 (KHTML, like Gecko) Version/4.0 Chrome/84.0.4147.111 Mobile Safari/537.36 Viber/13.5.0.5"
46.211.65.251 - - [14/Sep/2020:03:35:53 +0000] "GET /static/img/Mastercard.png HTTP/1.1" 200 1055 "-" "Mozilla/5.0 (Linux; Android 7.1.1; SM-J510FN Build/NMF26X; wv) AppleWebKit/537.36 (KHTML, like Gecko) Version/4.0 Chrome/84.0.4147.111 Mobile Safari/537.36 Viber/13.5.0.5"
178.133.16.101 - - [14/Sep/2020:03:35:53 +0000] "GET /static/img/Mastercard.png HTTP/1.1" 200 1055 "-" "Mozilla/5.0 (Linux; Android 8.1.0; Mi A2 Lite Build/OPM1.171019.019; wv) AppleWebKit/537.36 (KHTML, like Gecko) Version/4.0 Chrome/67.0.3396.87 Mobile Safari/537.36 Viber/12.3.7.0"
46.98.211.87 - - [14/Sep/2020:03:35:53 +0000] "GET /static/img/Mastercard.png HTTP/1.1" 200 1055 "-" "Mozilla/5.0 (Linux; Android 9; SM-A105F Build/PPR1.180610.011; wv) AppleWebKit/537.36 (KHTML, like Gecko) Version/4.0 Chrome/71.0.3578.99 Mobile Safari/537.36 Viber/13.7.0.6"
178.133.16.101 - - [14/Sep/2020:03:35:53 +0000] "GET /static/img/Mastercard.png HTTP/1.1" 200 1055 "-" "Mozilla/5.0 (Linux; Android 8.1.0; Mi A2 Lite Build/OPM1.171019.019; wv) AppleWebKit/537.36 (KHTML, like Gecko) Version/4.0 Chrome/67.0.3396.87 Mobile Safari/537.36 Viber/12.3.7.0"
46.98.211.87 - - [14/Sep/2020:03:35:53 +0000] "GET /static/img/Mastercard.png HTTP/1.1" 200 1055 "-" "Mozilla/5.0 (Linux; Android 9; SM-A105F Build/PPR1.180610.011; wv) AppleWebKit/537.36 (KHTML, like Gecko) Version/4.0 Chrome/71.0.3578.99 Mobile Safari/537.36 Viber/13.7.0.6"
128.124.216.43 - - [14/Sep/2020:03:35:54 +0000] "GET /static/img/Mastercard.png HTTP/1.1" 200 1055 "-" "Mozilla/5.0 (Linux; Android 10; SM-A515F Build/QP1A.190711.020; wv) AppleWebKit/537.36 (KHTML, like Gecko) Version/4.0 Chrome/84.0.4147.89 Mobile Safari/537.36 Viber/13.7.0.6"
128.124.216.43 - - [14/Sep/2020:03:35:54 +0000] "GET /static/img/Mastercard.png HTTP/1.1" 200 1055 "-" "Mozilla/5.0 (Linux; Android 10; SM-A515F Build/QP1A.190711.020; wv) AppleWebKit/537.36 (KHTML, like Gecko) Version/4.0 Chrome/84.0.4147.89 Mobile Safari/537.36 Viber/13.7.0.6"
188.163.45.67 - - [14/Sep/2020:03:35:54 +0000] "GET /static/img/Mastercard.png HTTP/1.1" 200 1055 "-" "Mozilla/5.0 (Linux; Android 8.1.0; INE-LX1 Build/HUAWEIINE-LX1; wv) AppleWebKit/537.36 (KHTML, like Gecko) Version/4.0 Chrome/65.0.3325.109 Mobile Safari/537.36 Viber/13.7.0.6"
188.163.45.67 - - [14/Sep/2020:03:35:54 +0000] "GET /static/img/Mastercard.png HTTP/1.1" 200 1055 "-" "Mozilla/5.0 (Linux; Android 8.1.0; INE-LX1 Build/HUAWEIINE-LX1; wv) AppleWebKit/537.36 (KHTML, like Gecko) Version/4.0 Chrome/65.0.3325.109 Mobile Safari/537.36 Viber/13.7.0.6"
37.73.0.240 - - [14/Sep/2020:03:35:56 +0000] "GET /static/img/Mastercard.png HTTP/1.1" 200 1055 "-" "Mozilla/5.0 (Linux; Android 7.1.2; Redmi Note 5A Prime Build/N2G47H; wv) AppleWebKit/537.36 (KHTML, like Gecko) Version/4.0 Chrome/78.0.3904.62 Mobile Safari/537.36 Viber/13.7.0.6"
37.73.0.240 - - [14/Sep/2020:03:35:56 +0000] "GET /static/img/Mastercard.png HTTP/1.1" 200 1055 "-" "Mozilla/5.0 (Linux; Android 7.1.2; Redmi Note 5A Prime Build/N2G47H; wv) AppleWebKit/537.36 (KHTML, like Gecko) Version/4.0 Chrome/78.0.3904.62 Mobile Safari/537.36 Viber/13.7.0.6"
46.98.118.136 - - [14/Sep/2020:03:35:56 +0000] "GET /static/img/Mastercard.png HTTP/1.1" 200 1055 "-" "Mozilla/5.0 (Linux; Android 9; Redmi Note 7 Build/PKQ1.180904.001; wv) AppleWebKit/537.36 (KHTML, like Gecko) Version/4.0 Chrome/78.0.3904.96 Mobile Safari/537.36 Viber/13.7.0.6"
62.57.217.217 - - [14/Sep/2020:03:35:56 +0000] "GET /static/img/Mastercard.png HTTP/1.1" 200 1055 "-" "Mozilla/5.0 (Linux; Android 8.0.0; SM-J600FN Build/R16NW; wv) AppleWebKit/537.36 (KHTML, like Gecko) Version/4.0 Chrome/71.0.3578.99 Mobile Safari/537.36 Viber/13.7.0.6"
37.73.7.167 - - [14/Sep/2020:03:35:56 +0000] "GET /static/img/Mastercard.png HTTP/1.1" 200 1055 "-" "Mozilla/5.0 (Linux; Android 9; vivo 1902 Build/PPR1.180610.011; wv) AppleWebKit/537.36 (KHTML, like Gecko) Version/4.0 Chrome/71.0.3578.99 Mobile Safari/537.36 Viber/13.7.0.6"
46.98.118.136 - - [14/Sep/2020:03:35:56 +0000] "GET /static/img/Mastercard.png HTTP/1.1" 200 1055 "-" "Mozilla/5.0 (Linux; Android 9; Redmi Note 7 Build/PKQ1.180904.001; wv) AppleWebKit/537.36 (KHTML, like Gecko) Version/4.0 Chrome/78.0.3904.96 Mobile Safari/537.36 Viber/13.7.0.6"
62.57.217.217 - - [14/Sep/2020:03:35:56 +0000] "GET /static/img/Mastercard.png HTTP/1.1" 200 1055 "-" "Mozilla/5.0 (Linux; Android 8.0.0; SM-J600FN Build/R16NW; wv) AppleWebKit/537.36 (KHTML, like Gecko) Version/4.0 Chrome/71.0.3578.99 Mobile Safari/537.36 Viber/13.7.0.6"
37.73.7.167 - - [14/Sep/2020:03:35:57 +0000] "GET /static/img/Mastercard.png HTTP/1.1" 200 1055 "-" "Mozilla/5.0 (Linux; Android 9; vivo 1902 Build/PPR1.180610.011; wv) AppleWebKit/537.36 (KHTML, like Gecko) Version/4.0 Chrome/71.0.3578.99 Mobile Safari/537.36 Viber/13.7.0.6"
188.163.88.67 - - [14/Sep/2020:03:35:58 +0000] "GET /static/img/Mastercard.png HTTP/1.1" 200 1055 "-" "Mozilla/5.0 (Linux; Android 9; Nokia 6.1 Build/PPR1.180610.011; wv) AppleWebKit/537.36 (KHTML, like Gecko) Version/4.0 Chrome/68.0.3440.91 Mobile Safari/537.36 Viber/13.7.0.6"
188.163.88.67 - - [14/Sep/2020:03:35:58 +0000] "GET /static/img/Mastercard.png HTTP/1.1" 200 1055 "-" "Mozilla/5.0 (Linux; Android 9; Nokia 6.1 Build/PPR1.180610.011; wv) AppleWebKit/537.36 (KHTML, like Gecko) Version/4.0 Chrome/68.0.3440.91 Mobile Safari/537.36 Viber/13.7.0.6"
80.51.152.1 - - [14/Sep/2020:03:36:00 +0000] "GET /static/img/Mastercard.png HTTP/1.1" 200 1055 "-" "Mozilla/5.0 (Linux; Android 8.1.0; X90 Build/O11019; wv) AppleWebKit/537.36 (KHTML, like Gecko) Version/4.0 Chrome/83.0.4103.83 Mobile Safari/537.36 Viber/13.7.0.6"
178.151.199.15 - - [14/Sep/2020:03:36:00 +0000] "GET /static/img/Mastercard.png HTTP/1.1" 200 1055 "-" "Mozilla/5.0 (Linux; Android 8.1.0; ZTE BLADE V9 Build/OPM1.171019.026; wv) AppleWebKit/537.36 (KHTML, like Gecko) Version/4.0 Chrome/68.0.3440.91 Mobile Safari/537.36 Viber/13.7.0.6"
80.51.152.1 - - [14/Sep/2020:03:36:00 +0000] "GET /static/img/Mastercard.png HTTP/1.1" 200 1055 "-" "Mozilla/5.0 (Linux; Android 8.1.0; X90 Build/O11019; wv) AppleWebKit/537.36 (KHTML, like Gecko) Version/4.0 Chrome/83.0.4103.83 Mobile Safari/537.36 Viber/13.7.0.6"
178.151.199.15 - - [14/Sep/2020:03:36:00 +0000] "GET /static/img/Mastercard.png HTTP/1.1" 200 1055 "-" "Mozilla/5.0 (Linux; Android 8.1.0; ZTE BLADE V9 Build/OPM1.171019.026; wv) AppleWebKit/537.36 (KHTML, like Gecko) Version/4.0 Chrome/68.0.3440.91 Mobile Safari/537.36 Viber/13.7.0.6"
91.246.147.240 - - [14/Sep/2020:03:36:00 +0000] "GET /static/img/Mastercard.png HTTP/1.1" 200 1055 "-" "Mozilla/5.0 (Linux; Android 9; SM-A105F Build/PPR1.180610.011; wv) AppleWebKit/537.36 (KHTML, like Gecko) Version/4.0 Chrome/75.0.3770.101 Mobile Safari/537.36 Viber/13.5.0.5"
