209.85.238.230 - - [14/Sep/2020:00:55:21 +0000] "GET /static/js/scrolloverflow.min.js HTTP/1.1" 200 37768 "https://visatut.in.ua/" "Mozilla/5.0 (iPhone; CPU iPhone OS 9_1 like Mac OS X) AppleWebKit/601.1.46 (KHTML, like Gecko) Version/9.0 Mobile/13B143 Safari/601.1 (compatible; AdsBot-Google-Mobile; +http://www.google.com/mobile/adsbot.html)"
209.85.238.230 - - [14/Sep/2020:00:55:45 +0000] "GET /static/css/fonts/slick.woff HTTP/1.1" 404 134 "https://visatut.in.ua/static/css/style.css?v=3" "Mozilla/5.0 (iPhone; CPU iPhone OS 9_1 like Mac OS X) AppleWebKit/601.1.46 (KHTML, like Gecko) Version/9.0 Mobile/13B143 Safari/601.1 (compatible; AdsBot-Google-Mobile; +http://www.google.com/mobile/adsbot.html)"
209.85.238.230 - - [14/Sep/2020:00:55:46 +0000] "GET /static/css/fonts/slick.ttf HTTP/1.1" 404 134 "https://visatut.in.ua/static/css/style.css?v=3" "Mozilla/5.0 (iPhone; CPU iPhone OS 9_1 like Mac OS X) AppleWebKit/601.1.46 (KHTML, like Gecko) Version/9.0 Mobile/13B143 Safari/601.1 (compatible; AdsBot-Google-Mobile; +http://www.google.com/mobile/adsbot.html)"
66.249.65.176 - - [14/Sep/2020:00:56:54 +0000] "GET /item/ivanybluzka-4/ HTTP/1.1" 200 13338 "-" "Mozilla/5.0 (compatible; Googlebot/2.1; +http://www.google.com/bot.html)"
66.249.65.176 - - [14/Sep/2020:00:57:04 +0000] "GET /item/bluza-galichanka-4/ HTTP/1.1" 200 14169 "-" "Mozilla/5.0 (Linux; Android 6.0.1; Nexus 5X Build/MMB29P) AppleWebKit/537.36 (KHTML, like Gecko) Chrome/80.0.3987.92 Mobile Safari/537.36 (compatible; Googlebot/2.1; +http://www.google.com/bot.html)"
40.77.190.174 - - [14/Sep/2020:00:57:30 +0000] "GET /static/css/modaal.min.css HTTP/1.1" 200 13578 "-" "Mozilla/5.0 (Windows NT 6.1; WOW64) AppleWebKit/534+ (KHTML, like Gecko) BingPreview/1.0b"
40.77.188.10 - - [14/Sep/2020:00:57:30 +0000] "GET /static/js/swiper.min.js HTTP/1.1" 200 128745 "-" "Mozilla/5.0 (Windows NT 6.1; WOW64) AppleWebKit/534+ (KHTML, like Gecko) BingPreview/1.0b"
40.77.190.181 - - [14/Sep/2020:00:57:30 +0000] "GET /static/js/modaal.min.js HTTP/1.1" 200 20301 "-" "Mozilla/5.0 (Windows NT 6.1; WOW64) AppleWebKit/534+ (KHTML, like Gecko) BingPreview/1.0b"
40.77.188.10 - - [14/Sep/2020:00:57:31 +0000] "GET /get_items/tualetnij_papir/ HTTP/1.1" 200 286374 "-" "Mozilla/5.0 (Windows NT 6.1; WOW64) AppleWebKit/534+ (KHTML, like Gecko) BingPreview/1.0b"
66.249.73.216 - - [14/Sep/2020:00:57:58 +0000] "GET / HTTP/1.1" 200 47470 "-" "Mozilla/5.0 (Linux; Android 6.0.1; Nexus 5X Build/MMB29P) AppleWebKit/537.36 (KHTML, like Gecko) Chrome/85.0.4183.97 Mobile Safari/537.36 (compatible; Googlebot/2.1; +http://www.google.com/bot.html)"
5.188.62.140 - - [14/Sep/2020:00:58:53 +0000] "GET /admin/login/?next=/admin/ HTTP/1.1" 200 1878 "https://starway.agency/admin/login/?next=/admin/" "Mozilla/5.0 (Windows NT 6.2) AppleWebKit/537.36 (KHTML, like Gecko) Chrome/41.0.2224.3 Safari/537.36"
5.188.62.140 - - [14/Sep/2020:00:58:54 +0000] "POST /admin/login/?next=/admin/ HTTP/1.1" 200 2057 "https://starway.agency/admin/login/?next=/admin/" "Mozilla/5.0 (Windows NT 6.2) AppleWebKit/537.36 (KHTML, like Gecko) Chrome/41.0.2224.3 Safari/537.36"
5.188.62.140 - - [14/Sep/2020:00:58:54 +0000] "GET /admin/login/?next=/admin/ HTTP/1.1" 200 1881 "https://starway.agency/admin/login/?next=/admin/" "Mozilla/5.0 (Windows NT 6.2) AppleWebKit/537.36 (KHTML, like Gecko) Chrome/41.0.2224.3 Safari/537.36"
5.188.62.140 - - [14/Sep/2020:00:58:55 +0000] "POST /admin/login/?next=/admin/ HTTP/1.1" 200 2052 "https://starway.agency/admin/login/?next=/admin/" "Mozilla/5.0 (Windows NT 6.2) AppleWebKit/537.36 (KHTML, like Gecko) Chrome/41.0.2224.3 Safari/537.36"
42.236.10.112 - - [14/Sep/2020:00:59:10 +0000] "GET / HTTP/1.1" 301 178 "http://nrg.in.ua/" "Mozilla/5.0 (Windows NT 6.1; WOW64) AppleWebKit/537.36 (KHTML, like Gecko) Chrome/50.4.2661.102 Safari/537.36; 360Spider"
52.53.232.179 - - [14/Sep/2020:00:59:11 +0000] "GET / HTTP/1.1" 301 178 "-" "Mozilla/5.0 (Macintosh; Intel Mac OS X 10_10_1) AppleWebKit/537.36 (KHTML, like Gecko) Chrome/40.0.2214.93 Safari/537.36"
52.53.232.179 - - [14/Sep/2020:00:59:12 +0000] "GET / HTTP/1.1" 200 101715 "-" "Mozilla/5.0 (Macintosh; Intel Mac OS X 10_10_1) AppleWebKit/537.36 (KHTML, like Gecko) Chrome/40.0.2214.93 Safari/537.36"
42.236.10.70 - - [14/Sep/2020:00:59:14 +0000] "GET / HTTP/1.1" 200 7760 "https://nrg.in.ua/" "Mozilla/5.0 (Windows NT 6.1; WOW64) AppleWebKit/537.36 (KHTML, like Gecko) Chrome/50.4.2661.102 Safari/537.36; 360Spider"
185.191.171.33 - - [14/Sep/2020:00:59:15 +0000] "GET /robots.txt HTTP/1.1" 301 0 "-" "Mozilla/5.0 (compatible; SemrushBot/6~bl; +http://www.semrush.com/bot.html)"
185.191.171.35 - - [14/Sep/2020:00:59:16 +0000] "GET /robots.txt/ HTTP/1.1" 200 82 "-" "Mozilla/5.0 (compatible; SemrushBot/6~bl; +http://www.semrush.com/bot.html)"
185.191.171.11 - - [14/Sep/2020:00:59:16 +0000] "GET /post/kubota-51/ HTTP/1.1" 200 12599 "-" "Mozilla/5.0 (compatible; SemrushBot/6~bl; +http://www.semrush.com/bot.html)"
52.53.232.179 - - [14/Sep/2020:00:59:19 +0000] "GET /media/ogimage/square.png HTTP/1.1" 301 178 "-" "Ruby"
52.53.232.179 - - [14/Sep/2020:00:59:19 +0000] "GET /media/ogimage/square.png HTTP/1.1" 200 41912 "-" "Ruby"
54.176.205.175 - - [14/Sep/2020:00:59:28 +0000] "GET /media/ogimage/square.png HTTP/1.1" 301 178 "-" "Go-http-client/1.1"
54.176.205.175 - - [14/Sep/2020:00:59:28 +0000] "GET /media/ogimage/square.png HTTP/1.1" 200 41912 "http://starway.agency/media/ogimage/square.png" "Go-http-client/1.1"
42.236.10.109 - - [14/Sep/2020:00:59:33 +0000] "GET / HTTP/1.1" 200 7760 "https://nrg.in.ua/" "Mozilla/5.0 (Windows NT 6.1; WOW64) AppleWebKit/537.36 (KHTML, like Gecko) Chrome/50.4.2661.102 Safari/537.36; 360Spider"
83.143.86.62 - - [14/Sep/2020:00:59:43 +0000] "GET / HTTP/1.1" 404 134 "-" "Mozilla/5.0 zgrab/0.x"
66.249.65.172 - - [14/Sep/2020:01:01:06 +0000] "GET /media/shop/item/2064624951_spidnitsya.jpg HTTP/1.1" 200 303167 "-" "Googlebot-Image/1.0"
42.236.10.121 - - [14/Sep/2020:01:01:24 +0000] "GET / HTTP/1.1" 301 178 "http://www.nrg.in.ua/" "Mozilla/5.0 (Windows NT 6.1; WOW64) AppleWebKit/537.36 (KHTML, like Gecko) Chrome/50.4.2661.102 Safari/537.36; 360Spider"
66.249.65.172 - - [14/Sep/2020:01:01:45 +0000] "GET /item/vishit-plattja-30/ HTTP/1.1" 200 13915 "-" "Mozilla/5.0 (compatible; Googlebot/2.1; +http://www.google.com/bot.html)"
66.249.65.172 - - [14/Sep/2020:01:02:17 +0000] "GET /item/bluza-zvki-lta/ HTTP/1.1" 200 13203 "-" "Mozilla/5.0 (Linux; Android 6.0.1; Nexus 5X Build/MMB29P) AppleWebKit/537.36 (KHTML, like Gecko) Chrome/80.0.3987.92 Mobile Safari/537.36 (compatible; Googlebot/2.1; +http://www.google.com/bot.html)"
42.236.10.121 - - [14/Sep/2020:01:02:19 +0000] "GET / HTTP/1.1" 200 7760 "https://nrg.in.ua/" "Mozilla/5.0 (Windows NT 6.1; WOW64) AppleWebKit/537.36 (KHTML, like Gecko) Chrome/50.4.2661.102 Safari/537.36; 360Spider"
54.36.149.93 - - [14/Sep/2020:01:04:40 +0000] "GET /robots.txt HTTP/1.1" 404 1018 "-" "Mozilla/5.0 (compatible; AhrefsBot/6.1; +http://ahrefs.com/robot/)"
54.36.148.93 - - [14/Sep/2020:01:04:41 +0000] "GET / HTTP/1.1" 200 7760 "-" "Mozilla/5.0 (compatible; AhrefsBot/7.0; +http://ahrefs.com/robot/)"
5.188.62.140 - - [14/Sep/2020:01:04:48 +0000] "GET /admin/login/?next=/admin/ HTTP/1.1" 200 1877 "https://starway.agency/admin/login/?next=/admin/" "Mozilla/5.0 (Windows NT 6.1) AppleWebKit/537.36 (KHTML, like Gecko) Chrome/41.0.2228.0 Safari/537.36"
5.188.62.140 - - [14/Sep/2020:01:04:49 +0000] "POST /admin/login/?next=/admin/ HTTP/1.1" 200 2055 "https://starway.agency/admin/login/?next=/admin/" "Mozilla/5.0 (Windows NT 6.1) AppleWebKit/537.36 (KHTML, like Gecko) Chrome/41.0.2228.0 Safari/537.36"
5.188.62.140 - - [14/Sep/2020:01:04:49 +0000] "GET /admin/login/?next=/admin/ HTTP/1.1" 200 1875 "https://starway.agency/admin/login/?next=/admin/" "Mozilla/5.0 (Windows NT 6.1) AppleWebKit/537.36 (KHTML, like Gecko) Chrome/41.0.2228.0 Safari/537.36"
5.188.62.140 - - [14/Sep/2020:01:04:50 +0000] "POST /admin/login/?next=/admin/ HTTP/1.1" 200 2054 "https://starway.agency/admin/login/?next=/admin/" "Mozilla/5.0 (Windows NT 6.1) AppleWebKit/537.36 (KHTML, like Gecko) Chrome/41.0.2228.0 Safari/537.36"
62.210.188.218 - - [14/Sep/2020:01:05:31 +0000] "GET /robots.txt HTTP/1.1" 301 178 "-" "Mozilla/5.0 (compatible; Barkrowler/0.9; +https://babbar.tech/crawler)"
62.210.188.218 - - [14/Sep/2020:01:05:31 +0000] "GET /robots.txt HTTP/1.1" 301 0 "-" "Mozilla/5.0 (compatible; Barkrowler/0.9; +https://babbar.tech/crawler)"
62.210.188.218 - - [14/Sep/2020:01:05:31 +0000] "GET /robots.txt/ HTTP/1.1" 200 76 "-" "Mozilla/5.0 (compatible; Barkrowler/0.9; +https://babbar.tech/crawler)"
62.210.188.218 - - [14/Sep/2020:01:05:31 +0000] "GET /robots.txt HTTP/1.1" 301 178 "-" "Mozilla/5.0 (compatible; Barkrowler/0.9; +https://babbar.tech/crawler)"
62.210.188.218 - - [14/Sep/2020:01:05:31 +0000] "GET /robots.txt HTTP/1.1" 301 0 "-" "Mozilla/5.0 (compatible; Barkrowler/0.9; +https://babbar.tech/crawler)"
62.210.188.218 - - [14/Sep/2020:01:05:31 +0000] "GET /robots.txt/ HTTP/1.1" 200 76 "-" "Mozilla/5.0 (compatible; Barkrowler/0.9; +https://babbar.tech/crawler)"
62.210.188.218 - - [14/Sep/2020:01:05:34 +0000] "GET /robots.txt HTTP/1.1" 301 0 "-" "Mozilla/5.0 (compatible; Barkrowler/0.9; +https://babbar.tech/crawler)"
62.210.188.218 - - [14/Sep/2020:01:05:34 +0000] "GET /robots.txt/ HTTP/1.1" 200 76 "-" "Mozilla/5.0 (compatible; Barkrowler/0.9; +https://babbar.tech/crawler)"
62.210.188.218 - - [14/Sep/2020:01:05:34 +0000] "GET /robots.txt HTTP/1.1" 301 0 "-" "Mozilla/5.0 (compatible; Barkrowler/0.9; +https://babbar.tech/crawler)"
62.210.188.218 - - [14/Sep/2020:01:05:34 +0000] "GET /robots.txt/ HTTP/1.1" 200 76 "-" "Mozilla/5.0 (compatible; Barkrowler/0.9; +https://babbar.tech/crawler)"
62.210.188.218 - - [14/Sep/2020:01:05:38 +0000] "GET / HTTP/1.1" 301 178 "-" "Mozilla/5.0 (compatible; Barkrowler/0.9; +https://babbar.tech/crawler)"
62.210.188.218 - - [14/Sep/2020:01:05:38 +0000] "GET / HTTP/1.1" 302 5 "-" "Mozilla/5.0 (compatible; Barkrowler/0.9; +https://babbar.tech/crawler)"
62.210.188.218 - - [14/Sep/2020:01:05:38 +0000] "GET /ru/ HTTP/1.1" 200 11723 "-" "Mozilla/5.0 (compatible; Barkrowler/0.9; +https://babbar.tech/crawler)"
62.210.188.218 - - [14/Sep/2020:01:05:38 +0000] "GET / HTTP/1.1" 301 178 "-" "Mozilla/5.0 (compatible; Barkrowler/0.9; +https://babbar.tech/crawler)"
157.55.39.115 - - [14/Sep/2020:01:05:40 +0000] "GET /static/js/jquery.fancybox.min.js HTTP/1.1" 200 68253 "-" "Mozilla/5.0 (compatible; MSIE 9.0; Windows NT 6.1; Trident/5.0)"
62.210.188.218 - - [14/Sep/2020:01:05:42 +0000] "GET /en/ HTTP/1.1" 200 10707 "-" "Mozilla/5.0 (compatible; Barkrowler/0.9; +https://babbar.tech/crawler)"
17.58.100.149 - - [14/Sep/2020:01:05:46 +0000] "GET /robots.txt HTTP/1.1" 301 0 "-" "Mozilla/5.0 (Macintosh; Intel Mac OS X 10_15_5) AppleWebKit/605.1.15 (KHTML, like Gecko) Version/13.1.1 Safari/605.1.15 (Applebot/0.1; +http://www.apple.com/go/applebot)"
17.58.100.149 - - [14/Sep/2020:01:05:46 +0000] "GET /robots.txt/ HTTP/1.1" 200 82 "-" "Mozilla/5.0 (Macintosh; Intel Mac OS X 10_15_5) AppleWebKit/605.1.15 (KHTML, like Gecko) Version/13.1.1 Safari/605.1.15 (Applebot/0.1; +http://www.apple.com/go/applebot)"
62.210.188.218 - - [14/Sep/2020:01:05:47 +0000] "GET / HTTP/1.1" 302 5 "-" "Mozilla/5.0 (compatible; Barkrowler/0.9; +https://babbar.tech/crawler)"
62.210.188.218 - - [14/Sep/2020:01:05:48 +0000] "GET /ru/ HTTP/1.1" 200 11723 "-" "Mozilla/5.0 (compatible; Barkrowler/0.9; +https://babbar.tech/crawler)"
62.210.188.218 - - [14/Sep/2020:01:05:48 +0000] "GET / HTTP/1.1" 302 5 "-" "Mozilla/5.0 (compatible; Barkrowler/0.9; +https://babbar.tech/crawler)"
17.58.97.4 - - [14/Sep/2020:01:05:48 +0000] "GET /set_lang/en/ HTTP/1.1" 500 25946 "-" "Mozilla/5.0 (Macintosh; Intel Mac OS X 10_15_5) AppleWebKit/605.1.15 (KHTML, like Gecko) Version/13.1.1 Safari/605.1.15 (Applebot/0.1; +http://www.apple.com/go/applebot)"
62.210.188.218 - - [14/Sep/2020:01:05:53 +0000] "GET /ru/ HTTP/1.1" 200 11723 "-" "Mozilla/5.0 (compatible; Barkrowler/0.9; +https://babbar.tech/crawler)"
62.210.188.218 - - [14/Sep/2020:01:05:58 +0000] "GET /uk/ HTTP/1.1" 200 11622 "-" "Mozilla/5.0 (compatible; Barkrowler/0.9; +https://babbar.tech/crawler)"
62.210.188.218 - - [14/Sep/2020:01:06:05 +0000] "GET /en/shop/ HTTP/1.1" 200 7854 "-" "Mozilla/5.0 (compatible; Barkrowler/0.9; +https://babbar.tech/crawler)"
62.210.188.218 - - [14/Sep/2020:01:06:14 +0000] "GET /ru/contact/ HTTP/1.1" 200 9319 "-" "Mozilla/5.0 (compatible; Barkrowler/0.9; +https://babbar.tech/crawler)"
62.210.188.218 - - [14/Sep/2020:01:06:19 +0000] "GET /en/contact/ HTTP/1.1" 200 8766 "-" "Mozilla/5.0 (compatible; Barkrowler/0.9; +https://babbar.tech/crawler)"
62.210.188.218 - - [14/Sep/2020:01:06:25 +0000] "GET /uk/contact/ HTTP/1.1" 200 9218 "-" "Mozilla/5.0 (compatible; Barkrowler/0.9; +https://babbar.tech/crawler)"
62.210.188.218 - - [14/Sep/2020:01:06:30 +0000] "GET /ru/shop/ HTTP/1.1" 200 8110 "-" "Mozilla/5.0 (compatible; Barkrowler/0.9; +https://babbar.tech/crawler)"
62.210.188.218 - - [14/Sep/2020:01:06:35 +0000] "GET /uk/shop/ HTTP/1.1" 200 8042 "-" "Mozilla/5.0 (compatible; Barkrowler/0.9; +https://babbar.tech/crawler)"
66.249.65.172 - - [14/Sep/2020:01:07:30 +0000] "GET /item/bluzka-756/ HTTP/1.1" 200 13433 "-" "Mozilla/5.0 (Linux; Android 6.0.1; Nexus 5X Build/MMB29P) AppleWebKit/537.36 (KHTML, like Gecko) Chrome/80.0.3987.92 Mobile Safari/537.36 (compatible; Googlebot/2.1; +http://www.google.com/bot.html)"
157.55.39.34 - - [14/Sep/2020:01:09:18 +0000] "GET /robots.txt HTTP/1.1" 301 0 "-" "Mozilla/5.0 (compatible; bingbot/2.0; +http://www.bing.com/bingbot.htm)"
157.55.39.34 - - [14/Sep/2020:01:09:18 +0000] "GET /robots.txt/ HTTP/1.1" 200 82 "-" "Mozilla/5.0 (compatible; bingbot/2.0; +http://www.bing.com/bingbot.htm)"
157.55.39.34 - - [14/Sep/2020:01:09:19 +0000] "GET /robots.txt HTTP/1.1" 301 0 "-" "Mozilla/5.0 (compatible; bingbot/2.0; +http://www.bing.com/bingbot.htm)"
157.55.39.34 - - [14/Sep/2020:01:09:19 +0000] "GET /robots.txt/ HTTP/1.1" 200 82 "-" "Mozilla/5.0 (compatible; bingbot/2.0; +http://www.bing.com/bingbot.htm)"
92.124.163.145 - - [14/Sep/2020:01:09:20 +0000] "GET /uncategorized/hello-world/ HTTP/1.0" 301 178 "http://nrg.in.ua/uncategorized/hello-world/" "Mozilla/5.0 (Windows NT 10.0; Win64; x64) AppleWebKit/537.36 (KHTML, like Gecko) Chrome/68.0.3440.84 Safari/537.36"
92.124.163.145 - - [14/Sep/2020:01:09:21 +0000] "GET /uncategorized/hello-world/ HTTP/1.0" 404 2399 "https://nrg.in.ua/uncategorized/hello-world/" "Mozilla/5.0 (Windows NT 10.0; Win64; x64) AppleWebKit/537.36 (KHTML, like Gecko) Chrome/68.0.3440.84 Safari/537.36"
92.124.163.145 - - [14/Sep/2020:01:09:23 +0000] "GET / HTTP/1.0" 200 33682 "https://nrg.in.ua/" "Mozilla/5.0 (Windows NT 10.0; Win64; x64) AppleWebKit/537.36 (KHTML, like Gecko) Chrome/68.0.3440.84 Safari/537.36"
5.188.62.140 - - [14/Sep/2020:01:10:42 +0000] "GET /admin/login/?next=/admin/ HTTP/1.1" 200 1871 "https://starway.agency/admin/login/?next=/admin/" "Mozilla/5.0 (Windows NT 6.1) AppleWebKit/537.36 (KHTML, like Gecko) Chrome/41.0.2227.1 Safari/537.36"
5.188.62.140 - - [14/Sep/2020:01:10:42 +0000] "POST /admin/login/?next=/admin/ HTTP/1.1" 200 2050 "https://starway.agency/admin/login/?next=/admin/" "Mozilla/5.0 (Windows NT 6.1) AppleWebKit/537.36 (KHTML, like Gecko) Chrome/41.0.2227.1 Safari/537.36"
5.188.62.140 - - [14/Sep/2020:01:10:43 +0000] "GET /admin/login/?next=/admin/ HTTP/1.1" 200 1871 "https://starway.agency/admin/login/?next=/admin/" "Mozilla/5.0 (Windows NT 6.1) AppleWebKit/537.36 (KHTML, like Gecko) Chrome/41.0.2227.1 Safari/537.36"
5.188.62.140 - - [14/Sep/2020:01:10:44 +0000] "POST /admin/login/?next=/admin/ HTTP/1.1" 200 2055 "https://starway.agency/admin/login/?next=/admin/" "Mozilla/5.0 (Windows NT 6.1) AppleWebKit/537.36 (KHTML, like Gecko) Chrome/41.0.2227.1 Safari/537.36"
34.74.181.64 - - [14/Sep/2020:01:11:21 +0000] "GET /robots.txt HTTP/1.0" 301 0 "-" "ZoominfoBot (zoominfobot at zoominfo dot com)"
34.74.181.64 - - [14/Sep/2020:01:11:21 +0000] "GET /robots.txt/ HTTP/1.1" 200 76 "-" "ZoominfoBot (zoominfobot at zoominfo dot com)"
34.74.181.64 - - [14/Sep/2020:01:11:22 +0000] "GET /en/privatelabel/ HTTP/1.0" 200 43955 "-" "ZoominfoBot (zoominfobot at zoominfo dot com)"
66.249.65.40 - - [14/Sep/2020:01:12:43 +0000] "GET /service/26/ HTTP/1.1" 200 10009 "-" "Mozilla/5.0 (Linux; Android 6.0.1; Nexus 5X Build/MMB29P) AppleWebKit/537.36 (KHTML, like Gecko) Chrome/80.0.3987.92 Mobile Safari/537.36 (compatible; Googlebot/2.1; +http://www.google.com/bot.html)"
34.74.181.64 - - [14/Sep/2020:01:13:32 +0000] "GET /en/contact/ HTTP/1.0" 200 34024 "-" "ZoominfoBot (zoominfobot at zoominfo dot com)"
185.191.171.15 - - [14/Sep/2020:01:14:02 +0000] "GET /en/item/bianca-con-funghi50-cm/ HTTP/1.1" 200 9245 "-" "Mozilla/5.0 (compatible; SemrushBot/6~bl; +http://www.semrush.com/bot.html)"
185.191.171.12 - - [14/Sep/2020:01:14:24 +0000] "GET /en/post/kubota-24/ HTTP/1.1" 200 12624 "-" "Mozilla/5.0 (compatible; SemrushBot/6~bl; +http://www.semrush.com/bot.html)"
34.74.181.64 - - [14/Sep/2020:01:14:56 +0000] "GET /en/accounts/login/ HTTP/1.0" 200 31186 "-" "ZoominfoBot (zoominfobot at zoominfo dot com)"
5.188.62.140 - - [14/Sep/2020:01:16:41 +0000] "GET /admin/login/?next=/admin/ HTTP/1.1" 200 1877 "https://starway.agency/admin/login/?next=/admin/" "Mozilla/5.0 (Windows NT 5.1) AppleWebKit/537.36 (KHTML, like Gecko) Chrome/41.0.2225.0 Safari/537.36"
5.188.62.140 - - [14/Sep/2020:01:16:42 +0000] "POST /admin/login/?next=/admin/ HTTP/1.1" 200 2058 "https://starway.agency/admin/login/?next=/admin/" "Mozilla/5.0 (Windows NT 5.1) AppleWebKit/537.36 (KHTML, like Gecko) Chrome/41.0.2225.0 Safari/537.36"
5.188.62.140 - - [14/Sep/2020:01:16:42 +0000] "GET /admin/login/?next=/admin/ HTTP/1.1" 200 1877 "https://starway.agency/admin/login/?next=/admin/" "Mozilla/5.0 (Windows NT 5.1) AppleWebKit/537.36 (KHTML, like Gecko) Chrome/41.0.2225.0 Safari/537.36"
5.188.62.140 - - [14/Sep/2020:01:16:43 +0000] "POST /admin/login/?next=/admin/ HTTP/1.1" 200 2057 "https://starway.agency/admin/login/?next=/admin/" "Mozilla/5.0 (Windows NT 5.1) AppleWebKit/537.36 (KHTML, like Gecko) Chrome/41.0.2225.0 Safari/537.36"
95.163.255.31 - - [14/Sep/2020:01:16:45 +0000] "GET /robots.txt HTTP/1.0" 301 178 "-" "Mozilla/5.0 (compatible; Linux x86_64; Mail.RU_Bot/Img/2.0; +http://go.mail.ru/help/robots)"
66.249.65.172 - - [14/Sep/2020:01:17:56 +0000] "GET /item/kostjum-trikotazhnij-15/ HTTP/1.1" 200 13860 "-" "Mozilla/5.0 (Linux; Android 6.0.1; Nexus 5X Build/MMB29P) AppleWebKit/537.36 (KHTML, like Gecko) Chrome/80.0.3987.92 Mobile Safari/537.36 (compatible; Googlebot/2.1; +http://www.google.com/bot.html)"
114.119.155.88 - - [14/Sep/2020:01:18:48 +0000] "GET /robots.txt HTTP/1.1" 200 138 "-" "(compatible;PetalBot;+http://aspiegel.com/petalbot)"
5.255.253.156 - - [14/Sep/2020:01:21:45 +0000] "GET /robots.txt HTTP/1.1" 301 0 "-" "Mozilla/5.0 (compatible; YandexBot/3.0; +http://yandex.com/bots)"
5.255.253.156 - - [14/Sep/2020:01:21:45 +0000] "GET /robots.txt/ HTTP/1.1" 200 76 "-" "Mozilla/5.0 (compatible; YandexBot/3.0; +http://yandex.com/bots)"
5.255.253.156 - - [14/Sep/2020:01:21:50 +0000] "GET /set_lang/en/ HTTP/1.1" 500 25946 "-" "Mozilla/5.0 (compatible; YandexBot/3.0; +http://yandex.com/bots)"
5.188.62.140 - - [14/Sep/2020:01:22:33 +0000] "GET /admin/login/?next=/admin/ HTTP/1.1" 200 1876 "https://starway.agency/admin/login/?next=/admin/" "Mozilla/5.0 (Windows NT 6.2) AppleWebKit/537.36 (KHTML, like Gecko) Chrome/41.0.2226.0 Safari/537.36"
5.188.62.140 - - [14/Sep/2020:01:22:33 +0000] "POST /admin/login/?next=/admin/ HTTP/1.1" 200 2056 "https://starway.agency/admin/login/?next=/admin/" "Mozilla/5.0 (Windows NT 6.2) AppleWebKit/537.36 (KHTML, like Gecko) Chrome/41.0.2226.0 Safari/537.36"
5.188.62.140 - - [14/Sep/2020:01:22:34 +0000] "GET /admin/login/?next=/admin/ HTTP/1.1" 200 1875 "https://starway.agency/admin/login/?next=/admin/" "Mozilla/5.0 (Windows NT 6.2) AppleWebKit/537.36 (KHTML, like Gecko) Chrome/41.0.2226.0 Safari/537.36"
5.188.62.140 - - [14/Sep/2020:01:22:35 +0000] "POST /admin/login/?next=/admin/ HTTP/1.1" 200 2055 "https://starway.agency/admin/login/?next=/admin/" "Mozilla/5.0 (Windows NT 6.2) AppleWebKit/537.36 (KHTML, like Gecko) Chrome/41.0.2226.0 Safari/537.36"
66.249.65.174 - - [14/Sep/2020:01:23:09 +0000] "GET /item/bluza-verhovina-9/ HTTP/1.1" 200 12465 "-" "Mozilla/5.0 (Linux; Android 6.0.1; Nexus 5X Build/MMB29P) AppleWebKit/537.36 (KHTML, like Gecko) Chrome/80.0.3987.92 Mobile Safari/537.36 (compatible; Googlebot/2.1; +http://www.google.com/bot.html)"
192.71.224.240 - - [14/Sep/2020:01:23:24 +0000] "GET /robots.txt HTTP/1.1" 301 178 "-" "Go-http-client/1.1"
192.71.103.173 - - [14/Sep/2020:01:23:24 +0000] "GET /robots.txt HTTP/1.1" 404 1000 "http://apartsusa.com/robots.txt" "Go-http-client/1.1"
192.71.224.240 - - [14/Sep/2020:01:23:24 +0000] "GET /humans.txt HTTP/1.1" 301 178 "-" "Go-http-client/1.1"
192.71.142.35 - - [14/Sep/2020:01:23:24 +0000] "GET /humans.txt HTTP/1.1" 404 1002 "http://apartsusa.com/humans.txt" "Go-http-client/1.1"
192.71.42.108 - - [14/Sep/2020:01:23:24 +0000] "GET /ads.txt HTTP/1.1" 301 178 "-" "Go-http-client/1.1"
192.71.126.175 - - [14/Sep/2020:01:23:24 +0000] "GET /ads.txt HTTP/1.1" 404 1000 "http://apartsusa.com/ads.txt" "Go-http-client/1.1"
192.71.36.158 - - [14/Sep/2020:01:23:24 +0000] "GET / HTTP/1.1" 301 178 "-" "Go-http-client/1.1"
192.71.103.173 - - [14/Sep/2020:01:23:25 +0000] "GET / HTTP/1.1" 200 3925 "http://apartsusa.com/" "Go-http-client/1.1"
34.74.181.64 - - [14/Sep/2020:01:25:47 +0000] "GET /en/servets_categories/ HTTP/1.0" 200 32333 "-" "ZoominfoBot (zoominfobot at zoominfo dot com)"
34.74.181.64 - - [14/Sep/2020:01:26:01 +0000] "GET /en/category/horeca/ HTTP/1.0" 200 35822 "-" "ZoominfoBot (zoominfobot at zoominfo dot com)"
185.191.171.22 - - [14/Sep/2020:01:27:03 +0000] "GET /en/item/pizza-cotto-capperi30-cm/ HTTP/1.1" 200 9231 "-" "Mozilla/5.0 (compatible; SemrushBot/6~bl; +http://www.semrush.com/bot.html)"
66.249.65.176 - - [14/Sep/2020:01:28:01 +0000] "GET /static/js/ajax_form.js?v=3 HTTP/1.1" 200 20508 "https://faina-vishivanka.com/item/svtshot-zorjanij-sinj/" "Mozilla/5.0 (Linux; Android 6.0.1; Nexus 5X Build/MMB29P) AppleWebKit/537.36 (KHTML, like Gecko) Chrome/85.0.4183.105 Mobile Safari/537.36 (compatible; Googlebot/2.1; +http://www.google.com/bot.html)"
185.191.171.16 - - [14/Sep/2020:01:28:07 +0000] "GET /item/poljana-vinogradna/ HTTP/1.1" 200 8946 "-" "Mozilla/5.0 (compatible; SemrushBot/6~bl; +http://www.semrush.com/bot.html)"
173.231.59.215 - - [14/Sep/2020:01:28:13 +0000] "GET / HTTP/1.1" 301 178 "-" "Mozilla/5.0 (compatible; Adsbot/3.1)"
66.249.65.174 - - [14/Sep/2020:01:28:22 +0000] "GET /item/futbolka-cholovcha-1/ HTTP/1.1" 200 13829 "-" "Mozilla/5.0 (compatible; Googlebot/2.1; +http://www.google.com/bot.html)"
173.231.59.215 - - [14/Sep/2020:01:28:26 +0000] "GET / HTTP/1.1" 200 16509 "-" "Mozilla/5.0 (compatible; Adsbot/3.1)"
5.188.62.140 - - [14/Sep/2020:01:28:29 +0000] "GET /admin/login/?next=/admin/ HTTP/1.1" 200 1876 "https://starway.agency/admin/login/?next=/admin/" "Mozilla/5.0 (Windows NT 5.1; WOW64) AppleWebKit/537.36 (KHTML, like Gecko) Chrome/41.0.2227.1 Safari/537.36"
5.188.62.140 - - [14/Sep/2020:01:28:30 +0000] "POST /admin/login/?next=/admin/ HTTP/1.1" 200 2055 "https://starway.agency/admin/login/?next=/admin/" "Mozilla/5.0 (Windows NT 5.1; WOW64) AppleWebKit/537.36 (KHTML, like Gecko) Chrome/41.0.2227.1 Safari/537.36"
5.188.62.140 - - [14/Sep/2020:01:28:31 +0000] "GET /admin/login/?next=/admin/ HTTP/1.1" 200 1881 "https://starway.agency/admin/login/?next=/admin/" "Mozilla/5.0 (Windows NT 5.1; WOW64) AppleWebKit/537.36 (KHTML, like Gecko) Chrome/41.0.2227.1 Safari/537.36"
5.188.62.140 - - [14/Sep/2020:01:28:31 +0000] "POST /admin/login/?next=/admin/ HTTP/1.1" 200 2052 "https://starway.agency/admin/login/?next=/admin/" "Mozilla/5.0 (Windows NT 5.1; WOW64) AppleWebKit/537.36 (KHTML, like Gecko) Chrome/41.0.2227.1 Safari/537.36"
173.231.59.215 - - [14/Sep/2020:01:28:40 +0000] "GET /blog/ HTTP/1.1" 200 8218 "https://capitanauto.com/" "Mozilla/5.0 (compatible; Adsbot/3.1)"
173.231.59.215 - - [14/Sep/2020:01:28:57 +0000] "GET /about/ HTTP/1.1" 200 7788 "https://capitanauto.com/" "Mozilla/5.0 (compatible; Adsbot/3.1)"
173.231.59.215 - - [14/Sep/2020:01:29:08 +0000] "GET /repair/ HTTP/1.1" 200 7923 "https://capitanauto.com/" "Mozilla/5.0 (compatible; Adsbot/3.1)"
173.231.59.215 - - [14/Sep/2020:01:29:20 +0000] "GET /clearence/ HTTP/1.1" 200 11021 "https://capitanauto.com/" "Mozilla/5.0 (compatible; Adsbot/3.1)"
185.191.171.2 - - [14/Sep/2020:01:29:28 +0000] "GET /en/item/margherita-cotto-e-funghi30-cm/ HTTP/1.1" 200 9256 "-" "Mozilla/5.0 (compatible; SemrushBot/6~bl; +http://www.semrush.com/bot.html)"
173.231.59.215 - - [14/Sep/2020:01:29:41 +0000] "GET /set_lang/en/ HTTP/1.1" 302 0 "https://capitanauto.com/" "Mozilla/5.0 (compatible; Adsbot/3.1)"
34.74.181.64 - - [14/Sep/2020:01:29:41 +0000] "GET /en/servets_static/ HTTP/1.0" 200 43831 "-" "ZoominfoBot (zoominfobot at zoominfo dot com)"
173.231.59.215 - - [14/Sep/2020:01:30:03 +0000] "GET /set_lang/ru/ HTTP/1.1" 302 0 "https://capitanauto.com/" "Mozilla/5.0 (compatible; Adsbot/3.1)"
5.255.253.156 - - [14/Sep/2020:01:30:09 +0000] "GET /robots.txt HTTP/1.1" 301 0 "-" "Mozilla/5.0 (compatible; YandexBot/3.0; +http://yandex.com/bots)"
178.154.200.156 - - [14/Sep/2020:01:30:09 +0000] "GET /robots.txt/ HTTP/1.1" 200 76 "-" "Mozilla/5.0 (compatible; YandexBot/3.0; +http://yandex.com/bots)"
5.255.253.156 - - [14/Sep/2020:01:30:13 +0000] "GET /en/item/ternove-pole/ HTTP/1.1" 200 8715 "-" "Mozilla/5.0 (compatible; YandexBot/3.0; +http://yandex.com/bots)"
173.231.59.215 - - [14/Sep/2020:01:30:16 +0000] "GET /en/ HTTP/1.1" 200 15520 "https://capitanauto.com/" "Mozilla/5.0 (compatible; Adsbot/3.1)"
173.231.59.215 - - [14/Sep/2020:01:30:31 +0000] "GET /ru/ HTTP/1.1" 200 16543 "https://capitanauto.com/" "Mozilla/5.0 (compatible; Adsbot/3.1)"
173.231.59.215 - - [14/Sep/2020:01:30:46 +0000] "GET /en/blog/ HTTP/1.1" 200 8027 "https://capitanauto.com/" "Mozilla/5.0 (compatible; Adsbot/3.1)"
173.231.59.215 - - [14/Sep/2020:01:30:57 +0000] "GET /ru/blog/ HTTP/1.1" 200 8242 "https://capitanauto.com/" "Mozilla/5.0 (compatible; Adsbot/3.1)"
66.249.65.172 - - [14/Sep/2020:01:31:06 +0000] "GET /item/kombnezon-3/ HTTP/1.1" 200 12560 "-" "Mozilla/5.0 (Linux; Android 6.0.1; Nexus 5X Build/MMB29P) AppleWebKit/537.36 (KHTML, like Gecko) Chrome/85.0.4183.112 Mobile Safari/537.36 (compatible; Googlebot/2.1; +http://www.google.com/bot.html)"
173.231.59.215 - - [14/Sep/2020:01:31:10 +0000] "GET /en/about/ HTTP/1.1" 200 7581 "https://capitanauto.com/" "Mozilla/5.0 (compatible; Adsbot/3.1)"
173.231.59.215 - - [14/Sep/2020:01:31:22 +0000] "GET /ru/about/ HTTP/1.1" 200 7868 "https://capitanauto.com/" "Mozilla/5.0 (compatible; Adsbot/3.1)"
173.231.59.215 - - [14/Sep/2020:01:31:36 +0000] "GET /en/repair/ HTTP/1.1" 200 7314 "https://capitanauto.com/" "Mozilla/5.0 (compatible; Adsbot/3.1)"
34.74.181.64 - - [14/Sep/2020:01:31:40 +0000] "GET /en/post_detail/1/ HTTP/1.0" 200 36030 "-" "ZoominfoBot (zoominfobot at zoominfo dot com)"
173.231.59.215 - - [14/Sep/2020:01:31:52 +0000] "GET /ru/repair/ HTTP/1.1" 200 7996 "https://capitanauto.com/" "Mozilla/5.0 (compatible; Adsbot/3.1)"
173.231.59.215 - - [14/Sep/2020:01:32:08 +0000] "GET /set_lang/uk/ HTTP/1.1" 302 0 "https://capitanauto.com/" "Mozilla/5.0 (compatible; Adsbot/3.1)"
173.231.59.215 - - [14/Sep/2020:01:32:21 +0000] "GET /en/clearence/ HTTP/1.1" 200 9844 "https://capitanauto.com/" "Mozilla/5.0 (compatible; Adsbot/3.1)"
173.231.59.215 - - [14/Sep/2020:01:32:36 +0000] "GET /ru/clearence/ HTTP/1.1" 200 11099 "https://capitanauto.com/" "Mozilla/5.0 (compatible; Adsbot/3.1)"
34.74.181.64 - - [14/Sep/2020:01:32:41 +0000] "GET /en/category/paperovi_rushniki/ HTTP/1.0" 200 35857 "-" "ZoominfoBot (zoominfobot at zoominfo dot com)"
185.191.171.10 - - [14/Sep/2020:01:32:49 +0000] "GET /ru/post/kubota-100/ HTTP/1.1" 200 12939 "-" "Mozilla/5.0 (compatible; SemrushBot/6~bl; +http://www.semrush.com/bot.html)"
40.77.167.50 - - [14/Sep/2020:01:33:17 +0000] "GET /media/markiv.png HTTP/1.1" 200 264073 "-" "Mozilla/5.0 (compatible; bingbot/2.0; +http://www.bing.com/bingbot.htm)"
66.249.65.28 - - [14/Sep/2020:01:33:36 +0000] "GET /item_category/salati/ HTTP/1.1" 200 11823 "-" "Mozilla/5.0 (Linux; Android 6.0.1; Nexus 5X Build/MMB29P) AppleWebKit/537.36 (KHTML, like Gecko) Chrome/80.0.3987.92 Mobile Safari/537.36 (compatible; Googlebot/2.1; +http://www.google.com/bot.html)"
185.191.171.10 - - [14/Sep/2020:01:33:45 +0000] "GET /ru/about/ HTTP/1.1" 500 94416 "-" "Mozilla/5.0 (compatible; SemrushBot/6~bl; +http://www.semrush.com/bot.html)"
5.188.62.140 - - [14/Sep/2020:01:34:28 +0000] "GET /admin/login/?next=/admin/ HTTP/1.1" 200 1880 "https://starway.agency/admin/login/?next=/admin/" "Mozilla/5.0 (Windows NT 6.0) AppleWebKit/537.36 (KHTML, like Gecko) Chrome/41.0.2224.3 Safari/537.36"
5.188.62.140 - - [14/Sep/2020:01:34:29 +0000] "POST /admin/login/?next=/admin/ HTTP/1.1" 200 2053 "https://starway.agency/admin/login/?next=/admin/" "Mozilla/5.0 (Windows NT 6.0) AppleWebKit/537.36 (KHTML, like Gecko) Chrome/41.0.2224.3 Safari/537.36"
5.188.62.140 - - [14/Sep/2020:01:34:29 +0000] "GET /admin/login/?next=/admin/ HTTP/1.1" 200 1883 "https://starway.agency/admin/login/?next=/admin/" "Mozilla/5.0 (Windows NT 6.0) AppleWebKit/537.36 (KHTML, like Gecko) Chrome/41.0.2224.3 Safari/537.36"
5.188.62.140 - - [14/Sep/2020:01:34:30 +0000] "POST /admin/login/?next=/admin/ HTTP/1.1" 200 2056 "https://starway.agency/admin/login/?next=/admin/" "Mozilla/5.0 (Windows NT 6.0) AppleWebKit/537.36 (KHTML, like Gecko) Chrome/41.0.2224.3 Safari/537.36"
95.163.255.20 - - [14/Sep/2020:01:35:17 +0000] "GET /robots.txt HTTP/1.0" 301 178 "-" "Mozilla/5.0 (compatible; Linux x86_64; Mail.RU_Bot/Img/2.0; +http://go.mail.ru/help/robots)"
34.74.181.64 - - [14/Sep/2020:01:35:24 +0000] "GET /uk/ HTTP/1.0" 200 52508 "-" "ZoominfoBot (zoominfobot at zoominfo dot com)"
66.249.65.18 - - [14/Sep/2020:01:35:39 +0000] "GET /favicon.ico HTTP/1.1" 404 1514 "-" "Googlebot-Image/1.0"
54.36.149.2 - - [14/Sep/2020:01:36:11 +0000] "GET /uk/item/104/ HTTP/1.1" 200 9923 "-" "Mozilla/5.0 (compatible; AhrefsBot/7.0; +http://ahrefs.com/robot/)"
34.74.181.64 - - [14/Sep/2020:01:36:32 +0000] "GET /en/category/tualetnij_papir/ HTTP/1.0" 200 35849 "-" "ZoominfoBot (zoominfobot at zoominfo dot com)"
66.249.65.172 - - [14/Sep/2020:01:38:48 +0000] "GET /item/futbolka-petrikivka/ HTTP/1.1" 200 12597 "-" "Mozilla/5.0 (Linux; Android 6.0.1; Nexus 5X Build/MMB29P) AppleWebKit/537.36 (KHTML, like Gecko) Chrome/80.0.3987.92 Mobile Safari/537.36 (compatible; Googlebot/2.1; +http://www.google.com/bot.html)"
34.74.181.64 - - [14/Sep/2020:01:39:58 +0000] "GET /en/shop/ HTTP/1.0" 200 32975 "-" "ZoominfoBot (zoominfobot at zoominfo dot com)"
34.74.181.64 - - [14/Sep/2020:01:40:14 +0000] "GET /en/horeca/ HTTP/1.0" 200 43858 "-" "ZoominfoBot (zoominfobot at zoominfo dot com)"
5.188.62.140 - - [14/Sep/2020:01:40:27 +0000] "GET /admin/login/?next=/admin/ HTTP/1.1" 200 1878 "https://starway.agency/admin/login/?next=/admin/" "Mozilla/5.0 (Windows NT 6.0) AppleWebKit/537.36 (KHTML, like Gecko) Chrome/41.0.2225.0 Safari/537.36"
5.188.62.140 - - [14/Sep/2020:01:40:28 +0000] "POST /admin/login/?next=/admin/ HTTP/1.1" 200 2053 "https://starway.agency/admin/login/?next=/admin/" "Mozilla/5.0 (Windows NT 6.0) AppleWebKit/537.36 (KHTML, like Gecko) Chrome/41.0.2225.0 Safari/537.36"
5.188.62.140 - - [14/Sep/2020:01:40:29 +0000] "GET /admin/login/?next=/admin/ HTTP/1.1" 200 1878 "https://starway.agency/admin/login/?next=/admin/" "Mozilla/5.0 (Windows NT 6.0) AppleWebKit/537.36 (KHTML, like Gecko) Chrome/41.0.2225.0 Safari/537.36"
5.188.62.140 - - [14/Sep/2020:01:40:29 +0000] "POST /admin/login/?next=/admin/ HTTP/1.1" 200 2057 "https://starway.agency/admin/login/?next=/admin/" "Mozilla/5.0 (Windows NT 6.0) AppleWebKit/537.36 (KHTML, like Gecko) Chrome/41.0.2225.0 Safari/537.36"
34.74.181.64 - - [14/Sep/2020:01:42:33 +0000] "GET /robots.txt HTTP/1.0" 301 0 "-" "ZoominfoBot (zoominfobot at zoominfo dot com)"
34.74.181.64 - - [14/Sep/2020:01:42:34 +0000] "GET /robots.txt/ HTTP/1.1" 200 76 "-" "ZoominfoBot (zoominfobot at zoominfo dot com)"
34.74.181.64 - - [14/Sep/2020:01:42:34 +0000] "GET /en/category/tualetnij_papir/ HTTP/1.0" 200 35865 "-" "ZoominfoBot (zoominfobot at zoominfo dot com)"
34.74.181.64 - - [14/Sep/2020:01:42:36 +0000] "GET /uk/privatelabel/ HTTP/1.0" 200 47584 "-" "ZoominfoBot (zoominfobot at zoominfo dot com)"
34.74.181.64 - - [14/Sep/2020:01:42:39 +0000] "GET /en/category/paperovi_rushniki/ HTTP/1.0" 200 35873 "-" "ZoominfoBot (zoominfobot at zoominfo dot com)"
34.74.181.64 - - [14/Sep/2020:01:42:41 +0000] "GET /en/servets_static/ HTTP/1.0" 200 43847 "-" "ZoominfoBot (zoominfobot at zoominfo dot com)"
34.74.181.64 - - [14/Sep/2020:01:42:43 +0000] "GET /en/accounts/login/ HTTP/1.0" 200 31202 "-" "ZoominfoBot (zoominfobot at zoominfo dot com)"
34.74.181.64 - - [14/Sep/2020:01:42:46 +0000] "GET /en/privatelabel/ HTTP/1.0" 200 43971 "-" "ZoominfoBot (zoominfobot at zoominfo dot com)"
34.74.181.64 - - [14/Sep/2020:01:42:48 +0000] "GET /uk/contact/ HTTP/1.0" 200 35816 "-" "ZoominfoBot (zoominfobot at zoominfo dot com)"
34.74.181.64 - - [14/Sep/2020:01:42:50 +0000] "GET /en/post_detail/1/ HTTP/1.0" 200 36046 "-" "ZoominfoBot (zoominfobot at zoominfo dot com)"
34.74.181.64 - - [14/Sep/2020:01:42:52 +0000] "GET /en/servets_categories/ HTTP/1.0" 200 32349 "-" "ZoominfoBot (zoominfobot at zoominfo dot com)"
34.74.181.64 - - [14/Sep/2020:01:42:54 +0000] "GET /uk/horeca/ HTTP/1.0" 200 45731 "-" "ZoominfoBot (zoominfobot at zoominfo dot com)"
34.74.181.64 - - [14/Sep/2020:01:42:56 +0000] "GET /en/contact/ HTTP/1.0" 200 34040 "-" "ZoominfoBot (zoominfobot at zoominfo dot com)"
34.74.181.64 - - [14/Sep/2020:01:42:59 +0000] "GET /en/shop/ HTTP/1.0" 200 32991 "-" "ZoominfoBot (zoominfobot at zoominfo dot com)"
34.74.181.64 - - [14/Sep/2020:01:43:01 +0000] "GET /constructor/ HTTP/1.0" 302 0 "-" "ZoominfoBot (zoominfobot at zoominfo dot com)"
34.74.181.64 - - [14/Sep/2020:01:43:01 +0000] "GET /en/constructor/ HTTP/1.0" 200 31920 "-" "ZoominfoBot (zoominfobot at zoominfo dot com)"
34.74.181.64 - - [14/Sep/2020:01:43:03 +0000] "GET /en/horeca/ HTTP/1.0" 200 43874 "-" "ZoominfoBot (zoominfobot at zoominfo dot com)"
34.74.181.64 - - [14/Sep/2020:01:43:05 +0000] "GET /uk/ HTTP/1.0" 200 52524 "-" "ZoominfoBot (zoominfobot at zoominfo dot com)"
66.249.65.174 - - [14/Sep/2020:01:44:02 +0000] "GET /item/vishita-bluza-koloru-haki-zhar-pticya/ HTTP/1.1" 200 13507 "-" "Mozilla/5.0 (Linux; Android 6.0.1; Nexus 5X Build/MMB29P) AppleWebKit/537.36 (KHTML, like Gecko) Chrome/80.0.3987.92 Mobile Safari/537.36 (compatible; Googlebot/2.1; +http://www.google.com/bot.html)"
93.120.167.107 - - [14/Sep/2020:01:45:26 +0000] "GET /vidhuky-ta-propozytsii/ HTTP/1.0" 301 178 "http://sorrento.te.ua/vidhuky-ta-propozytsii/" "Mozilla/5.0 (Windows NT 6.1) AppleWebKit/537.36 (KHTML, like Gecko) Chrome/66.0.3359.181 Safari/537.36 Kinza/4.7.2"
93.120.167.107 - - [14/Sep/2020:01:45:26 +0000] "GET /vidhuky-ta-propozytsii/ HTTP/1.0" 404 11676 "https://sorrento.te.ua/vidhuky-ta-propozytsii/" "Mozilla/5.0 (Windows NT 6.1) AppleWebKit/537.36 (KHTML, like Gecko) Chrome/66.0.3359.181 Safari/537.36 Kinza/4.7.2"
93.120.167.107 - - [14/Sep/2020:01:45:29 +0000] "GET / HTTP/1.0" 200 110922 "https://sorrento.te.ua/" "Mozilla/5.0 (Windows NT 6.1) AppleWebKit/537.36 (KHTML, like Gecko) Chrome/66.0.3359.181 Safari/537.36 Kinza/4.7.2"
93.120.167.107 - - [14/Sep/2020:01:45:30 +0000] "GET /contacts/ HTTP/1.0" 200 33774 "https://sorrento.te.ua/contacts/" "Mozilla/5.0 (Windows NT 6.1) AppleWebKit/537.36 (KHTML, like Gecko) Chrome/66.0.3359.181 Safari/537.36 Kinza/4.7.2"
93.120.167.107 - - [14/Sep/2020:01:45:31 +0000] "POST /api/sw_contact/ HTTP/1.0" 200 16 "https://sorrento.te.ua/contacts/" "Mozilla/5.0 (Windows NT 6.1) AppleWebKit/537.36 (KHTML, like Gecko) Chrome/66.0.3359.181 Safari/537.36 Kinza/4.7.2"
5.188.62.140 - - [14/Sep/2020:01:46:25 +0000] "GET /admin/login/?next=/admin/ HTTP/1.1" 200 1879 "https://starway.agency/admin/login/?next=/admin/" "Mozilla/5.0 (Windows NT 6.1; WOW64) AppleWebKit/537.36 (KHTML, like Gecko) Chrome/41.0.2227.1 Safari/537.36"
5.188.62.140 - - [14/Sep/2020:01:46:25 +0000] "POST /admin/login/?next=/admin/ HTTP/1.1" 200 2053 "https://starway.agency/admin/login/?next=/admin/" "Mozilla/5.0 (Windows NT 6.1; WOW64) AppleWebKit/537.36 (KHTML, like Gecko) Chrome/41.0.2227.1 Safari/537.36"
5.188.62.140 - - [14/Sep/2020:01:46:26 +0000] "GET /admin/login/?next=/admin/ HTTP/1.1" 200 1881 "https://starway.agency/admin/login/?next=/admin/" "Mozilla/5.0 (Windows NT 6.1; WOW64) AppleWebKit/537.36 (KHTML, like Gecko) Chrome/41.0.2227.1 Safari/537.36"
5.188.62.140 - - [14/Sep/2020:01:46:26 +0000] "POST /admin/login/?next=/admin/ HTTP/1.1" 200 2052 "https://starway.agency/admin/login/?next=/admin/" "Mozilla/5.0 (Windows NT 6.1; WOW64) AppleWebKit/537.36 (KHTML, like Gecko) Chrome/41.0.2227.1 Safari/537.36"
185.191.171.3 - - [14/Sep/2020:01:47:12 +0000] "GET /robots.txt HTTP/1.1" 301 0 "-" "Mozilla/5.0 (compatible; SemrushBot/6~bl; +http://www.semrush.com/bot.html)"
185.191.171.19 - - [14/Sep/2020:01:47:13 +0000] "GET /robots.txt/ HTTP/1.1" 200 76 "-" "Mozilla/5.0 (compatible; SemrushBot/6~bl; +http://www.semrush.com/bot.html)"
185.191.171.18 - - [14/Sep/2020:01:47:14 +0000] "GET /uk/item/350/ HTTP/1.1" 200 9888 "-" "Mozilla/5.0 (compatible; SemrushBot/6~bl; +http://www.semrush.com/bot.html)"
107.178.232.227 - - [14/Sep/2020:01:48:05 +0000] "GET /robots.txt HTTP/1.1" 301 178 "https://robotstxt.com/" "Mozilla/5.0 (compatible; filibot/1.0; +https://filibot.com/)"
107.178.232.227 - - [14/Sep/2020:01:48:05 +0000] "GET /robots.txt HTTP/1.1" 301 178 "https://robotstxt.com/" "Mozilla/5.0 (compatible; filibot/1.0; +https://filibot.com/)"
107.178.232.227 - - [14/Sep/2020:01:48:05 +0000] "GET /robots.txt HTTP/1.1" 301 0 "https://robotstxt.com/" "Mozilla/5.0 (compatible; filibot/1.0; +https://filibot.com/)"
107.178.232.227 - - [14/Sep/2020:01:48:05 +0000] "GET /robots.txt/ HTTP/1.1" 200 66 "https://robotstxt.com/" "Mozilla/5.0 (compatible; filibot/1.0; +https://filibot.com/)"
107.178.232.227 - - [14/Sep/2020:01:48:05 +0000] "GET /robots.txt HTTP/1.1" 301 0 "https://robotstxt.com/" "Mozilla/5.0 (compatible; filibot/1.0; +https://filibot.com/)"
107.178.232.227 - - [14/Sep/2020:01:48:05 +0000] "GET /robots.txt HTTP/1.1" 301 0 "https://robotstxt.com/" "Mozilla/5.0 (compatible; filibot/1.0; +https://filibot.com/)"
107.178.232.227 - - [14/Sep/2020:01:48:05 +0000] "GET /robots.txt/ HTTP/1.1" 200 66 "https://robotstxt.com/" "Mozilla/5.0 (compatible; filibot/1.0; +https://filibot.com/)"
107.178.232.227 - - [14/Sep/2020:01:48:05 +0000] "GET /robots.txt/ HTTP/1.1" 200 66 "https://robotstxt.com/" "Mozilla/5.0 (compatible; filibot/1.0; +https://filibot.com/)"
107.178.232.227 - - [14/Sep/2020:01:48:05 +0000] "GET /robots.txt HTTP/1.1" 301 0 "https://robotstxt.com/" "Mozilla/5.0 (compatible; filibot/1.0; +https://filibot.com/)"
107.178.232.227 - - [14/Sep/2020:01:48:06 +0000] "GET /robots.txt/ HTTP/1.1" 200 66 "https://robotstxt.com/" "Mozilla/5.0 (compatible; filibot/1.0; +https://filibot.com/)"
66.249.73.8 - - [14/Sep/2020:01:49:14 +0000] "GET /uk/item/teploobmnik-dviguna/ HTTP/1.1" 200 7426 "-" "Mozilla/5.0 (compatible; Googlebot/2.1; +http://www.google.com/bot.html)"
5.255.253.172 - - [14/Sep/2020:01:50:59 +0000] "GET /uk/catalog/zapchasti-dlja-jcb-1-1-1/?page_number=3 HTTP/1.1" 500 72308 "-" "Mozilla/5.0 (compatible; YandexBot/3.0; +http://yandex.com/bots)"
5.188.62.140 - - [14/Sep/2020:01:52:18 +0000] "GET /admin/login/?next=/admin/ HTTP/1.1" 200 1877 "https://starway.agency/admin/login/?next=/admin/" "Mozilla/5.0 (Windows NT 6.1) AppleWebKit/537.36 (KHTML, like Gecko) Chrome/41.0.2224.3 Safari/537.36"
5.188.62.140 - - [14/Sep/2020:01:52:19 +0000] "POST /admin/login/?next=/admin/ HTTP/1.1" 200 2055 "https://starway.agency/admin/login/?next=/admin/" "Mozilla/5.0 (Windows NT 6.1) AppleWebKit/537.36 (KHTML, like Gecko) Chrome/41.0.2224.3 Safari/537.36"
5.188.62.140 - - [14/Sep/2020:01:52:19 +0000] "GET /admin/login/?next=/admin/ HTTP/1.1" 200 1877 "https://starway.agency/admin/login/?next=/admin/" "Mozilla/5.0 (Windows NT 6.1) AppleWebKit/537.36 (KHTML, like Gecko) Chrome/41.0.2224.3 Safari/537.36"
5.188.62.140 - - [14/Sep/2020:01:52:20 +0000] "POST /admin/login/?next=/admin/ HTTP/1.1" 200 2054 "https://starway.agency/admin/login/?next=/admin/" "Mozilla/5.0 (Windows NT 6.1) AppleWebKit/537.36 (KHTML, like Gecko) Chrome/41.0.2224.3 Safari/537.36"
193.118.53.194 - - [14/Sep/2020:01:52:23 +0000] "GET / HTTP/1.1" 200 37898 "-" "Mozilla/5.0 (Windows NT 10.0; Win64; x64) AppleWebKit/537.36 (KHTML, like Gecko) Chrome/60.0.3112.113 Safari/537.36"
185.191.171.12 - - [14/Sep/2020:01:52:43 +0000] "GET /robots.txt HTTP/1.1" 301 178 "-" "Mozilla/5.0 (compatible; SemrushBot/6~bl; +http://www.semrush.com/bot.html)"
185.191.171.7 - - [14/Sep/2020:01:52:44 +0000] "GET /robots.txt HTTP/1.1" 404 1018 "-" "Mozilla/5.0 (compatible; SemrushBot/6~bl; +http://www.semrush.com/bot.html)"
185.191.171.5 - - [14/Sep/2020:01:52:45 +0000] "GET /ru/o_nas.php HTTP/1.1" 301 178 "-" "Mozilla/5.0 (compatible; SemrushBot/6~bl; +http://www.semrush.com/bot.html)"
185.191.171.10 - - [14/Sep/2020:01:52:46 +0000] "GET /robots.txt HTTP/1.1" 404 1018 "-" "Mozilla/5.0 (compatible; SemrushBot/6~bl; +http://www.semrush.com/bot.html)"
185.191.171.26 - - [14/Sep/2020:01:52:46 +0000] "GET /ru/o_nas.php HTTP/1.1" 404 1023 "-" "Mozilla/5.0 (compatible; SemrushBot/6~bl; +http://www.semrush.com/bot.html)"
5.188.84.119 - - [14/Sep/2020:01:53:07 +0000] "GET /uncategorized/hello-world/ HTTP/1.0" 301 178 "http://nrg.in.ua/uncategorized/hello-world/" "Mozilla/5.0 (Windows NT 10.0; Win64; x64) AppleWebKit/537.36 (KHTML, like Gecko) Chrome/67.0.3396.99 Safari/537.36"
5.188.84.119 - - [14/Sep/2020:01:53:07 +0000] "GET /uncategorized/hello-world/ HTTP/1.0" 404 2399 "https://nrg.in.ua/uncategorized/hello-world/" "Mozilla/5.0 (Windows NT 10.0; Win64; x64) AppleWebKit/537.36 (KHTML, like Gecko) Chrome/67.0.3396.99 Safari/537.36"
5.188.84.119 - - [14/Sep/2020:01:53:07 +0000] "GET / HTTP/1.0" 200 33682 "https://nrg.in.ua/" "Mozilla/5.0 (Windows NT 10.0; Win64; x64) AppleWebKit/537.36 (KHTML, like Gecko) Chrome/67.0.3396.99 Safari/537.36"
114.119.130.33 - - [14/Sep/2020:01:53:20 +0000] "GET /robots.txt HTTP/1.1" 301 0 "-" "(compatible;PetalBot;+http://aspiegel.com/petalbot)"
114.119.130.33 - - [14/Sep/2020:01:53:20 +0000] "GET /robots.txt/ HTTP/1.1" 200 82 "-" "(compatible;PetalBot;+http://aspiegel.com/petalbot)"
5.255.253.156 - - [14/Sep/2020:01:53:38 +0000] "GET /item/margherita-cotto30-cm/ HTTP/1.1" 200 9145 "-" "Mozilla/5.0 (compatible; YandexBot/3.0; +http://yandex.com/bots)"
66.249.65.176 - - [14/Sep/2020:01:54:28 +0000] "GET /item/koral-3/ HTTP/1.1" 200 11170 "-" "Mozilla/5.0 (Linux; Android 6.0.1; Nexus 5X Build/MMB29P) AppleWebKit/537.36 (KHTML, like Gecko) Chrome/80.0.3987.92 Mobile Safari/537.36 (compatible; Googlebot/2.1; +http://www.google.com/bot.html)"
66.249.65.18 - - [14/Sep/2020:01:57:32 +0000] "GET /en/category/tualetnij_papir/ HTTP/1.1" 200 8203 "-" "Mozilla/5.0 (Linux; Android 6.0.1; Nexus 5X Build/MMB29P) AppleWebKit/537.36 (KHTML, like Gecko) Chrome/85.0.4183.112 Mobile Safari/537.36 (compatible; Googlebot/2.1; +http://www.google.com/bot.html)"
185.191.171.1 - - [14/Sep/2020:01:57:32 +0000] "GET /robots.txt HTTP/1.1" 301 0 "-" "Mozilla/5.0 (compatible; SemrushBot/6~bl; +http://www.semrush.com/bot.html)"
185.191.171.5 - - [14/Sep/2020:01:57:33 +0000] "GET /robots.txt/ HTTP/1.1" 200 82 "-" "Mozilla/5.0 (compatible; SemrushBot/6~bl; +http://www.semrush.com/bot.html)"
185.191.171.23 - - [14/Sep/2020:01:57:35 +0000] "GET /api/brief/ HTTP/1.1" 500 25946 "-" "Mozilla/5.0 (compatible; SemrushBot/6~bl; +http://www.semrush.com/bot.html)"
5.188.62.140 - - [14/Sep/2020:01:58:15 +0000] "GET /admin/login/?next=/admin/ HTTP/1.1" 200 1873 "https://starway.agency/admin/login/?next=/admin/" "Mozilla/5.0 (Windows NT 6.1) AppleWebKit/537.36 (KHTML, like Gecko) Chrome/41.0.2224.3 Safari/537.36"
5.188.62.140 - - [14/Sep/2020:01:58:15 +0000] "POST /admin/login/?next=/admin/ HTTP/1.1" 200 2056 "https://starway.agency/admin/login/?next=/admin/" "Mozilla/5.0 (Windows NT 6.1) AppleWebKit/537.36 (KHTML, like Gecko) Chrome/41.0.2224.3 Safari/537.36"
5.188.62.140 - - [14/Sep/2020:01:58:16 +0000] "GET /admin/login/?next=/admin/ HTTP/1.1" 200 1878 "https://starway.agency/admin/login/?next=/admin/" "Mozilla/5.0 (Windows NT 6.1) AppleWebKit/537.36 (KHTML, like Gecko) Chrome/41.0.2224.3 Safari/537.36"
5.188.62.140 - - [14/Sep/2020:01:58:17 +0000] "POST /admin/login/?next=/admin/ HTTP/1.1" 200 2056 "https://starway.agency/admin/login/?next=/admin/" "Mozilla/5.0 (Windows NT 6.1) AppleWebKit/537.36 (KHTML, like Gecko) Chrome/41.0.2224.3 Safari/537.36"
5.255.253.156 - - [14/Sep/2020:01:59:38 +0000] "GET /robots.txt HTTP/1.1" 404 2351 "-" "Mozilla/5.0 (compatible; YandexBot/3.0; +http://yandex.com/bots)"
66.249.65.176 - - [14/Sep/2020:01:59:41 +0000] "GET /item/bluza-garmonja-kvtv/ HTTP/1.1" 200 13337 "-" "Mozilla/5.0 (Linux; Android 6.0.1; Nexus 5X Build/MMB29P) AppleWebKit/537.36 (KHTML, like Gecko) Chrome/80.0.3987.92 Mobile Safari/537.36 (compatible; Googlebot/2.1; +http://www.google.com/bot.html)"
5.255.253.156 - - [14/Sep/2020:01:59:42 +0000] "GET /gallery/2017/vtroem-miluyu-devushku.jpg HTTP/1.1" 404 1046 "-" "Mozilla/5.0 (compatible; YandexImages/3.0; +http://yandex.com/bots)"
157.55.192.39 - - [14/Sep/2020:02:00:07 +0000] "GET /wp-content/plugins/ioptimization/IOptimize.php?rchk HTTP/1.1" 301 178 "www.google.com" "Mozlila/5.0 (Linux; Android 7.0; SM-G892A Bulid/NRD90M; wv) AppleWebKit/537.36 (KHTML, like Gecko) Version/4.0 Chrome/60.0.3112.107 Moblie Safari/537.36"
66.249.65.172 - - [14/Sep/2020:02:00:41 +0000] "GET /media/shop/item/1984775548_bluza-garmoniya-kvitiv.jpg HTTP/1.1" 200 120517 "-" "Googlebot-Image/1.0"
66.249.65.172 - - [14/Sep/2020:02:00:41 +0000] "GET /media/shop/item/2030302728_bluza-garmoniya-kvitiv.jpg HTTP/1.1" 200 79171 "-" "Googlebot-Image/1.0"
66.249.65.176 - - [14/Sep/2020:02:00:42 +0000] "GET /media/shop/item/2030302636_bluza-garmoniya-kvitiv.jpg HTTP/1.1" 200 68744 "-" "Googlebot-Image/1.0"
157.55.192.39 - - [14/Sep/2020:02:00:47 +0000] "GET /wp-content/plugins/ioptimization/IOptimize.php?rchk HTTP/1.1" 404 1798 "www.google.com" "Mozlila/5.0 (Linux; Android 7.0; SM-G892A Bulid/NRD90M; wv) AppleWebKit/537.36 (KHTML, like Gecko) Version/4.0 Chrome/60.0.3112.107 Moblie Safari/537.36"
157.55.192.39 - - [14/Sep/2020:02:01:26 +0000] "POST /wp-content/plugins/ioptimization/IOptimize.php?rchk HTTP/1.1" 301 178 "www.google.com" "Mozlila/5.0 (Linux; Android 7.0; SM-G892A Bulid/NRD90M; wv) AppleWebKit/537.36 (KHTML, like Gecko) Version/4.0 Chrome/60.0.3112.107 Moblie Safari/537.36"
157.55.192.39 - - [14/Sep/2020:02:02:07 +0000] "GET /wp-content/plugins/ioptimization/IOptimize.php?rchk HTTP/1.1" 404 1798 "www.google.com" "Mozlila/5.0 (Linux; Android 7.0; SM-G892A Bulid/NRD90M; wv) AppleWebKit/537.36 (KHTML, like Gecko) Version/4.0 Chrome/60.0.3112.107 Moblie Safari/537.36"
157.55.192.39 - - [14/Sep/2020:02:02:48 +0000] "GET /wp-content/index.php?x=ooo HTTP/1.1" 301 178 "www.google.com" "Mozlila/5.0 (Linux; Android 7.0; SM-G892A Bulid/NRD90M; wv) AppleWebKit/537.36 (KHTML, like Gecko) Version/4.0 Chrome/60.0.3112.107 Moblie Safari/537.36"
157.55.192.39 - - [14/Sep/2020:02:03:29 +0000] "GET /wp-content/index.php?x=ooo HTTP/1.1" 404 1782 "www.google.com" "Mozlila/5.0 (Linux; Android 7.0; SM-G892A Bulid/NRD90M; wv) AppleWebKit/537.36 (KHTML, like Gecko) Version/4.0 Chrome/60.0.3112.107 Moblie Safari/537.36"
157.55.192.39 - - [14/Sep/2020:02:04:10 +0000] "POST /wp-content/plugins/ioptimization/IOptimize.php?rchk HTTP/1.1" 301 178 "www.google.com" "Mozlila/5.0 (Linux; Android 7.0; SM-G892A Bulid/NRD90M; wv) AppleWebKit/537.36 (KHTML, like Gecko) Version/4.0 Chrome/60.0.3112.107 Moblie Safari/537.36"
5.188.62.140 - - [14/Sep/2020:02:04:11 +0000] "GET /admin/login/?next=/admin/ HTTP/1.1" 200 1875 "https://starway.agency/admin/login/?next=/admin/" "Mozilla/5.0 (Windows NT 6.2; WOW64) AppleWebKit/537.36 (KHTML, like Gecko) Chrome/41.0.2227.1 Safari/537.36"
5.188.62.140 - - [14/Sep/2020:02:04:12 +0000] "POST /admin/login/?next=/admin/ HTTP/1.1" 200 2051 "https://starway.agency/admin/login/?next=/admin/" "Mozilla/5.0 (Windows NT 6.2; WOW64) AppleWebKit/537.36 (KHTML, like Gecko) Chrome/41.0.2227.1 Safari/537.36"
5.188.62.140 - - [14/Sep/2020:02:04:12 +0000] "GET /admin/login/?next=/admin/ HTTP/1.1" 200 1871 "https://starway.agency/admin/login/?next=/admin/" "Mozilla/5.0 (Windows NT 6.2; WOW64) AppleWebKit/537.36 (KHTML, like Gecko) Chrome/41.0.2227.1 Safari/537.36"
5.188.62.140 - - [14/Sep/2020:02:04:13 +0000] "POST /admin/login/?next=/admin/ HTTP/1.1" 200 2055 "https://starway.agency/admin/login/?next=/admin/" "Mozilla/5.0 (Windows NT 6.2; WOW64) AppleWebKit/537.36 (KHTML, like Gecko) Chrome/41.0.2227.1 Safari/537.36"
157.55.192.39 - - [14/Sep/2020:02:04:50 +0000] "GET /wp-content/plugins/ioptimization/IOptimize.php?rchk HTTP/1.1" 404 1798 "www.google.com" "Mozlila/5.0 (Linux; Android 7.0; SM-G892A Bulid/NRD90M; wv) AppleWebKit/537.36 (KHTML, like Gecko) Version/4.0 Chrome/60.0.3112.107 Moblie Safari/537.36"
66.249.65.176 - - [14/Sep/2020:02:04:54 +0000] "GET /item/sorochka-6/ HTTP/1.1" 200 13880 "-" "Mozilla/5.0 (Linux; Android 6.0.1; Nexus 5X Build/MMB29P) AppleWebKit/537.36 (KHTML, like Gecko) Chrome/80.0.3987.92 Mobile Safari/537.36 (compatible; Googlebot/2.1; +http://www.google.com/bot.html)"
