46.211.20.216 - - [14/Sep/2020:03:54:39 +0000] "GET /static/img/Mastercard.png HTTP/1.1" 200 1055 "-" "Mozilla/5.0 (Linux; Android 9; Mi A3 Build/PKQ1.190416.001; wv) AppleWebKit/537.36 (KHTML, like Gecko) Version/4.0 Chrome/78.0.3904.96 Mobile Safari/537.36 Viber/13.7.0.6"
46.211.20.216 - - [14/Sep/2020:03:54:39 +0000] "GET /static/img/Mastercard.png HTTP/1.1" 200 1055 "-" "Mozilla/5.0 (Linux; Android 9; Mi A3 Build/PKQ1.190416.001; wv) AppleWebKit/537.36 (KHTML, like Gecko) Version/4.0 Chrome/78.0.3904.96 Mobile Safari/537.36 Viber/13.7.0.6"
88.155.187.189 - - [14/Sep/2020:03:54:51 +0000] "GET /static/img/Mastercard.png HTTP/1.1" 200 1055 "-" "Mozilla/5.0 (Linux; Android 9; Redmi Note 7 Build/PKQ1.180904.001; wv) AppleWebKit/537.36 (KHTML, like Gecko) Version/4.0 Chrome/72.0.3626.121 Mobile Safari/537.36 Viber/13.7.0.6"
88.155.187.189 - - [14/Sep/2020:03:54:51 +0000] "GET /static/img/Mastercard.png HTTP/1.1" 200 1055 "-" "Mozilla/5.0 (Linux; Android 9; Redmi Note 7 Build/PKQ1.180904.001; wv) AppleWebKit/537.36 (KHTML, like Gecko) Version/4.0 Chrome/72.0.3626.121 Mobile Safari/537.36 Viber/13.7.0.6"
66.249.65.172 - - [14/Sep/2020:03:55:35 +0000] "GET /ru/item/svtshot-vitonchenst-2/ HTTP/1.1" 200 13958 "-" "Mozilla/5.0 (Linux; Android 6.0.1; Nexus 5X Build/MMB29P) AppleWebKit/537.36 (KHTML, like Gecko) Chrome/80.0.3987.92 Mobile Safari/537.36 (compatible; Googlebot/2.1; +http://www.google.com/bot.html)"
66.249.65.176 - - [14/Sep/2020:03:55:39 +0000] "GET /ru/item/sorochka-cholovcha-21/ HTTP/1.1" 200 11836 "-" "Mozilla/5.0 (Linux; Android 6.0.1; Nexus 5X Build/MMB29P) AppleWebKit/537.36 (KHTML, like Gecko) Chrome/80.0.3987.92 Mobile Safari/537.36 (compatible; Googlebot/2.1; +http://www.google.com/bot.html)"
66.249.65.172 - - [14/Sep/2020:03:55:48 +0000] "GET /ru/item/bluza-verhovina-10/ HTTP/1.1" 200 11619 "-" "Mozilla/5.0 (Linux; Android 6.0.1; Nexus 5X Build/MMB29P) AppleWebKit/537.36 (KHTML, like Gecko) Chrome/80.0.3987.92 Mobile Safari/537.36 (compatible; Googlebot/2.1; +http://www.google.com/bot.html)"
66.249.65.172 - - [14/Sep/2020:03:55:53 +0000] "GET /ru/item/svtshot-vishitij-2/ HTTP/1.1" 200 13951 "-" "Mozilla/5.0 (Linux; Android 6.0.1; Nexus 5X Build/MMB29P) AppleWebKit/537.36 (KHTML, like Gecko) Chrome/80.0.3987.92 Mobile Safari/537.36 (compatible; Googlebot/2.1; +http://www.google.com/bot.html)"
54.36.149.2 - - [14/Sep/2020:03:55:58 +0000] "GET /uk/item/98/ HTTP/1.1" 200 9916 "-" "Mozilla/5.0 (compatible; AhrefsBot/7.0; +http://ahrefs.com/robot/)"
66.249.65.172 - - [14/Sep/2020:03:56:02 +0000] "GET /ru/item/vitinanka-rozovaya/ HTTP/1.1" 200 11529 "-" "Mozilla/5.0 (Linux; Android 6.0.1; Nexus 5X Build/MMB29P) AppleWebKit/537.36 (KHTML, like Gecko) Chrome/80.0.3987.92 Mobile Safari/537.36 (compatible; Googlebot/2.1; +http://www.google.com/bot.html)"
66.249.65.172 - - [14/Sep/2020:03:56:04 +0000] "GET /ru/item/bluza-garmonja-kvtv/ HTTP/1.1" 200 13316 "-" "Mozilla/5.0 (Linux; Android 6.0.1; Nexus 5X Build/MMB29P) AppleWebKit/537.36 (KHTML, like Gecko) Chrome/80.0.3987.92 Mobile Safari/537.36 (compatible; Googlebot/2.1; +http://www.google.com/bot.html)"
66.249.65.172 - - [14/Sep/2020:03:56:11 +0000] "GET /ru/items/dityachi-svitshoti/ HTTP/1.1" 200 10597 "-" "Mozilla/5.0 (Linux; Android 6.0.1; Nexus 5X Build/MMB29P) AppleWebKit/537.36 (KHTML, like Gecko) Chrome/80.0.3987.92 Mobile Safari/537.36 (compatible; Googlebot/2.1; +http://www.google.com/bot.html)"
66.249.65.172 - - [14/Sep/2020:03:56:20 +0000] "GET /ru/item/futbolka-lyudmila-1/ HTTP/1.1" 200 13054 "-" "Mozilla/5.0 (Linux; Android 6.0.1; Nexus 5X Build/MMB29P) AppleWebKit/537.36 (KHTML, like Gecko) Chrome/80.0.3987.92 Mobile Safari/537.36 (compatible; Googlebot/2.1; +http://www.google.com/bot.html)"
66.249.65.172 - - [14/Sep/2020:03:56:27 +0000] "GET /ru/item/bluza-vesnjana-radst1/ HTTP/1.1" 200 11894 "-" "Mozilla/5.0 (Linux; Android 6.0.1; Nexus 5X Build/MMB29P) AppleWebKit/537.36 (KHTML, like Gecko) Chrome/80.0.3987.92 Mobile Safari/537.36 (compatible; Googlebot/2.1; +http://www.google.com/bot.html)"
66.249.65.172 - - [14/Sep/2020:03:56:33 +0000] "GET /ru/item/bluza-solovna-psnja-1/ HTTP/1.1" 200 12636 "-" "Mozilla/5.0 (Linux; Android 6.0.1; Nexus 5X Build/MMB29P) AppleWebKit/537.36 (KHTML, like Gecko) Chrome/80.0.3987.92 Mobile Safari/537.36 (compatible; Googlebot/2.1; +http://www.google.com/bot.html)"
66.249.65.172 - - [14/Sep/2020:03:56:37 +0000] "GET /ru/item/svtshot-vishitij-12/ HTTP/1.1" 200 13540 "-" "Mozilla/5.0 (Linux; Android 6.0.1; Nexus 5X Build/MMB29P) AppleWebKit/537.36 (KHTML, like Gecko) Chrome/80.0.3987.92 Mobile Safari/537.36 (compatible; Googlebot/2.1; +http://www.google.com/bot.html)"
66.249.65.172 - - [14/Sep/2020:03:56:42 +0000] "GET /ru/item/bluza-tunka-kvten-1/ HTTP/1.1" 200 12992 "-" "Mozilla/5.0 (Linux; Android 6.0.1; Nexus 5X Build/MMB29P) AppleWebKit/537.36 (KHTML, like Gecko) Chrome/80.0.3987.92 Mobile Safari/537.36 (compatible; Googlebot/2.1; +http://www.google.com/bot.html)"
85.198.134.25 - - [14/Sep/2020:03:56:42 +0000] "GET /static/img/Mastercard.png HTTP/1.1" 200 1055 "-" "Mozilla/5.0 (Linux; Android 6.0.1; PRO 6 Plus Build/MMB29T; wv) AppleWebKit/537.36 (KHTML, like Gecko) Version/4.0 Chrome/44.0.2403.146 Mobile Safari/537.36 Viber/11.7.0.5"
85.198.134.25 - - [14/Sep/2020:03:56:42 +0000] "GET /static/img/Mastercard.png HTTP/1.1" 200 1055 "-" "Mozilla/5.0 (Linux; Android 6.0.1; PRO 6 Plus Build/MMB29T; wv) AppleWebKit/537.36 (KHTML, like Gecko) Version/4.0 Chrome/44.0.2403.146 Mobile Safari/537.36 Viber/11.7.0.5"
66.249.65.172 - - [14/Sep/2020:03:56:48 +0000] "GET /ru/item/bluza-vishivanochka/ HTTP/1.1" 200 13738 "-" "Mozilla/5.0 (Linux; Android 6.0.1; Nexus 5X Build/MMB29P) AppleWebKit/537.36 (KHTML, like Gecko) Chrome/80.0.3987.92 Mobile Safari/537.36 (compatible; Googlebot/2.1; +http://www.google.com/bot.html)"
66.249.65.172 - - [14/Sep/2020:03:56:59 +0000] "GET /ru/item/svtshot-vishitij-10/ HTTP/1.1" 200 13731 "-" "Mozilla/5.0 (Linux; Android 6.0.1; Nexus 5X Build/MMB29P) AppleWebKit/537.36 (KHTML, like Gecko) Chrome/80.0.3987.92 Mobile Safari/537.36 (compatible; Googlebot/2.1; +http://www.google.com/bot.html)"
66.249.65.172 - - [14/Sep/2020:03:57:03 +0000] "GET /ru/item/sorochka-cholovcha-23/ HTTP/1.1" 200 12204 "-" "Mozilla/5.0 (Linux; Android 6.0.1; Nexus 5X Build/MMB29P) AppleWebKit/537.36 (KHTML, like Gecko) Chrome/80.0.3987.92 Mobile Safari/537.36 (compatible; Googlebot/2.1; +http://www.google.com/bot.html)"
66.249.65.172 - - [14/Sep/2020:03:57:12 +0000] "GET /ru/item/sorochka-cholovcha-20/ HTTP/1.1" 200 12291 "-" "Mozilla/5.0 (Linux; Android 6.0.1; Nexus 5X Build/MMB29P) AppleWebKit/537.36 (KHTML, like Gecko) Chrome/80.0.3987.92 Mobile Safari/537.36 (compatible; Googlebot/2.1; +http://www.google.com/bot.html)"
66.249.65.172 - - [14/Sep/2020:03:57:16 +0000] "GET /ru/item/bluza-vishivanochka-3/ HTTP/1.1" 200 13778 "-" "Mozilla/5.0 (Linux; Android 6.0.1; Nexus 5X Build/MMB29P) AppleWebKit/537.36 (KHTML, like Gecko) Chrome/80.0.3987.92 Mobile Safari/537.36 (compatible; Googlebot/2.1; +http://www.google.com/bot.html)"
46.211.71.207 - - [14/Sep/2020:03:57:22 +0000] "GET /static/img/Mastercard.png HTTP/1.1" 200 1055 "-" "Mozilla/5.0 (Linux; Android 7.1.2; Redmi 5 Plus Build/N2G47H; wv) AppleWebKit/537.36 (KHTML, like Gecko) Version/4.0 Chrome/68.0.3440.70 Mobile Safari/537.36 Viber/13.5.0.5"
46.211.71.207 - - [14/Sep/2020:03:57:22 +0000] "GET /static/img/Mastercard.png HTTP/1.1" 200 1055 "-" "Mozilla/5.0 (Linux; Android 7.1.2; Redmi 5 Plus Build/N2G47H; wv) AppleWebKit/537.36 (KHTML, like Gecko) Version/4.0 Chrome/68.0.3440.70 Mobile Safari/537.36 Viber/13.5.0.5"
66.249.65.172 - - [14/Sep/2020:03:57:24 +0000] "GET /ru/item/svtshot-vishitij-13/ HTTP/1.1" 200 13463 "-" "Mozilla/5.0 (Linux; Android 6.0.1; Nexus 5X Build/MMB29P) AppleWebKit/537.36 (KHTML, like Gecko) Chrome/80.0.3987.92 Mobile Safari/537.36 (compatible; Googlebot/2.1; +http://www.google.com/bot.html)"
66.249.65.172 - - [14/Sep/2020:03:57:31 +0000] "GET /ru/item/sorochka-cholovcha-25/ HTTP/1.1" 200 12101 "-" "Mozilla/5.0 (Linux; Android 6.0.1; Nexus 5X Build/MMB29P) AppleWebKit/537.36 (KHTML, like Gecko) Chrome/80.0.3987.92 Mobile Safari/537.36 (compatible; Googlebot/2.1; +http://www.google.com/bot.html)"
94.153.72.216 - - [14/Sep/2020:03:57:32 +0000] "GET /static/img/Mastercard.png HTTP/1.1" 200 1055 "-" "Mozilla/5.0 (Linux; Android 6.0; M5c Build/MRA58K; wv) AppleWebKit/537.36 (KHTML, like Gecko) Version/4.0 Chrome/44.0.2403.146 Mobile Safari/537.36 Viber/11.7.0.5"
94.153.72.216 - - [14/Sep/2020:03:57:32 +0000] "GET /static/img/Mastercard.png HTTP/1.1" 200 1055 "-" "Mozilla/5.0 (Linux; Android 6.0; M5c Build/MRA58K; wv) AppleWebKit/537.36 (KHTML, like Gecko) Version/4.0 Chrome/44.0.2403.146 Mobile Safari/537.36 Viber/11.7.0.5"
66.249.65.172 - - [14/Sep/2020:03:57:36 +0000] "GET /ru/item/svtshot-vishitij-11/ HTTP/1.1" 200 13715 "-" "Mozilla/5.0 (Linux; Android 6.0.1; Nexus 5X Build/MMB29P) AppleWebKit/537.36 (KHTML, like Gecko) Chrome/80.0.3987.92 Mobile Safari/537.36 (compatible; Googlebot/2.1; +http://www.google.com/bot.html)"
5.188.62.140 - - [14/Sep/2020:03:57:36 +0000] "GET /admin/login/?next=/admin/ HTTP/1.1" 200 1878 "https://starway.agency/admin/login/?next=/admin/" "Mozilla/5.0 (Windows NT 6.2) AppleWebKit/537.36 (KHTML, like Gecko) Chrome/41.0.2224.3 Safari/537.36"
5.188.62.140 - - [14/Sep/2020:03:57:37 +0000] "POST /admin/login/?next=/admin/ HTTP/1.1" 200 2054 "https://starway.agency/admin/login/?next=/admin/" "Mozilla/5.0 (Windows NT 6.2) AppleWebKit/537.36 (KHTML, like Gecko) Chrome/41.0.2224.3 Safari/537.36"
5.188.62.140 - - [14/Sep/2020:03:57:37 +0000] "GET /admin/login/?next=/admin/ HTTP/1.1" 200 1876 "https://starway.agency/admin/login/?next=/admin/" "Mozilla/5.0 (Windows NT 6.2) AppleWebKit/537.36 (KHTML, like Gecko) Chrome/41.0.2224.3 Safari/537.36"
5.188.62.140 - - [14/Sep/2020:03:57:38 +0000] "POST /admin/login/?next=/admin/ HTTP/1.1" 200 2053 "https://starway.agency/admin/login/?next=/admin/" "Mozilla/5.0 (Windows NT 6.2) AppleWebKit/537.36 (KHTML, like Gecko) Chrome/41.0.2224.3 Safari/537.36"
66.249.65.172 - - [14/Sep/2020:03:57:41 +0000] "GET /ru/item/kostjum-trikotazhnij-9/ HTTP/1.1" 200 14017 "-" "Mozilla/5.0 (Linux; Android 6.0.1; Nexus 5X Build/MMB29P) AppleWebKit/537.36 (KHTML, like Gecko) Chrome/80.0.3987.92 Mobile Safari/537.36 (compatible; Googlebot/2.1; +http://www.google.com/bot.html)"
66.249.65.172 - - [14/Sep/2020:03:57:51 +0000] "GET /ru/item/kostjum-trikotazhnij-2/ HTTP/1.1" 200 13661 "-" "Mozilla/5.0 (Linux; Android 6.0.1; Nexus 5X Build/MMB29P) AppleWebKit/537.36 (KHTML, like Gecko) Chrome/80.0.3987.92 Mobile Safari/537.36 (compatible; Googlebot/2.1; +http://www.google.com/bot.html)"
66.249.65.172 - - [14/Sep/2020:03:58:00 +0000] "GET /ru/item/bluza-polumjanij-vihor/ HTTP/1.1" 200 13557 "-" "Mozilla/5.0 (Linux; Android 6.0.1; Nexus 5X Build/MMB29P) AppleWebKit/537.36 (KHTML, like Gecko) Chrome/80.0.3987.92 Mobile Safari/537.36 (compatible; Googlebot/2.1; +http://www.google.com/bot.html)"
66.249.65.172 - - [14/Sep/2020:03:58:03 +0000] "GET /ru/item/kostjum-trikotazhnij-7/ HTTP/1.1" 200 14036 "-" "Mozilla/5.0 (Linux; Android 6.0.1; Nexus 5X Build/MMB29P) AppleWebKit/537.36 (KHTML, like Gecko) Chrome/80.0.3987.92 Mobile Safari/537.36 (compatible; Googlebot/2.1; +http://www.google.com/bot.html)"
66.249.65.172 - - [14/Sep/2020:03:58:14 +0000] "GET /ru/item/bluza-makova-gratsja-5/ HTTP/1.1" 200 13659 "-" "Mozilla/5.0 (Linux; Android 6.0.1; Nexus 5X Build/MMB29P) AppleWebKit/537.36 (KHTML, like Gecko) Chrome/80.0.3987.92 Mobile Safari/537.36 (compatible; Googlebot/2.1; +http://www.google.com/bot.html)"
66.249.65.172 - - [14/Sep/2020:03:58:22 +0000] "GET /ru/item/kostjum-trikotazhnij-5/ HTTP/1.1" 200 13663 "-" "Mozilla/5.0 (Linux; Android 6.0.1; Nexus 5X Build/MMB29P) AppleWebKit/537.36 (KHTML, like Gecko) Chrome/80.0.3987.92 Mobile Safari/537.36 (compatible; Googlebot/2.1; +http://www.google.com/bot.html)"
66.249.65.172 - - [14/Sep/2020:03:58:29 +0000] "GET /ru/item/bluza-kvtkova-fantazja/ HTTP/1.1" 200 13588 "-" "Mozilla/5.0 (Linux; Android 6.0.1; Nexus 5X Build/MMB29P) AppleWebKit/537.36 (KHTML, like Gecko) Chrome/80.0.3987.92 Mobile Safari/537.36 (compatible; Googlebot/2.1; +http://www.google.com/bot.html)"
66.249.65.172 - - [14/Sep/2020:03:58:33 +0000] "GET /ru/item/bluza-makova-gratsja-7/ HTTP/1.1" 200 13629 "-" "Mozilla/5.0 (Linux; Android 6.0.1; Nexus 5X Build/MMB29P) AppleWebKit/537.36 (KHTML, like Gecko) Chrome/80.0.3987.92 Mobile Safari/537.36 (compatible; Googlebot/2.1; +http://www.google.com/bot.html)"
66.249.65.172 - - [14/Sep/2020:03:58:38 +0000] "GET /ru/item/smejn-rzdvjan-svtshoti/ HTTP/1.1" 200 13075 "-" "Mozilla/5.0 (Linux; Android 6.0.1; Nexus 5X Build/MMB29P) AppleWebKit/537.36 (KHTML, like Gecko) Chrome/80.0.3987.92 Mobile Safari/537.36 (compatible; Googlebot/2.1; +http://www.google.com/bot.html)"
5.255.253.156 - - [14/Sep/2020:03:58:43 +0000] "GET /item/nutella-z-vishneju/ HTTP/1.1" 200 8720 "-" "Mozilla/5.0 (compatible; YandexBot/3.0; +http://yandex.com/bots)"
31.145.125.58 - - [14/Sep/2020:03:58:46 +0000] "GET /static/img/Mastercard.png HTTP/1.1" 200 1055 "-" "Mozilla/5.0 (Linux; Android 8.1.0; Mi A2 Build/OPM1.171019.011; wv) AppleWebKit/537.36 (KHTML, like Gecko) Version/4.0 Chrome/71.0.3578.99 Mobile Safari/537.36"
31.145.125.58 - - [14/Sep/2020:03:58:46 +0000] "GET /static/img/Mastercard.png HTTP/1.1" 200 1055 "-" "Mozilla/5.0 (Linux; Android 8.1.0; Mi A2 Build/OPM1.171019.011; wv) AppleWebKit/537.36 (KHTML, like Gecko) Version/4.0 Chrome/71.0.3578.99 Mobile Safari/537.36"
66.249.65.172 - - [14/Sep/2020:03:58:46 +0000] "GET /item/vishita-bluza-bilogo-koloru-z-chornoyu-vishivkoyu-merezhivni-sni/ HTTP/1.1" 200 13005 "-" "Mozilla/5.0 (Linux; Android 6.0.1; Nexus 5X Build/MMB29P) AppleWebKit/537.36 (KHTML, like Gecko) Chrome/80.0.3987.92 Mobile Safari/537.36 (compatible; Googlebot/2.1; +http://www.google.com/bot.html)"
66.249.65.172 - - [14/Sep/2020:03:58:51 +0000] "GET /ru/item/bluza-makova-gratsja-3/ HTTP/1.1" 200 13572 "-" "Mozilla/5.0 (Linux; Android 6.0.1; Nexus 5X Build/MMB29P) AppleWebKit/537.36 (KHTML, like Gecko) Chrome/80.0.3987.92 Mobile Safari/537.36 (compatible; Googlebot/2.1; +http://www.google.com/bot.html)"
66.249.65.176 - - [14/Sep/2020:03:59:06 +0000] "GET /ru/item/futbolka-lyudmila-3/ HTTP/1.1" 200 13033 "-" "Mozilla/5.0 (Linux; Android 6.0.1; Nexus 5X Build/MMB29P) AppleWebKit/537.36 (KHTML, like Gecko) Chrome/80.0.3987.92 Mobile Safari/537.36 (compatible; Googlebot/2.1; +http://www.google.com/bot.html)"
66.249.65.174 - - [14/Sep/2020:03:59:10 +0000] "GET /item/vishitij-komplekt-dlya-pari-temno-sinogo-koloru-motivi-geometriyi/ HTTP/1.1" 200 12741 "-" "Mozilla/5.0 (Linux; Android 6.0.1; Nexus 5X Build/MMB29P) AppleWebKit/537.36 (KHTML, like Gecko) Chrome/80.0.3987.92 Mobile Safari/537.36 (compatible; Googlebot/2.1; +http://www.google.com/bot.html)"
66.249.65.172 - - [14/Sep/2020:03:59:19 +0000] "GET /ru/item/kostjum-trikotazhnij/ HTTP/1.1" 200 13573 "-" "Mozilla/5.0 (Linux; Android 6.0.1; Nexus 5X Build/MMB29P) AppleWebKit/537.36 (KHTML, like Gecko) Chrome/80.0.3987.92 Mobile Safari/537.36 (compatible; Googlebot/2.1; +http://www.google.com/bot.html)"
66.249.65.172 - - [14/Sep/2020:03:59:23 +0000] "GET /ru/item/futbolka-cholovcha-5/ HTTP/1.1" 200 13268 "-" "Mozilla/5.0 (Linux; Android 6.0.1; Nexus 5X Build/MMB29P) AppleWebKit/537.36 (KHTML, like Gecko) Chrome/80.0.3987.92 Mobile Safari/537.36 (compatible; Googlebot/2.1; +http://www.google.com/bot.html)"
66.249.65.172 - - [14/Sep/2020:03:59:29 +0000] "GET /ru/item/bluza-agnesa-pljus-1/ HTTP/1.1" 200 13797 "-" "Mozilla/5.0 (Linux; Android 6.0.1; Nexus 5X Build/MMB29P) AppleWebKit/537.36 (KHTML, like Gecko) Chrome/80.0.3987.92 Mobile Safari/537.36 (compatible; Googlebot/2.1; +http://www.google.com/bot.html)"
66.249.65.172 - - [14/Sep/2020:03:59:38 +0000] "GET /ru/item/kostjum-trikotazhnij-11/ HTTP/1.1" 200 13973 "-" "Mozilla/5.0 (Linux; Android 6.0.1; Nexus 5X Build/MMB29P) AppleWebKit/537.36 (KHTML, like Gecko) Chrome/80.0.3987.92 Mobile Safari/537.36 (compatible; Googlebot/2.1; +http://www.google.com/bot.html)"
66.249.65.172 - - [14/Sep/2020:03:59:40 +0000] "GET /items/sukni-na-divchinku/ HTTP/1.1" 200 10554 "-" "Mozilla/5.0 (Linux; Android 6.0.1; Nexus 5X Build/MMB29P) AppleWebKit/537.36 (KHTML, like Gecko) Chrome/80.0.3987.92 Mobile Safari/537.36 (compatible; Googlebot/2.1; +http://www.google.com/bot.html)"
66.249.65.172 - - [14/Sep/2020:03:59:42 +0000] "GET /ru/items/palta-ta-bezrukavki/ HTTP/1.1" 200 10604 "-" "Mozilla/5.0 (Linux; Android 6.0.1; Nexus 5X Build/MMB29P) AppleWebKit/537.36 (KHTML, like Gecko) Chrome/80.0.3987.92 Mobile Safari/537.36 (compatible; Googlebot/2.1; +http://www.google.com/bot.html)"
66.249.65.172 - - [14/Sep/2020:03:59:47 +0000] "GET /ru/items/b%D1%96ser-preciosa/ HTTP/1.1" 200 7270 "-" "Mozilla/5.0 (Linux; Android 6.0.1; Nexus 5X Build/MMB29P) AppleWebKit/537.36 (KHTML, like Gecko) Chrome/80.0.3987.92 Mobile Safari/537.36 (compatible; Googlebot/2.1; +http://www.google.com/bot.html)"
66.249.65.172 - - [14/Sep/2020:03:59:56 +0000] "GET /ru/item/bluza-kvtkovij-ornament/ HTTP/1.1" 200 13056 "-" "Mozilla/5.0 (Linux; Android 6.0.1; Nexus 5X Build/MMB29P) AppleWebKit/537.36 (KHTML, like Gecko) Chrome/80.0.3987.92 Mobile Safari/537.36 (compatible; Googlebot/2.1; +http://www.google.com/bot.html)"
66.249.65.176 - - [14/Sep/2020:04:00:02 +0000] "GET /ru/item/futbolka-cholovcha-6/ HTTP/1.1" 200 13553 "-" "Mozilla/5.0 (Linux; Android 6.0.1; Nexus 5X Build/MMB29P) AppleWebKit/537.36 (KHTML, like Gecko) Chrome/80.0.3987.92 Mobile Safari/537.36 (compatible; Googlebot/2.1; +http://www.google.com/bot.html)"
216.244.66.239 - - [14/Sep/2020:04:00:07 +0000] "GET /gallery/2017/konchil-vnutr-bolshoy-chlen-9.jpg HTTP/1.1" 404 2459 "-" "Mozilla/5.0 (compatible; DotBot/1.1; http://www.opensiteexplorer.org/dotbot, help@moz.com)"
66.249.65.172 - - [14/Sep/2020:04:00:16 +0000] "GET /ru/item/bluza-makova-gratsja/ HTTP/1.1" 200 13696 "-" "Mozilla/5.0 (Linux; Android 6.0.1; Nexus 5X Build/MMB29P) AppleWebKit/537.36 (KHTML, like Gecko) Chrome/80.0.3987.92 Mobile Safari/537.36 (compatible; Googlebot/2.1; +http://www.google.com/bot.html)"
66.249.65.172 - - [14/Sep/2020:04:00:23 +0000] "GET /ru/item/bluza-verhovinka-myatna/ HTTP/1.1" 200 14264 "-" "Mozilla/5.0 (Linux; Android 6.0.1; Nexus 5X Build/MMB29P) AppleWebKit/537.36 (KHTML, like Gecko) Chrome/80.0.3987.92 Mobile Safari/537.36 (compatible; Googlebot/2.1; +http://www.google.com/bot.html)"
91.193.131.162 - - [14/Sep/2020:04:00:24 +0000] "GET /static/img/Mastercard.png HTTP/1.1" 200 1055 "-" "Mozilla/5.0 (Linux; Android 9; SM-A205FN Build/PPR1.180610.011; wv) AppleWebKit/537.36 (KHTML, like Gecko) Version/4.0 Chrome/74.0.3729.136 Mobile Safari/537.36 Viber/13.7.0.6"
91.193.131.162 - - [14/Sep/2020:04:00:24 +0000] "GET /static/img/Mastercard.png HTTP/1.1" 200 1055 "-" "Mozilla/5.0 (Linux; Android 9; SM-A205FN Build/PPR1.180610.011; wv) AppleWebKit/537.36 (KHTML, like Gecko) Version/4.0 Chrome/74.0.3729.136 Mobile Safari/537.36 Viber/13.7.0.6"
66.249.65.172 - - [14/Sep/2020:04:00:30 +0000] "GET /ru/item/kostjum-trikotazhnij-15/ HTTP/1.1" 200 13816 "-" "Mozilla/5.0 (Linux; Android 6.0.1; Nexus 5X Build/MMB29P) AppleWebKit/537.36 (KHTML, like Gecko) Chrome/80.0.3987.92 Mobile Safari/537.36 (compatible; Googlebot/2.1; +http://www.google.com/bot.html)"
31.60.43.64 - - [14/Sep/2020:04:00:32 +0000] "GET /static/img/Mastercard.png HTTP/1.1" 200 1055 "-" "Mozilla/5.0 (Linux; Android 9; Redmi Note 8 Pro Build/PPR1.180610.011; wv) AppleWebKit/537.36 (KHTML, like Gecko) Version/4.0 Chrome/77.0.3865.92 Mobile Safari/537.36 Viber/13.5.0.5"
31.60.43.64 - - [14/Sep/2020:04:00:32 +0000] "GET /static/img/Mastercard.png HTTP/1.1" 200 1055 "-" "Mozilla/5.0 (Linux; Android 9; Redmi Note 8 Pro Build/PPR1.180610.011; wv) AppleWebKit/537.36 (KHTML, like Gecko) Version/4.0 Chrome/77.0.3865.92 Mobile Safari/537.36 Viber/13.5.0.5"
66.249.79.108 - - [14/Sep/2020:04:00:34 +0000] "GET /ru/item/bluza-trojandova-dorzhka/ HTTP/1.1" 200 13426 "-" "Mozilla/5.0 (Linux; Android 6.0.1; Nexus 5X Build/MMB29P) AppleWebKit/537.36 (KHTML, like Gecko) Chrome/80.0.3987.92 Mobile Safari/537.36 (compatible; Googlebot/2.1; +http://www.google.com/bot.html)"
89.113.143.113 - - [14/Sep/2020:04:00:34 +0000] "GET /ru/?gclid=EAIaIQobChMIuPecmuHn6wIVwQJ7Ch3JggsHEAAYASAAEgKqv_D_BwE HTTP/1.1" 200 9015 "https://www.google.com/" "Mozilla/5.0 (Linux; Android 9; MRD-LX1F Build/HUAWEIMRD-LX1F; wv) AppleWebKit/537.36 (KHTML, like Gecko) Version/4.0 Chrome/76.0.3809.132 Mobile Safari/537.36"
89.113.143.113 - - [14/Sep/2020:04:00:34 +0000] "GET /static/libs/fontawesome-free-5.11.2/css/new_all.min.css HTTP/1.1" 200 2726 "https://www.delfibus.com.ua/ru/?gclid=EAIaIQobChMIuPecmuHn6wIVwQJ7Ch3JggsHEAAYASAAEgKqv_D_BwE" "Mozilla/5.0 (Linux; Android 9; MRD-LX1F Build/HUAWEIMRD-LX1F; wv) AppleWebKit/537.36 (KHTML, like Gecko) Version/4.0 Chrome/76.0.3809.132 Mobile Safari/537.36"
89.113.143.113 - - [14/Sep/2020:04:00:34 +0000] "GET /static/css/slick.min.css HTTP/1.1" 200 1328 "https://www.delfibus.com.ua/ru/?gclid=EAIaIQobChMIuPecmuHn6wIVwQJ7Ch3JggsHEAAYASAAEgKqv_D_BwE" "Mozilla/5.0 (Linux; Android 9; MRD-LX1F Build/HUAWEIMRD-LX1F; wv) AppleWebKit/537.36 (KHTML, like Gecko) Version/4.0 Chrome/76.0.3809.132 Mobile Safari/537.36"
89.113.143.113 - - [14/Sep/2020:04:00:34 +0000] "GET /static/css/jquery.fancybox.min.css HTTP/1.1" 200 12795 "https://www.delfibus.com.ua/ru/?gclid=EAIaIQobChMIuPecmuHn6wIVwQJ7Ch3JggsHEAAYASAAEgKqv_D_BwE" "Mozilla/5.0 (Linux; Android 9; MRD-LX1F Build/HUAWEIMRD-LX1F; wv) AppleWebKit/537.36 (KHTML, like Gecko) Version/4.0 Chrome/76.0.3809.132 Mobile Safari/537.36"
89.113.143.113 - - [14/Sep/2020:04:00:34 +0000] "GET /static/css/slick-theme.min.css HTTP/1.1" 200 1989 "https://www.delfibus.com.ua/ru/?gclid=EAIaIQobChMIuPecmuHn6wIVwQJ7Ch3JggsHEAAYASAAEgKqv_D_BwE" "Mozilla/5.0 (Linux; Android 9; MRD-LX1F Build/HUAWEIMRD-LX1F; wv) AppleWebKit/537.36 (KHTML, like Gecko) Version/4.0 Chrome/76.0.3809.132 Mobile Safari/537.36"
89.113.143.113 - - [14/Sep/2020:04:00:34 +0000] "GET /static/css/style.min.css HTTP/1.1" 200 65678 "https://www.delfibus.com.ua/ru/?gclid=EAIaIQobChMIuPecmuHn6wIVwQJ7Ch3JggsHEAAYASAAEgKqv_D_BwE" "Mozilla/5.0 (Linux; Android 9; MRD-LX1F Build/HUAWEIMRD-LX1F; wv) AppleWebKit/537.36 (KHTML, like Gecko) Version/4.0 Chrome/76.0.3809.132 Mobile Safari/537.36"
89.113.143.113 - - [14/Sep/2020:04:00:34 +0000] "GET /static/css/datepicker.min.css HTTP/1.1" 200 12257 "https://www.delfibus.com.ua/ru/?gclid=EAIaIQobChMIuPecmuHn6wIVwQJ7Ch3JggsHEAAYASAAEgKqv_D_BwE" "Mozilla/5.0 (Linux; Android 9; MRD-LX1F Build/HUAWEIMRD-LX1F; wv) AppleWebKit/537.36 (KHTML, like Gecko) Version/4.0 Chrome/76.0.3809.132 Mobile Safari/537.36"
89.113.143.113 - - [14/Sep/2020:04:00:35 +0000] "GET /static/img/logo.svg HTTP/1.1" 200 27557 "https://www.delfibus.com.ua/ru/?gclid=EAIaIQobChMIuPecmuHn6wIVwQJ7Ch3JggsHEAAYASAAEgKqv_D_BwE" "Mozilla/5.0 (Linux; Android 9; MRD-LX1F Build/HUAWEIMRD-LX1F; wv) AppleWebKit/537.36 (KHTML, like Gecko) Version/4.0 Chrome/76.0.3809.132 Mobile Safari/537.36"
89.113.143.113 - - [14/Sep/2020:04:00:35 +0000] "GET /static/img/svg/phone-alt-solid.svg HTTP/1.1" 200 498 "https://www.delfibus.com.ua/ru/?gclid=EAIaIQobChMIuPecmuHn6wIVwQJ7Ch3JggsHEAAYASAAEgKqv_D_BwE" "Mozilla/5.0 (Linux; Android 9; MRD-LX1F Build/HUAWEIMRD-LX1F; wv) AppleWebKit/537.36 (KHTML, like Gecko) Version/4.0 Chrome/76.0.3809.132 Mobile Safari/537.36"
89.113.143.113 - - [14/Sep/2020:04:00:35 +0000] "GET /jsi18n/ HTTP/1.1" 200 15340 "https://www.delfibus.com.ua/ru/?gclid=EAIaIQobChMIuPecmuHn6wIVwQJ7Ch3JggsHEAAYASAAEgKqv_D_BwE" "Mozilla/5.0 (Linux; Android 9; MRD-LX1F Build/HUAWEIMRD-LX1F; wv) AppleWebKit/537.36 (KHTML, like Gecko) Version/4.0 Chrome/76.0.3809.132 Mobile Safari/537.36"
89.113.143.113 - - [14/Sep/2020:04:00:35 +0000] "GET /static/js/jquery-3.4.1.min.js HTTP/1.1" 200 88145 "https://www.delfibus.com.ua/ru/?gclid=EAIaIQobChMIuPecmuHn6wIVwQJ7Ch3JggsHEAAYASAAEgKqv_D_BwE" "Mozilla/5.0 (Linux; Android 9; MRD-LX1F Build/HUAWEIMRD-LX1F; wv) AppleWebKit/537.36 (KHTML, like Gecko) Version/4.0 Chrome/76.0.3809.132 Mobile Safari/537.36"
89.113.143.113 - - [14/Sep/2020:04:00:35 +0000] "GET /static/js/blazy.min.js HTTP/1.1" 200 5199 "https://www.delfibus.com.ua/ru/?gclid=EAIaIQobChMIuPecmuHn6wIVwQJ7Ch3JggsHEAAYASAAEgKqv_D_BwE" "Mozilla/5.0 (Linux; Android 9; MRD-LX1F Build/HUAWEIMRD-LX1F; wv) AppleWebKit/537.36 (KHTML, like Gecko) Version/4.0 Chrome/76.0.3809.132 Mobile Safari/537.36"
89.113.143.113 - - [14/Sep/2020:04:00:35 +0000] "GET /static/js/maskinput.min.js HTTP/1.1" 200 4112 "https://www.delfibus.com.ua/ru/?gclid=EAIaIQobChMIuPecmuHn6wIVwQJ7Ch3JggsHEAAYASAAEgKqv_D_BwE" "Mozilla/5.0 (Linux; Android 9; MRD-LX1F Build/HUAWEIMRD-LX1F; wv) AppleWebKit/537.36 (KHTML, like Gecko) Version/4.0 Chrome/76.0.3809.132 Mobile Safari/537.36"
89.113.143.113 - - [14/Sep/2020:04:00:35 +0000] "GET /static/js/datepicker.min.js HTTP/1.1" 200 35542 "https://www.delfibus.com.ua/ru/?gclid=EAIaIQobChMIuPecmuHn6wIVwQJ7Ch3JggsHEAAYASAAEgKqv_D_BwE" "Mozilla/5.0 (Linux; Android 9; MRD-LX1F Build/HUAWEIMRD-LX1F; wv) AppleWebKit/537.36 (KHTML, like Gecko) Version/4.0 Chrome/76.0.3809.132 Mobile Safari/537.36"
89.113.143.113 - - [14/Sep/2020:04:00:35 +0000] "GET /static/js/slick.min.js HTTP/1.1" 200 42863 "https://www.delfibus.com.ua/ru/?gclid=EAIaIQobChMIuPecmuHn6wIVwQJ7Ch3JggsHEAAYASAAEgKqv_D_BwE" "Mozilla/5.0 (Linux; Android 9; MRD-LX1F Build/HUAWEIMRD-LX1F; wv) AppleWebKit/537.36 (KHTML, like Gecko) Version/4.0 Chrome/76.0.3809.132 Mobile Safari/537.36"
89.113.143.113 - - [14/Sep/2020:04:00:35 +0000] "GET /static/libs/fontawesome-free-5.11.2/webfonts/fa-regular-400.woff2 HTTP/1.1" 200 13584 "https://www.delfibus.com.ua/static/libs/fontawesome-free-5.11.2/css/new_all.min.css" "Mozilla/5.0 (Linux; Android 9; MRD-LX1F Build/HUAWEIMRD-LX1F; wv) AppleWebKit/537.36 (KHTML, like Gecko) Version/4.0 Chrome/76.0.3809.132 Mobile Safari/537.36"
89.113.143.113 - - [14/Sep/2020:04:00:35 +0000] "GET /static/libs/fontawesome-free-5.11.2/webfonts/fa-brands-400.woff2 HTTP/1.1" 200 75336 "https://www.delfibus.com.ua/static/libs/fontawesome-free-5.11.2/css/new_all.min.css" "Mozilla/5.0 (Linux; Android 9; MRD-LX1F Build/HUAWEIMRD-LX1F; wv) AppleWebKit/537.36 (KHTML, like Gecko) Version/4.0 Chrome/76.0.3809.132 Mobile Safari/537.36"
89.113.143.113 - - [14/Sep/2020:04:00:35 +0000] "GET /static/js/jquery.fancybox.min.js HTTP/1.1" 200 68253 "https://www.delfibus.com.ua/ru/?gclid=EAIaIQobChMIuPecmuHn6wIVwQJ7Ch3JggsHEAAYASAAEgKqv_D_BwE" "Mozilla/5.0 (Linux; Android 9; MRD-LX1F Build/HUAWEIMRD-LX1F; wv) AppleWebKit/537.36 (KHTML, like Gecko) Version/4.0 Chrome/76.0.3809.132 Mobile Safari/537.36"
89.113.143.113 - - [14/Sep/2020:04:00:35 +0000] "GET /static/js/script.js HTTP/1.1" 200 32918 "https://www.delfibus.com.ua/ru/?gclid=EAIaIQobChMIuPecmuHn6wIVwQJ7Ch3JggsHEAAYASAAEgKqv_D_BwE" "Mozilla/5.0 (Linux; Android 9; MRD-LX1F Build/HUAWEIMRD-LX1F; wv) AppleWebKit/537.36 (KHTML, like Gecko) Version/4.0 Chrome/76.0.3809.132 Mobile Safari/537.36"
89.113.143.113 - - [14/Sep/2020:04:00:35 +0000] "GET /static/img/svg/galere_main_page.svg HTTP/1.1" 200 1470 "https://www.delfibus.com.ua/ru/?gclid=EAIaIQobChMIuPecmuHn6wIVwQJ7Ch3JggsHEAAYASAAEgKqv_D_BwE" "Mozilla/5.0 (Linux; Android 9; MRD-LX1F Build/HUAWEIMRD-LX1F; wv) AppleWebKit/537.36 (KHTML, like Gecko) Version/4.0 Chrome/76.0.3809.132 Mobile Safari/537.36"
89.113.143.113 - - [14/Sep/2020:04:00:35 +0000] "GET /static/img/svg/money.svg HTTP/1.1" 200 2579 "https://www.delfibus.com.ua/ru/?gclid=EAIaIQobChMIuPecmuHn6wIVwQJ7Ch3JggsHEAAYASAAEgKqv_D_BwE" "Mozilla/5.0 (Linux; Android 9; MRD-LX1F Build/HUAWEIMRD-LX1F; wv) AppleWebKit/537.36 (KHTML, like Gecko) Version/4.0 Chrome/76.0.3809.132 Mobile Safari/537.36"
89.113.143.113 - - [14/Sep/2020:04:00:36 +0000] "GET /static/img/svg/map_marcer_main_page.svg HTTP/1.1" 200 2133 "https://www.delfibus.com.ua/ru/?gclid=EAIaIQobChMIuPecmuHn6wIVwQJ7Ch3JggsHEAAYASAAEgKqv_D_BwE" "Mozilla/5.0 (Linux; Android 9; MRD-LX1F Build/HUAWEIMRD-LX1F; wv) AppleWebKit/537.36 (KHTML, like Gecko) Version/4.0 Chrome/76.0.3809.132 Mobile Safari/537.36"
89.113.143.113 - - [14/Sep/2020:04:00:36 +0000] "GET /static/img/svg/air_main_page.svg HTTP/1.1" 200 1675 "https://www.delfibus.com.ua/ru/?gclid=EAIaIQobChMIuPecmuHn6wIVwQJ7Ch3JggsHEAAYASAAEgKqv_D_BwE" "Mozilla/5.0 (Linux; Android 9; MRD-LX1F Build/HUAWEIMRD-LX1F; wv) AppleWebKit/537.36 (KHTML, like Gecko) Version/4.0 Chrome/76.0.3809.132 Mobile Safari/537.36"
89.113.143.113 - - [14/Sep/2020:04:00:36 +0000] "GET /static/img/svg/reviews_ico.svg HTTP/1.1" 200 1694 "https://www.delfibus.com.ua/ru/?gclid=EAIaIQobChMIuPecmuHn6wIVwQJ7Ch3JggsHEAAYASAAEgKqv_D_BwE" "Mozilla/5.0 (Linux; Android 9; MRD-LX1F Build/HUAWEIMRD-LX1F; wv) AppleWebKit/537.36 (KHTML, like Gecko) Version/4.0 Chrome/76.0.3809.132 Mobile Safari/537.36"
89.113.143.113 - - [14/Sep/2020:04:00:36 +0000] "GET /static/img/svg/play-solid.svg HTTP/1.1" 200 335 "https://www.delfibus.com.ua/ru/?gclid=EAIaIQobChMIuPecmuHn6wIVwQJ7Ch3JggsHEAAYASAAEgKqv_D_BwE" "Mozilla/5.0 (Linux; Android 9; MRD-LX1F Build/HUAWEIMRD-LX1F; wv) AppleWebKit/537.36 (KHTML, like Gecko) Version/4.0 Chrome/76.0.3809.132 Mobile Safari/537.36"
89.113.143.113 - - [14/Sep/2020:04:00:36 +0000] "GET /static/img/Mastercard.png HTTP/1.1" 200 1055 "https://www.delfibus.com.ua/ru/?gclid=EAIaIQobChMIuPecmuHn6wIVwQJ7Ch3JggsHEAAYASAAEgKqv_D_BwE" "Mozilla/5.0 (Linux; Android 9; MRD-LX1F Build/HUAWEIMRD-LX1F; wv) AppleWebKit/537.36 (KHTML, like Gecko) Version/4.0 Chrome/76.0.3809.132 Mobile Safari/537.36"
89.113.143.113 - - [14/Sep/2020:04:00:36 +0000] "GET /static/img/visa-logo.png HTTP/1.1" 200 1816 "https://www.delfibus.com.ua/ru/?gclid=EAIaIQobChMIuPecmuHn6wIVwQJ7Ch3JggsHEAAYASAAEgKqv_D_BwE" "Mozilla/5.0 (Linux; Android 9; MRD-LX1F Build/HUAWEIMRD-LX1F; wv) AppleWebKit/537.36 (KHTML, like Gecko) Version/4.0 Chrome/76.0.3809.132 Mobile Safari/537.36"
89.113.143.113 - - [14/Sep/2020:04:00:36 +0000] "GET /static/img/svg/om-logo.svg HTTP/1.1" 200 9323 "https://www.delfibus.com.ua/ru/?gclid=EAIaIQobChMIuPecmuHn6wIVwQJ7Ch3JggsHEAAYASAAEgKqv_D_BwE" "Mozilla/5.0 (Linux; Android 9; MRD-LX1F Build/HUAWEIMRD-LX1F; wv) AppleWebKit/537.36 (KHTML, like Gecko) Version/4.0 Chrome/76.0.3809.132 Mobile Safari/537.36"
89.113.143.113 - - [14/Sep/2020:04:00:36 +0000] "GET /static/img/svg/kivstar.svg HTTP/1.1" 200 1624 "https://www.delfibus.com.ua/static/css/style.min.css" "Mozilla/5.0 (Linux; Android 9; MRD-LX1F Build/HUAWEIMRD-LX1F; wv) AppleWebKit/537.36 (KHTML, like Gecko) Version/4.0 Chrome/76.0.3809.132 Mobile Safari/537.36"
89.113.143.113 - - [14/Sep/2020:04:00:36 +0000] "GET /static/img/svg/lifecell.svg HTTP/1.1" 200 510 "https://www.delfibus.com.ua/static/css/style.min.css" "Mozilla/5.0 (Linux; Android 9; MRD-LX1F Build/HUAWEIMRD-LX1F; wv) AppleWebKit/537.36 (KHTML, like Gecko) Version/4.0 Chrome/76.0.3809.132 Mobile Safari/537.36"
89.113.143.113 - - [14/Sep/2020:04:00:36 +0000] "GET /static/img/svg/vodafone.svg HTTP/1.1" 200 480 "https://www.delfibus.com.ua/static/css/style.min.css" "Mozilla/5.0 (Linux; Android 9; MRD-LX1F Build/HUAWEIMRD-LX1F; wv) AppleWebKit/537.36 (KHTML, like Gecko) Version/4.0 Chrome/76.0.3809.132 Mobile Safari/537.36"
89.113.143.113 - - [14/Sep/2020:04:00:36 +0000] "GET /static/img/svg/check-solid.svg HTTP/1.1" 200 500 "https://www.delfibus.com.ua/static/css/style.min.css" "Mozilla/5.0 (Linux; Android 9; MRD-LX1F Build/HUAWEIMRD-LX1F; wv) AppleWebKit/537.36 (KHTML, like Gecko) Version/4.0 Chrome/76.0.3809.132 Mobile Safari/537.36"
89.113.143.113 - - [14/Sep/2020:04:00:36 +0000] "GET /static/img/svg/clock-regular.svg HTTP/1.1" 200 554 "https://www.delfibus.com.ua/static/css/style.min.css" "Mozilla/5.0 (Linux; Android 9; MRD-LX1F Build/HUAWEIMRD-LX1F; wv) AppleWebKit/537.36 (KHTML, like Gecko) Version/4.0 Chrome/76.0.3809.132 Mobile Safari/537.36"
89.113.143.113 - - [14/Sep/2020:04:00:36 +0000] "GET /static/img/svg/map-marker-alt-solid.svg HTTP/1.1" 200 492 "https://www.delfibus.com.ua/static/css/style.min.css" "Mozilla/5.0 (Linux; Android 9; MRD-LX1F Build/HUAWEIMRD-LX1F; wv) AppleWebKit/537.36 (KHTML, like Gecko) Version/4.0 Chrome/76.0.3809.132 Mobile Safari/537.36"
89.113.143.113 - - [14/Sep/2020:04:00:36 +0000] "POST /set_params/ HTTP/1.1" 200 4492 "https://www.delfibus.com.ua/ru/?gclid=EAIaIQobChMIuPecmuHn6wIVwQJ7Ch3JggsHEAAYASAAEgKqv_D_BwE" "Mozilla/5.0 (Linux; Android 9; MRD-LX1F Build/HUAWEIMRD-LX1F; wv) AppleWebKit/537.36 (KHTML, like Gecko) Version/4.0 Chrome/76.0.3809.132 Mobile Safari/537.36"
89.113.143.113 - - [14/Sep/2020:04:00:37 +0000] "GET /static/img/header_bg-img.jpg HTTP/1.1" 200 100973 "https://www.delfibus.com.ua/ru/?gclid=EAIaIQobChMIuPecmuHn6wIVwQJ7Ch3JggsHEAAYASAAEgKqv_D_BwE" "Mozilla/5.0 (Linux; Android 9; MRD-LX1F Build/HUAWEIMRD-LX1F; wv) AppleWebKit/537.36 (KHTML, like Gecko) Version/4.0 Chrome/76.0.3809.132 Mobile Safari/537.36"
89.113.143.113 - - [14/Sep/2020:04:00:37 +0000] "GET /static/favicon.ico HTTP/1.1" 200 160574 "https://www.delfibus.com.ua/ru/?gclid=EAIaIQobChMIuPecmuHn6wIVwQJ7Ch3JggsHEAAYASAAEgKqv_D_BwE" "Mozilla/5.0 (Linux; Android 9; MRD-LX1F Build/HUAWEIMRD-LX1F; wv) AppleWebKit/537.36 (KHTML, like Gecko) Version/4.0 Chrome/76.0.3809.132 Mobile Safari/537.36"
66.249.65.172 - - [14/Sep/2020:04:00:39 +0000] "GET /ru/item/futbolka-cholovcha-4/ HTTP/1.1" 200 13433 "-" "Mozilla/5.0 (Linux; Android 6.0.1; Nexus 5X Build/MMB29P) AppleWebKit/537.36 (KHTML, like Gecko) Chrome/80.0.3987.92 Mobile Safari/537.36 (compatible; Googlebot/2.1; +http://www.google.com/bot.html)"
66.249.65.172 - - [14/Sep/2020:04:00:47 +0000] "GET /ru/item/sorochka-cholovcha-7/ HTTP/1.1" 200 13589 "-" "Mozilla/5.0 (Linux; Android 6.0.1; Nexus 5X Build/MMB29P) AppleWebKit/537.36 (KHTML, like Gecko) Chrome/80.0.3987.92 Mobile Safari/537.36 (compatible; Googlebot/2.1; +http://www.google.com/bot.html)"
216.244.66.239 - - [14/Sep/2020:04:00:48 +0000] "GET /gallery/2017/narezka-mnogo-spermi-smotret-onlayn-2.jpg HTTP/1.1" 404 2483 "-" "Mozilla/5.0 (compatible; DotBot/1.1; http://www.opensiteexplorer.org/dotbot, help@moz.com)"
66.249.65.172 - - [14/Sep/2020:04:00:50 +0000] "GET /ru/item/smejn-rzdvjan-svtshoti-9/ HTTP/1.1" 200 13314 "-" "Mozilla/5.0 (Linux; Android 6.0.1; Nexus 5X Build/MMB29P) AppleWebKit/537.36 (KHTML, like Gecko) Chrome/80.0.3987.92 Mobile Safari/537.36 (compatible; Googlebot/2.1; +http://www.google.com/bot.html)"
66.249.65.172 - - [14/Sep/2020:04:00:56 +0000] "GET /ru/item/smejn-rzdvjan-svtshoti-8/ HTTP/1.1" 200 13153 "-" "Mozilla/5.0 (Linux; Android 6.0.1; Nexus 5X Build/MMB29P) AppleWebKit/537.36 (KHTML, like Gecko) Chrome/80.0.3987.92 Mobile Safari/537.36 (compatible; Googlebot/2.1; +http://www.google.com/bot.html)"
66.249.65.172 - - [14/Sep/2020:04:01:04 +0000] "GET /ru/item/plattja-gerdan-sportivne/ HTTP/1.1" 200 13545 "-" "Mozilla/5.0 (Linux; Android 6.0.1; Nexus 5X Build/MMB29P) AppleWebKit/537.36 (KHTML, like Gecko) Chrome/80.0.3987.92 Mobile Safari/537.36 (compatible; Googlebot/2.1; +http://www.google.com/bot.html)"
212.115.244.254 - - [14/Sep/2020:04:01:04 +0000] "GET /static/img/Mastercard.png HTTP/1.1" 200 1055 "-" "Mozilla/5.0 (Linux; Android 9; SM-A505FN Build/PPR1.180610.011; wv) AppleWebKit/537.36 (KHTML, like Gecko) Version/4.0 Chrome/74.0.3729.136 Mobile Safari/537.36 Viber/13.7.0.6"
212.115.244.254 - - [14/Sep/2020:04:01:04 +0000] "GET /static/img/Mastercard.png HTTP/1.1" 200 1055 "-" "Mozilla/5.0 (Linux; Android 9; SM-A505FN Build/PPR1.180610.011; wv) AppleWebKit/537.36 (KHTML, like Gecko) Version/4.0 Chrome/74.0.3729.136 Mobile Safari/537.36 Viber/13.7.0.6"
66.249.65.172 - - [14/Sep/2020:04:01:08 +0000] "GET /ru/item/bluza-polumjanij-vihor-2/ HTTP/1.1" 200 13114 "-" "Mozilla/5.0 (Linux; Android 6.0.1; Nexus 5X Build/MMB29P) AppleWebKit/537.36 (KHTML, like Gecko) Chrome/80.0.3987.92 Mobile Safari/537.36 (compatible; Googlebot/2.1; +http://www.google.com/bot.html)"
66.249.65.172 - - [14/Sep/2020:04:01:24 +0000] "GET /ru/item/bluza-vishivanochka-5/ HTTP/1.1" 200 13678 "-" "Mozilla/5.0 (Linux; Android 6.0.1; Nexus 5X Build/MMB29P) AppleWebKit/537.36 (KHTML, like Gecko) Chrome/80.0.3987.92 Mobile Safari/537.36 (compatible; Googlebot/2.1; +http://www.google.com/bot.html)"
89.113.143.113 - - [14/Sep/2020:04:01:30 +0000] "GET /order/ HTTP/1.1" 302 5 "https://www.delfibus.com.ua/ru/?gclid=EAIaIQobChMIuPecmuHn6wIVwQJ7Ch3JggsHEAAYASAAEgKqv_D_BwE" "Mozilla/5.0 (Linux; Android 9; MRD-LX1F Build/HUAWEIMRD-LX1F; wv) AppleWebKit/537.36 (KHTML, like Gecko) Version/4.0 Chrome/76.0.3809.132 Mobile Safari/537.36"
89.113.143.113 - - [14/Sep/2020:04:01:31 +0000] "GET /ru/order/ HTTP/1.1" 200 23402 "https://www.delfibus.com.ua/ru/?gclid=EAIaIQobChMIuPecmuHn6wIVwQJ7Ch3JggsHEAAYASAAEgKqv_D_BwE" "Mozilla/5.0 (Linux; Android 9; MRD-LX1F Build/HUAWEIMRD-LX1F; wv) AppleWebKit/537.36 (KHTML, like Gecko) Version/4.0 Chrome/76.0.3809.132 Mobile Safari/537.36"
89.113.143.113 - - [14/Sep/2020:04:01:31 +0000] "GET /static/img/order_bus.jpg HTTP/1.1" 200 48246 "https://www.delfibus.com.ua/ru/order/" "Mozilla/5.0 (Linux; Android 9; MRD-LX1F Build/HUAWEIMRD-LX1F; wv) AppleWebKit/537.36 (KHTML, like Gecko) Version/4.0 Chrome/76.0.3809.132 Mobile Safari/537.36"
89.113.143.113 - - [14/Sep/2020:04:01:31 +0000] "GET /static/js/lib/validation.min.js HTTP/1.1" 200 23071 "https://www.delfibus.com.ua/ru/order/" "Mozilla/5.0 (Linux; Android 9; MRD-LX1F Build/HUAWEIMRD-LX1F; wv) AppleWebKit/537.36 (KHTML, like Gecko) Version/4.0 Chrome/76.0.3809.132 Mobile Safari/537.36"
89.113.143.113 - - [14/Sep/2020:04:01:31 +0000] "GET /jsi18n/ HTTP/1.1" 200 15340 "https://www.delfibus.com.ua/ru/order/" "Mozilla/5.0 (Linux; Android 9; MRD-LX1F Build/HUAWEIMRD-LX1F; wv) AppleWebKit/537.36 (KHTML, like Gecko) Version/4.0 Chrome/76.0.3809.132 Mobile Safari/537.36"
89.113.143.113 - - [14/Sep/2020:04:01:31 +0000] "GET /static/js/ajax_form.js HTTP/1.1" 200 7874 "https://www.delfibus.com.ua/ru/order/" "Mozilla/5.0 (Linux; Android 9; MRD-LX1F Build/HUAWEIMRD-LX1F; wv) AppleWebKit/537.36 (KHTML, like Gecko) Version/4.0 Chrome/76.0.3809.132 Mobile Safari/537.36"
89.113.143.113 - - [14/Sep/2020:04:01:31 +0000] "GET /static/js/order_bus.js HTTP/1.1" 200 50465 "https://www.delfibus.com.ua/ru/order/" "Mozilla/5.0 (Linux; Android 9; MRD-LX1F Build/HUAWEIMRD-LX1F; wv) AppleWebKit/537.36 (KHTML, like Gecko) Version/4.0 Chrome/76.0.3809.132 Mobile Safari/537.36"
89.113.143.113 - - [14/Sep/2020:04:01:31 +0000] "GET /static/img/evrop_img.jpg HTTP/1.1" 200 97864 "https://www.delfibus.com.ua/ru/order/" "Mozilla/5.0 (Linux; Android 9; MRD-LX1F Build/HUAWEIMRD-LX1F; wv) AppleWebKit/537.36 (KHTML, like Gecko) Version/4.0 Chrome/76.0.3809.132 Mobile Safari/537.36"
89.113.143.113 - - [14/Sep/2020:04:01:32 +0000] "GET /static/img/svg/box.svg HTTP/1.1" 200 3271 "https://www.delfibus.com.ua/ru/order/" "Mozilla/5.0 (Linux; Android 9; MRD-LX1F Build/HUAWEIMRD-LX1F; wv) AppleWebKit/537.36 (KHTML, like Gecko) Version/4.0 Chrome/76.0.3809.132 Mobile Safari/537.36"
89.113.143.113 - - [14/Sep/2020:04:01:32 +0000] "GET /static/img/svg/logo_tisket.svg HTTP/1.1" 200 27638 "https://www.delfibus.com.ua/ru/order/" "Mozilla/5.0 (Linux; Android 9; MRD-LX1F Build/HUAWEIMRD-LX1F; wv) AppleWebKit/537.36 (KHTML, like Gecko) Version/4.0 Chrome/76.0.3809.132 Mobile Safari/537.36"
89.113.143.113 - - [14/Sep/2020:04:01:32 +0000] "POST /set_params/ HTTP/1.1" 200 4579 "https://www.delfibus.com.ua/ru/order/" "Mozilla/5.0 (Linux; Android 9; MRD-LX1F Build/HUAWEIMRD-LX1F; wv) AppleWebKit/537.36 (KHTML, like Gecko) Version/4.0 Chrome/76.0.3809.132 Mobile Safari/537.36"
66.249.65.172 - - [14/Sep/2020:04:01:33 +0000] "GET /ru/item/sorochka-cholovcha-19/ HTTP/1.1" 200 12386 "-" "Mozilla/5.0 (Linux; Android 6.0.1; Nexus 5X Build/MMB29P) AppleWebKit/537.36 (KHTML, like Gecko) Chrome/80.0.3987.92 Mobile Safari/537.36 (compatible; Googlebot/2.1; +http://www.google.com/bot.html)"
89.113.143.113 - - [14/Sep/2020:04:01:33 +0000] "POST /set_params/ HTTP/1.1" 200 4579 "https://www.delfibus.com.ua/ru/order/" "Mozilla/5.0 (Linux; Android 9; MRD-LX1F Build/HUAWEIMRD-LX1F; wv) AppleWebKit/537.36 (KHTML, like Gecko) Version/4.0 Chrome/76.0.3809.132 Mobile Safari/537.36"
66.249.65.172 - - [14/Sep/2020:04:01:42 +0000] "GET /ru/item/smejn-rzdvjan-svtshoti-4/ HTTP/1.1" 200 13078 "-" "Mozilla/5.0 (Linux; Android 6.0.1; Nexus 5X Build/MMB29P) AppleWebKit/537.36 (KHTML, like Gecko) Chrome/80.0.3987.92 Mobile Safari/537.36 (compatible; Googlebot/2.1; +http://www.google.com/bot.html)"
89.113.143.113 - - [14/Sep/2020:04:01:44 +0000] "GET /static/libs/fontawesome-free-5.11.2/webfonts/fa-solid-900.woff2 HTTP/1.1" 200 75728 "https://www.delfibus.com.ua/static/libs/fontawesome-free-5.11.2/css/new_all.min.css" "Mozilla/5.0 (Linux; Android 9; MRD-LX1F Build/HUAWEIMRD-LX1F; wv) AppleWebKit/537.36 (KHTML, like Gecko) Version/4.0 Chrome/76.0.3809.132 Mobile Safari/537.36"
66.249.65.172 - - [14/Sep/2020:04:01:49 +0000] "GET /ru/item/svtshot-zorjanij-sinj/ HTTP/1.1" 200 13554 "-" "Mozilla/5.0 (Linux; Android 6.0.1; Nexus 5X Build/MMB29P) AppleWebKit/537.36 (KHTML, like Gecko) Chrome/80.0.3987.92 Mobile Safari/537.36 (compatible; Googlebot/2.1; +http://www.google.com/bot.html)"
89.113.143.113 - - [14/Sep/2020:04:01:50 +0000] "POST /set_params/ HTTP/1.1" 200 4759 "https://www.delfibus.com.ua/ru/order/" "Mozilla/5.0 (Linux; Android 9; MRD-LX1F Build/HUAWEIMRD-LX1F; wv) AppleWebKit/537.36 (KHTML, like Gecko) Version/4.0 Chrome/76.0.3809.132 Mobile Safari/537.36"
66.249.65.172 - - [14/Sep/2020:04:02:00 +0000] "GET /ru/item/smejn-rzdvjan-svtshoti-5/ HTTP/1.1" 200 12933 "-" "Mozilla/5.0 (Linux; Android 6.0.1; Nexus 5X Build/MMB29P) AppleWebKit/537.36 (KHTML, like Gecko) Chrome/80.0.3987.92 Mobile Safari/537.36 (compatible; Googlebot/2.1; +http://www.google.com/bot.html)"
66.249.65.172 - - [14/Sep/2020:04:02:06 +0000] "GET /ru/item/smejn-rzdvjan-svtshoti-7/ HTTP/1.1" 200 12860 "-" "Mozilla/5.0 (Linux; Android 6.0.1; Nexus 5X Build/MMB29P) AppleWebKit/537.36 (KHTML, like Gecko) Chrome/80.0.3987.92 Mobile Safari/537.36 (compatible; Googlebot/2.1; +http://www.google.com/bot.html)"
185.191.171.16 - - [14/Sep/2020:04:02:14 +0000] "GET /post/kubota-79/ HTTP/1.1" 200 12602 "-" "Mozilla/5.0 (compatible; SemrushBot/6~bl; +http://www.semrush.com/bot.html)"
66.249.65.172 - - [14/Sep/2020:04:02:15 +0000] "GET /ru/items/vishiapnki-na-divchinku/ HTTP/1.1" 200 10594 "-" "Mozilla/5.0 (Linux; Android 6.0.1; Nexus 5X Build/MMB29P) AppleWebKit/537.36 (KHTML, like Gecko) Chrome/80.0.3987.92 Mobile Safari/537.36 (compatible; Googlebot/2.1; +http://www.google.com/bot.html)"
66.249.65.172 - - [14/Sep/2020:04:02:31 +0000] "GET /ru/item/futbolka-petrikivka/ HTTP/1.1" 200 12529 "-" "Mozilla/5.0 (Linux; Android 6.0.1; Nexus 5X Build/MMB29P) AppleWebKit/537.36 (KHTML, like Gecko) Chrome/80.0.3987.92 Mobile Safari/537.36 (compatible; Googlebot/2.1; +http://www.google.com/bot.html)"
66.249.65.172 - - [14/Sep/2020:04:02:34 +0000] "GET /ru/item/sorochka-cholovcha-ruchna/ HTTP/1.1" 200 12051 "-" "Mozilla/5.0 (Linux; Android 6.0.1; Nexus 5X Build/MMB29P) AppleWebKit/537.36 (KHTML, like Gecko) Chrome/80.0.3987.92 Mobile Safari/537.36 (compatible; Googlebot/2.1; +http://www.google.com/bot.html)"
66.249.65.172 - - [14/Sep/2020:04:02:55 +0000] "GET /ru/item/bluza-kvtkovij-ornament-3/ HTTP/1.1" 200 13173 "-" "Mozilla/5.0 (Linux; Android 6.0.1; Nexus 5X Build/MMB29P) AppleWebKit/537.36 (KHTML, like Gecko) Chrome/80.0.3987.92 Mobile Safari/537.36 (compatible; Googlebot/2.1; +http://www.google.com/bot.html)"
66.249.65.172 - - [14/Sep/2020:04:02:59 +0000] "GET /ru/item/bluza-kvtkovij-ornament-2/ HTTP/1.1" 200 13160 "-" "Mozilla/5.0 (Linux; Android 6.0.1; Nexus 5X Build/MMB29P) AppleWebKit/537.36 (KHTML, like Gecko) Chrome/80.0.3987.92 Mobile Safari/537.36 (compatible; Googlebot/2.1; +http://www.google.com/bot.html)"
66.249.65.172 - - [14/Sep/2020:04:03:06 +0000] "GET /ru/item/bluza-kvtkovij-ornament-1/ HTTP/1.1" 200 13109 "-" "Mozilla/5.0 (Linux; Android 6.0.1; Nexus 5X Build/MMB29P) AppleWebKit/537.36 (KHTML, like Gecko) Chrome/80.0.3987.92 Mobile Safari/537.36 (compatible; Googlebot/2.1; +http://www.google.com/bot.html)"
66.249.65.172 - - [14/Sep/2020:04:03:11 +0000] "GET /ru/item/suknya-pero-pavicha-sinya/ HTTP/1.1" 200 13388 "-" "Mozilla/5.0 (Linux; Android 6.0.1; Nexus 5X Build/MMB29P) AppleWebKit/537.36 (KHTML, like Gecko) Chrome/80.0.3987.92 Mobile Safari/537.36 (compatible; Googlebot/2.1; +http://www.google.com/bot.html)"
5.188.62.140 - - [14/Sep/2020:04:03:24 +0000] "GET /admin/login/?next=/admin/ HTTP/1.1" 200 1879 "https://starway.agency/admin/login/?next=/admin/" "Mozilla/5.0 (Windows NT 6.2) AppleWebKit/537.36 (KHTML, like Gecko) Chrome/41.0.2227.1 Safari/537.36"
5.188.62.140 - - [14/Sep/2020:04:03:24 +0000] "POST /admin/login/?next=/admin/ HTTP/1.1" 200 2056 "https://starway.agency/admin/login/?next=/admin/" "Mozilla/5.0 (Windows NT 6.2) AppleWebKit/537.36 (KHTML, like Gecko) Chrome/41.0.2227.1 Safari/537.36"
5.188.62.140 - - [14/Sep/2020:04:03:25 +0000] "GET /admin/login/?next=/admin/ HTTP/1.1" 200 1877 "https://starway.agency/admin/login/?next=/admin/" "Mozilla/5.0 (Windows NT 6.2) AppleWebKit/537.36 (KHTML, like Gecko) Chrome/41.0.2227.1 Safari/537.36"
5.188.62.140 - - [14/Sep/2020:04:03:25 +0000] "POST /admin/login/?next=/admin/ HTTP/1.1" 200 2054 "https://starway.agency/admin/login/?next=/admin/" "Mozilla/5.0 (Windows NT 6.2) AppleWebKit/537.36 (KHTML, like Gecko) Chrome/41.0.2227.1 Safari/537.36"
66.249.65.172 - - [14/Sep/2020:04:03:29 +0000] "GET /ru/item/sorochka-cholovcha-16/ HTTP/1.1" 200 14246 "-" "Mozilla/5.0 (Linux; Android 6.0.1; Nexus 5X Build/MMB29P) AppleWebKit/537.36 (KHTML, like Gecko) Chrome/80.0.3987.92 Mobile Safari/537.36 (compatible; Googlebot/2.1; +http://www.google.com/bot.html)"
66.249.65.172 - - [14/Sep/2020:04:03:31 +0000] "GET /ru/items/cholovichi-svitshoti/ HTTP/1.1" 200 10591 "-" "Mozilla/5.0 (Linux; Android 6.0.1; Nexus 5X Build/MMB29P) AppleWebKit/537.36 (KHTML, like Gecko) Chrome/80.0.3987.92 Mobile Safari/537.36 (compatible; Googlebot/2.1; +http://www.google.com/bot.html)"
66.249.65.172 - - [14/Sep/2020:04:03:36 +0000] "GET /ru/item/bluza-vishivanochka-4/ HTTP/1.1" 200 13739 "-" "Mozilla/5.0 (Linux; Android 6.0.1; Nexus 5X Build/MMB29P) AppleWebKit/537.36 (KHTML, like Gecko) Chrome/80.0.3987.92 Mobile Safari/537.36 (compatible; Googlebot/2.1; +http://www.google.com/bot.html)"
66.249.65.172 - - [14/Sep/2020:04:03:44 +0000] "GET /ru/item/sorochka-cholovcha-8/ HTTP/1.1" 200 13562 "-" "Mozilla/5.0 (Linux; Android 6.0.1; Nexus 5X Build/MMB29P) AppleWebKit/537.36 (KHTML, like Gecko) Chrome/80.0.3987.92 Mobile Safari/537.36 (compatible; Googlebot/2.1; +http://www.google.com/bot.html)"
66.249.65.172 - - [14/Sep/2020:04:03:47 +0000] "GET /ru/item/sorochka-cholovcha-17/ HTTP/1.1" 200 14250 "-" "Mozilla/5.0 (Linux; Android 6.0.1; Nexus 5X Build/MMB29P) AppleWebKit/537.36 (KHTML, like Gecko) Chrome/80.0.3987.92 Mobile Safari/537.36 (compatible; Googlebot/2.1; +http://www.google.com/bot.html)"
66.249.65.172 - - [14/Sep/2020:04:03:54 +0000] "GET /ru/item/sorochka-cholovcha-14/ HTTP/1.1" 200 13957 "-" "Mozilla/5.0 (Linux; Android 6.0.1; Nexus 5X Build/MMB29P) AppleWebKit/537.36 (KHTML, like Gecko) Chrome/80.0.3987.92 Mobile Safari/537.36 (compatible; Googlebot/2.1; +http://www.google.com/bot.html)"
66.249.65.176 - - [14/Sep/2020:04:04:05 +0000] "GET /ru/item/suknya-zvuki-lita-sira/ HTTP/1.1" 200 13213 "-" "Mozilla/5.0 (Linux; Android 6.0.1; Nexus 5X Build/MMB29P) AppleWebKit/537.36 (KHTML, like Gecko) Chrome/80.0.3987.92 Mobile Safari/537.36 (compatible; Googlebot/2.1; +http://www.google.com/bot.html)"
66.249.65.172 - - [14/Sep/2020:04:04:09 +0000] "GET /ru/item/kostjum-trikotazhnij-4/ HTTP/1.1" 200 13607 "-" "Mozilla/5.0 (Linux; Android 6.0.1; Nexus 5X Build/MMB29P) AppleWebKit/537.36 (KHTML, like Gecko) Chrome/80.0.3987.92 Mobile Safari/537.36 (compatible; Googlebot/2.1; +http://www.google.com/bot.html)"
66.249.65.172 - - [14/Sep/2020:04:04:18 +0000] "GET /ru/item/svtshot-kazkoviij-svt-sinj/ HTTP/1.1" 200 13743 "-" "Mozilla/5.0 (Linux; Android 6.0.1; Nexus 5X Build/MMB29P) AppleWebKit/537.36 (KHTML, like Gecko) Chrome/80.0.3987.92 Mobile Safari/537.36 (compatible; Googlebot/2.1; +http://www.google.com/bot.html)"
66.249.65.172 - - [14/Sep/2020:04:04:26 +0000] "GET /ru/item/bluza-trojandova-dorzhka-1/ HTTP/1.1" 200 13483 "-" "Mozilla/5.0 (Linux; Android 6.0.1; Nexus 5X Build/MMB29P) AppleWebKit/537.36 (KHTML, like Gecko) Chrome/80.0.3987.92 Mobile Safari/537.36 (compatible; Googlebot/2.1; +http://www.google.com/bot.html)"
66.249.65.172 - - [14/Sep/2020:04:04:35 +0000] "GET /ru/item/svtshot-zorjanij-temno-sinj/ HTTP/1.1" 200 13570 "-" "Mozilla/5.0 (Linux; Android 6.0.1; Nexus 5X Build/MMB29P) AppleWebKit/537.36 (KHTML, like Gecko) Chrome/80.0.3987.92 Mobile Safari/537.36 (compatible; Googlebot/2.1; +http://www.google.com/bot.html)"
93.72.219.226 - - [14/Sep/2020:04:04:39 +0000] "GET /static/img/Mastercard.png HTTP/1.1" 200 1055 "-" "Mozilla/5.0 (Linux; Android 8.0.0; SM-A720F Build/R16NW; wv) AppleWebKit/537.36 (KHTML, like Gecko) Version/4.0 Chrome/68.0.3440.91 Mobile Safari/537.36 Viber/13.5.0.5"
93.72.219.226 - - [14/Sep/2020:04:04:40 +0000] "GET /static/img/Mastercard.png HTTP/1.1" 200 1055 "-" "Mozilla/5.0 (Linux; Android 8.0.0; SM-A720F Build/R16NW; wv) AppleWebKit/537.36 (KHTML, like Gecko) Version/4.0 Chrome/68.0.3440.91 Mobile Safari/537.36 Viber/13.5.0.5"
66.249.65.172 - - [14/Sep/2020:04:04:43 +0000] "GET /ru/item/bluza-makova-gratsja-4/ HTTP/1.1" 200 13551 "-" "Mozilla/5.0 (Linux; Android 6.0.1; Nexus 5X Build/MMB29P) AppleWebKit/537.36 (KHTML, like Gecko) Chrome/80.0.3987.92 Mobile Safari/537.36 (compatible; Googlebot/2.1; +http://www.google.com/bot.html)"
